Component: Arm Compiler for Embedded 6.22 Tool: armlink [5ee90200]

==============================================================================

Section Cross References

    startup_stm32g474xx.o(STACK) refers (Special) to heapauxi.o(.text) for __use_two_region_memory
    startup_stm32g474xx.o(HEAP) refers (Special) to heapauxi.o(.text) for __use_two_region_memory
    startup_stm32g474xx.o(RESET) refers (Special) to heapauxi.o(.text) for __use_two_region_memory
    startup_stm32g474xx.o(RESET) refers to startup_stm32g474xx.o(STACK) for __initial_sp
    startup_stm32g474xx.o(RESET) refers to startup_stm32g474xx.o(.text) for Reset_Handler
    startup_stm32g474xx.o(RESET) refers to stm32g4xx_it.o(.text.NMI_Handler) for NMI_Handler
    startup_stm32g474xx.o(RESET) refers to stm32g4xx_it.o(.text.HardFault_Handler) for HardFault_Handler
    startup_stm32g474xx.o(RESET) refers to stm32g4xx_it.o(.text.MemManage_Handler) for MemManage_Handler
    startup_stm32g474xx.o(RESET) refers to stm32g4xx_it.o(.text.BusFault_Handler) for BusFault_Handler
    startup_stm32g474xx.o(RESET) refers to stm32g4xx_it.o(.text.UsageFault_Handler) for UsageFault_Handler
    startup_stm32g474xx.o(RESET) refers to stm32g4xx_it.o(.text.SVC_Handler) for SVC_Handler
    startup_stm32g474xx.o(RESET) refers to stm32g4xx_it.o(.text.DebugMon_Handler) for DebugMon_Handler
    startup_stm32g474xx.o(RESET) refers to stm32g4xx_it.o(.text.PendSV_Handler) for PendSV_Handler
    startup_stm32g474xx.o(RESET) refers to stm32g4xx_it.o(.text.SysTick_Handler) for SysTick_Handler
    startup_stm32g474xx.o(RESET) refers to stm32g4xx_it.o(.text.DMA1_Channel1_IRQHandler) for DMA1_Channel1_IRQHandler
    startup_stm32g474xx.o(RESET) refers to stm32g4xx_it.o(.text.DMA1_Channel2_IRQHandler) for DMA1_Channel2_IRQHandler
    startup_stm32g474xx.o(RESET) refers to stm32g4xx_it.o(.text.DMA1_Channel3_IRQHandler) for DMA1_Channel3_IRQHandler
    startup_stm32g474xx.o(RESET) refers to stm32g4xx_it.o(.text.DMA1_Channel4_IRQHandler) for DMA1_Channel4_IRQHandler
    startup_stm32g474xx.o(RESET) refers to stm32g4xx_it.o(.text.DMA1_Channel5_IRQHandler) for DMA1_Channel5_IRQHandler
    startup_stm32g474xx.o(RESET) refers to stm32g4xx_it.o(.text.DMA1_Channel6_IRQHandler) for DMA1_Channel6_IRQHandler
    startup_stm32g474xx.o(RESET) refers to stm32g4xx_it.o(.text.DMA1_Channel7_IRQHandler) for DMA1_Channel7_IRQHandler
    startup_stm32g474xx.o(RESET) refers to stm32g4xx_it.o(.text.TIM1_TRG_COM_TIM17_IRQHandler) for TIM1_TRG_COM_TIM17_IRQHandler
    startup_stm32g474xx.o(RESET) refers to stm32g4xx_it.o(.text.I2C1_EV_IRQHandler) for I2C1_EV_IRQHandler
    startup_stm32g474xx.o(RESET) refers to stm32g4xx_it.o(.text.USART1_IRQHandler) for USART1_IRQHandler
    startup_stm32g474xx.o(RESET) refers to stm32g4xx_it.o(.text.USART2_IRQHandler) for USART2_IRQHandler
    startup_stm32g474xx.o(RESET) refers to stm32g4xx_it.o(.text.USART3_IRQHandler) for USART3_IRQHandler
    startup_stm32g474xx.o(RESET) refers to stm32g4xx_it.o(.text.TIM5_IRQHandler) for TIM5_IRQHandler
    startup_stm32g474xx.o(RESET) refers to stm32g4xx_it.o(.text.UART4_IRQHandler) for UART4_IRQHandler
    startup_stm32g474xx.o(RESET) refers to stm32g4xx_it.o(.text.TIM6_DAC_IRQHandler) for TIM6_DAC_IRQHandler
    startup_stm32g474xx.o(RESET) refers to stm32g4xx_it.o(.text.DMA2_Channel1_IRQHandler) for DMA2_Channel1_IRQHandler
    startup_stm32g474xx.o(RESET) refers to stm32g4xx_it.o(.text.DMA2_Channel2_IRQHandler) for DMA2_Channel2_IRQHandler
    startup_stm32g474xx.o(RESET) refers to stm32g4xx_it.o(.text.DMA2_Channel3_IRQHandler) for DMA2_Channel3_IRQHandler
    startup_stm32g474xx.o(RESET) refers to stm32g4xx_it.o(.text.DMA2_Channel4_IRQHandler) for DMA2_Channel4_IRQHandler
    startup_stm32g474xx.o(RESET) refers to stm32g4xx_it.o(.text.DMA2_Channel5_IRQHandler) for DMA2_Channel5_IRQHandler
    startup_stm32g474xx.o(RESET) refers to stm32g4xx_it.o(.text.DMA1_Channel8_IRQHandler) for DMA1_Channel8_IRQHandler
    startup_stm32g474xx.o(.text) refers (Special) to heapauxi.o(.text) for __use_two_region_memory
    startup_stm32g474xx.o(.text) refers to system_stm32g4xx.o(.text.SystemInit) for SystemInit
    startup_stm32g474xx.o(.text) refers to __main.o(!!!main) for __main
    startup_stm32g474xx.o(.text) refers to startup_stm32g474xx.o(HEAP) for Heap_Mem
    startup_stm32g474xx.o(.text) refers to startup_stm32g474xx.o(STACK) for Stack_Mem
    main.o(.text.main) refers to stm32g4xx_hal.o(.text.HAL_Init) for HAL_Init
    main.o(.text.main) refers to rt_memclr_w.o(.text) for __aeabi_memclr4
    main.o(.text.main) refers to stm32g4xx_hal_pwr_ex.o(.text.HAL_PWREx_ControlVoltageScaling) for HAL_PWREx_ControlVoltageScaling
    main.o(.text.main) refers to stm32g4xx_hal_rcc.o(.text.HAL_RCC_OscConfig) for HAL_RCC_OscConfig
    main.o(.text.main) refers to stm32g4xx_hal_rcc.o(.text.HAL_RCC_ClockConfig) for HAL_RCC_ClockConfig
    main.o(.text.main) refers to gpio.o(.text.MX_GPIO_Init) for MX_GPIO_Init
[...]
    __rt_memclr_w                            0x080004bd   Thumb Code     0  rt_memclr_w.o(.text)
    _memset_w                                0x080004c1   Thumb Code    74  rt_memclr_w.o(.text)
    __use_two_region_memory                  0x0800050b   Thumb Code     2  heapauxi.o(.text)
    __rt_heap_escrow$2region                 0x0800050d   Thumb Code     2  heapauxi.o(.text)
    __rt_heap_expand$2region                 0x0800050f   Thumb Code     2  heapauxi.o(.text)
    _printf_pre_padding                      0x08000511   Thumb Code    44  _printf_pad.o(.text)
    _printf_post_padding                     0x0800053d   Thumb Code    34  _printf_pad.o(.text)
    _printf_truncate_signed                  0x0800055f   Thumb Code    18  _printf_truncate.o(.text)
    _printf_truncate_unsigned                0x08000571   Thumb Code    18  _printf_truncate.o(.text)
    _printf_str                              0x08000583   Thumb Code    82  _printf_str.o(.text)
    _printf_int_dec                          0x080005d5   Thumb Code   104  _printf_dec.o(.text)
    _printf_charcount                        0x0800064d   Thumb Code    40  _printf_charcount.o(.text)
    _printf_char_common                      0x0800067f   Thumb Code    32  _printf_char_common.o(.text)
    _snputc                                  0x080006a5   Thumb Code    16  _snputc.o(.text)
    _printf_wctomb                           0x080006b5   Thumb Code   182  _printf_wctomb.o(.text)
    _printf_longlong_dec                     0x08000771   Thumb Code   108  _printf_longlong_dec.o(.text)
    _printf_longlong_oct                     0x080007ed   Thumb Code    68  _printf_oct_int_ll.o(.text)
    _printf_int_oct                          0x08000831   Thumb Code    24  _printf_oct_int_ll.o(.text)
    _printf_ll_oct                           0x08000849   Thumb Code    12  _printf_oct_int_ll.o(.text)
    _printf_longlong_hex                     0x0800085d   Thumb Code    86  _printf_hex_int_ll_ptr.o(.text)
    _printf_int_hex                          0x080008b3   Thumb Code    28  _printf_hex_int_ll_ptr.o(.text)
    _printf_ll_hex                           0x080008cf   Thumb Code    12  _printf_hex_int_ll_ptr.o(.text)
    _printf_hex_ptr                          0x080008db   Thumb Code    18  _printf_hex_int_ll_ptr.o(.text)
    __printf                                 0x080008f1   Thumb Code   388  __printf_flags_ss_wp.o(.text)
    __user_libspace                          0x08000a79   Thumb Code     8  libspace.o(.text)
    __user_perproc_libspace                  0x08000a79   Thumb Code     0  libspace.o(.text)
    __user_perthread_libspace                0x08000a79   Thumb Code     0  libspace.o(.text)
    __rt_ctype_table                         0x08000a81   Thumb Code    16  rt_ctype_table.o(.text)
    _ll_udiv10                               0x08000a91   Thumb Code   138  lludiv10.o(.text)
    _printf_int_common                       0x08000b1b   Thumb Code   178  _printf_intcommon.o(.text)
    _printf_fp_dec_real                      0x08000d7d   Thumb Code   620  _printf_fp_dec.o(.text)
    _printf_fp_hex_real                      0x08000fe9   Thumb Code   756  _printf_fp_hex.o(.text)
    _printf_cs_common                        0x080012e5   Thumb Code    20  _printf_char.o(.text)
    _printf_char                             0x080012f9   Thumb Code    16  _printf_char.o(.text)
    _printf_string                           0x08001309   Thumb Code     8  _printf_char.o(.text)
    _printf_lcs_common                       0x08001311   Thumb Code    20  _printf_wchar.o(.text)
    _printf_wchar                            0x08001325   Thumb Code    16  _printf_wchar.o(.text)
    _printf_wstring                          0x08001335   Thumb Code     8  _printf_wchar.o(.text)
    _c16rtomb                                0x0800133d   Thumb Code    72  _c16rtomb.o(.text)
    _wcrtomb                                 0x0800133d   Thumb Code     0  _c16rtomb.o(.text)
    __user_setup_stackheap                   0x08001385   Thumb Code    74  sys_stackheap_outer.o(.text)
    __rt_locale                              0x080013d1   Thumb Code     8  rt_locale_intlibspace.o(.text)
    _printf_fp_infnan                        0x080013d9   Thumb Code   112  _printf_fp_infnan.o(.text)
    _btod_etento                             0x08001459   Thumb Code   224  bigflt0.o(.text)
    exit                                     0x0800153d   Thumb Code    18  exit.o(.text)
    strcmp                                   0x08001551   Thumb Code   124  strcmpv7em.o(.text)
    _sys_exit                                0x080015cd   Thumb Code     8  sys_exit.o(.text)
    __I$use$semihosting                      0x080015d9   Thumb Code     0  use_no_semi.o(.text)
    __use_no_semihosting_swi                 0x080015d9   Thumb Code     2  use_no_semi.o(.text)
    __semihosting_library_function           0x080015db   Thumb Code     0  indicate_semi.o(.text)
    ADC_ConversionStop                       0x080015dd   Thumb Code   218  stm32g4xx_hal_adc.o(.text.ADC_ConversionStop)
    ADC_Disable                              0x080016b9   Thumb Code   126  stm32g4xx_hal_adc.o(.text.ADC_Disable)
    ADC_Enable                               0x08001739   Thumb Code   124  stm32g4xx_hal_adc.o(.text.ADC_Enable)
    BusFault_Handler                         0x080017b5   Thumb Code     2  stm32g4xx_it.o(.text.BusFault_Handler)
    DMA1_Channel1_IRQHandler                 0x080017b9   Thumb Code    12  stm32g4xx_it.o(.text.DMA1_Channel1_IRQHandler)
    DMA1_Channel2_IRQHandler                 0x080017c5   Thumb Code    12  stm32g4xx_it.o(.text.DMA1_Channel2_IRQHandler)
    DMA1_Channel3_IRQHandler                 0x080017d1   Thumb Code    12  stm32g4xx_it.o(.text.DMA1_Channel3_IRQHandler)
    DMA1_Channel4_IRQHandler                 0x080017dd   Thumb Code    12  stm32g4xx_it.o(.text.DMA1_Channel4_IRQHandler)
    DMA1_Channel5_IRQHandler                 0x080017e9   Thumb Code    12  stm32g4xx_it.o(.text.DMA1_Channel5_IRQHandler)
    DMA1_Channel6_IRQHandler                 0x080017f5   Thumb Code    12  stm32g4xx_it.o(.text.DMA1_Channel6_IRQHandler)
    DMA1_Channel7_IRQHandler                 0x08001801   Thumb Code    12  stm32g4xx_it.o(.text.DMA1_Channel7_IRQHandler)
    DMA1_Channel8_IRQHandler                 0x0800180d   Thumb Code    12  stm32g4xx_it.o(.text.DMA1_Channel8_IRQHandler)
    DMA2_Channel1_IRQHandler                 0x08001819   Thumb Code    12  stm32g4xx_it.o(.text.DMA2_Channel1_IRQHandler)
    DMA2_Channel2_IRQHandler                 0x08001825   Thumb Code    12  stm32g4xx_it.o(.text.DMA2_Channel2_IRQHandler)
    DMA2_Channel3_IRQHandler                 0x08001831   Thumb Code    12  stm32g4xx_it.o(.text.DMA2_Channel3_IRQHandler)
    DMA2_Channel4_IRQHandler                 0x0800183d   Thumb Code    12  stm32g4xx_it.o(.text.DMA2_Channel4_IRQHandler)
    DMA2_Channel5_IRQHandler                 0x08001849   Thumb Code    12  stm32g4xx_it.o(.text.DMA2_Channel5_IRQHandler)
    DebugMon_Handler                         0x08001855   Thumb Code     2  stm32g4xx_it.o(.text.DebugMon_Handler)
    Error_Handler                            0x08001859   Thumb Code    10  main.o(.text.Error_Handler)
    HAL_ADCEx_MultiModeConfigChannel         0x08001865   Thumb Code   308  stm32g4xx_hal_adc_ex.o(.text.HAL_ADCEx_MultiModeConfigChannel)
    HAL_ADC_ConfigChannel                    0x08001999   Thumb Code   864  stm32g4xx_hal_adc.o(.text.HAL_ADC_ConfigChannel)
    HAL_ADC_GetValue                         0x08001cf9   Thumb Code     6  stm32g4xx_hal_adc.o(.text.HAL_ADC_GetValue)
    HAL_ADC_Init                             0x08001d01   Thumb Code   550  stm32g4xx_hal_adc.o(.text.HAL_ADC_Init)
    HAL_ADC_MspInit                          0x08001f29   Thumb Code   208  adc.o(.text.HAL_ADC_MspInit)
    HAL_ADC_PollForConversion                0x08001ff9   Thumb Code   366  stm32g4xx_hal_adc.o(.text.HAL_ADC_PollForConversion)
    HAL_ADC_Start                            0x08002169   Thumb Code   302  stm32g4xx_hal_adc.o(.text.HAL_ADC_Start)
    HAL_ADC_Stop                             0x08002299   Thumb Code    60  stm32g4xx_hal_adc.o(.text.HAL_ADC_Stop)
    HAL_DMA_Abort                            0x080022d5   Thumb Code   110  stm32g4xx_hal_dma.o(.text.HAL_DMA_Abort)
    HAL_DMA_Abort_IT                         0x08002345   Thumb Code   126  stm32g4xx_hal_dma.o(.text.HAL_DMA_Abort_IT)
    HAL_DMA_IRQHandler                       0x080023c5   Thumb Code   156  stm32g4xx_hal_dma.o(.text.HAL_DMA_IRQHandler)
    HAL_DMA_Init                             0x08002461   Thumb Code   290  stm32g4xx_hal_dma.o(.text.HAL_DMA_Init)
    HAL_Delay                                0x08002585   Thumb Code    40  stm32g4xx_hal.o(.text.HAL_Delay)
    HAL_GPIO_Init                            0x080025ad   Thumb Code   416  stm32g4xx_hal_gpio.o(.text.HAL_GPIO_Init)
    HAL_GPIO_ReadPin                         0x0800274d   Thumb Code    10  stm32g4xx_hal_gpio.o(.text.HAL_GPIO_ReadPin)
    HAL_GPIO_WritePin                        0x08002759   Thumb Code    12  stm32g4xx_hal_gpio.o(.text.HAL_GPIO_WritePin)
    HAL_GetTick                              0x08002765   Thumb Code    12  stm32g4xx_hal.o(.text.HAL_GetTick)
    HAL_I2CEx_ConfigAnalogFilter             0x08002771   Thumb Code    74  stm32g4xx_hal_i2c_ex.o(.text.HAL_I2CEx_ConfigAnalogFilter)
    HAL_I2CEx_ConfigDigitalFilter            0x080027bd   Thumb Code    72  stm32g4xx_hal_i2c_ex.o(.text.HAL_I2CEx_ConfigDigitalFilter)
    HAL_I2C_EV_IRQHandler                    0x08002805   Thumb Code    16  stm32g4xx_hal_i2c.o(.text.HAL_I2C_EV_IRQHandler)
    HAL_I2C_Init                             0x08002815   Thumb Code   164  stm32g4xx_hal_i2c.o(.text.HAL_I2C_Init)
    HAL_I2C_Mem_Read                         0x080028b9   Thumb Code   498  stm32g4xx_hal_i2c.o(.text.HAL_I2C_Mem_Read)
    HAL_I2C_MspInit                          0x08002aad   Thumb Code   548  i2c.o(.text.HAL_I2C_MspInit)
    HAL_IncTick                              0x08002cd1   Thumb Code    26  stm32g4xx_hal.o(.text.HAL_IncTick)
    HAL_Init                                 0x08002ced   Thumb Code    30  stm32g4xx_hal.o(.text.HAL_Init)
    HAL_InitTick                             0x08002d0d   Thumb Code    90  stm32g4xx_hal.o(.text.HAL_InitTick)
    HAL_MspInit                              0x08002d69   Thumb Code    52  stm32g4xx_hal_msp.o(.text.HAL_MspInit)
    HAL_NVIC_EnableIRQ                       0x08002d9d   Thumb Code    34  stm32g4xx_hal_cortex.o(.text.HAL_NVIC_EnableIRQ)
    HAL_NVIC_SetPriority                     0x08002dc1   Thumb Code    86  stm32g4xx_hal_cortex.o(.text.HAL_NVIC_SetPriority)
    HAL_NVIC_SetPriorityGrouping             0x08002e19   Thumb Code    32  stm32g4xx_hal_cortex.o(.text.HAL_NVIC_SetPriorityGrouping)
    HAL_PWREx_ControlVoltageScaling          0x08002e39   Thumb Code   242  stm32g4xx_hal_pwr_ex.o(.text.HAL_PWREx_ControlVoltageScaling)
    HAL_PWREx_DisableUCPDDeadBattery         0x08002f2d   Thumb Code    18  stm32g4xx_hal_pwr_ex.o(.text.HAL_PWREx_DisableUCPDDeadBattery)
    HAL_RCCEx_PeriphCLKConfig                0x08002f41   Thumb Code   808  stm32g4xx_hal_rcc_ex.o(.text.HAL_RCCEx_PeriphCLKConfig)
    HAL_RCC_ClockConfig                      0x08003269   Thumb Code   786  stm32g4xx_hal_rcc.o(.text.HAL_RCC_ClockConfig)
    HAL_RCC_GetPCLK1Freq                     0x0800357d   Thumb Code    42  stm32g4xx_hal_rcc.o(.text.HAL_RCC_GetPCLK1Freq)
    HAL_RCC_GetPCLK2Freq                     0x080035a9   Thumb Code    42  stm32g4xx_hal_rcc.o(.text.HAL_RCC_GetPCLK2Freq)
    HAL_RCC_GetSysClockFreq                  0x080035d5   Thumb Code   130  stm32g4xx_hal_rcc.o(.text.HAL_RCC_GetSysClockFreq)
    HAL_RCC_OscConfig                        0x08003659   Thumb Code  1170  stm32g4xx_hal_rcc.o(.text.HAL_RCC_OscConfig)
    HAL_SPI_Init                             0x08003aed   Thumb Code   228  stm32g4xx_hal_spi.o(.text.HAL_SPI_Init)
    HAL_SPI_MspInit                          0x08003bd1   Thumb Code   108  spi.o(.text.HAL_SPI_MspInit)
    HAL_SYSTICK_Config                       0x08003c3d   Thumb Code    44  stm32g4xx_hal_cortex.o(.text.HAL_SYSTICK_Config)
    HAL_TIMEx_Break2Callback                 0x08003c69   Thumb Code     2  stm32g4xx_hal_tim_ex.o(.text.HAL_TIMEx_Break2Callback)
    HAL_TIMEx_BreakCallback                  0x08003c6d   Thumb Code     2  stm32g4xx_hal_tim_ex.o(.text.HAL_TIMEx_BreakCallback)
    HAL_TIMEx_CommutCallback                 0x08003c71   Thumb Code     2  stm32g4xx_hal_tim_ex.o(.text.HAL_TIMEx_CommutCallback)
    HAL_TIMEx_ConfigBreakDeadTime            0x08003c75   Thumb Code   240  stm32g4xx_hal_tim_ex.o(.text.HAL_TIMEx_ConfigBreakDeadTime)
    HAL_TIMEx_DirectionChangeCallback        0x08003d65   Thumb Code     2  stm32g4xx_hal_tim_ex.o(.text.HAL_TIMEx_DirectionChangeCallback)
    HAL_TIMEx_EncoderIndexCallback           0x08003d69   Thumb Code     2  stm32g4xx_hal_tim_ex.o(.text.HAL_TIMEx_EncoderIndexCallback)
    HAL_TIMEx_IndexErrorCallback             0x08003d6d   Thumb Code     2  stm32g4xx_hal_tim_ex.o(.text.HAL_TIMEx_IndexErrorCallback)
    HAL_TIMEx_MasterConfigSynchronization    0x08003d71   Thumb Code   222  stm32g4xx_hal_tim_ex.o(.text.HAL_TIMEx_MasterConfigSynchronization)
    HAL_TIMEx_TransitionErrorCallback        0x08003e51   Thumb Code     2  stm32g4xx_hal_tim_ex.o(.text.HAL_TIMEx_TransitionErrorCallback)
    HAL_TIM_Base_Init                        0x08003e55   Thumb Code    98  stm32g4xx_hal_tim.o(.text.HAL_TIM_Base_Init)
    HAL_TIM_Base_MspInit                     0x08003eb9   Thumb Code   160  tim.o(.text.HAL_TIM_Base_MspInit)
    HAL_TIM_Base_Start_IT                    0x08003f59   Thumb Code   182  stm32g4xx_hal_tim.o(.text.HAL_TIM_Base_Start_IT)
    HAL_TIM_ConfigClockSource                0x08004011   Thumb Code   540  stm32g4xx_hal_tim.o(.text.HAL_TIM_ConfigClockSource)
    HAL_TIM_Encoder_Init                     0x0800422d   Thumb Code   182  stm32g4xx_hal_tim.o(.text.HAL_TIM_Encoder_Init)
    HAL_TIM_Encoder_MspInit                  0x080042e5   Thumb Code   376  tim.o(.text.HAL_TIM_Encoder_MspInit)
    HAL_TIM_Encoder_Start                    0x0800445d   Thumb Code   188  stm32g4xx_hal_tim.o(.text.HAL_TIM_Encoder_Start)
    HAL_TIM_IC_CaptureCallback               0x08004519   Thumb Code     2  stm32g4xx_hal_tim.o(.text.HAL_TIM_IC_CaptureCallback)
    HAL_TIM_IRQHandler                       0x0800451d   Thumb Code   512  stm32g4xx_hal_tim.o(.text.HAL_TIM_IRQHandler)
    HAL_TIM_OC_DelayElapsedCallback          0x0800471d   Thumb Code     2  stm32g4xx_hal_tim.o(.text.HAL_TIM_OC_DelayElapsedCallback)
    HAL_TIM_PWM_ConfigChannel                0x08004721   Thumb Code  1006  stm32g4xx_hal_tim.o(.text.HAL_TIM_PWM_ConfigChannel)
    HAL_TIM_PWM_Init                         0x08004b11   Thumb Code    98  stm32g4xx_hal_tim.o(.text.HAL_TIM_PWM_Init)
    HAL_TIM_PWM_MspInit                      0x08004b75   Thumb Code    48  tim.o(.text.HAL_TIM_PWM_MspInit)
    HAL_TIM_PWM_PulseFinishedCallback        0x08004ba5   Thumb Code     2  stm32g4xx_hal_tim.o(.text.HAL_TIM_PWM_PulseFinishedCallback)
    HAL_TIM_PWM_Start                        0x08004ba9   Thumb Code   358  stm32g4xx_hal_tim.o(.text.HAL_TIM_PWM_Start)
    HAL_TIM_PeriodElapsedCallback            0x08004d11   Thumb Code  1160  timer_it.o(.text.HAL_TIM_PeriodElapsedCallback)
    HAL_TIM_TriggerCallback                  0x080051b1   Thumb Code     2  stm32g4xx_hal_tim.o(.text.HAL_TIM_TriggerCallback)
    HAL_UARTEx_DisableFifoMode               0x080051b5   Thumb Code    54  stm32g4xx_hal_uart_ex.o(.text.HAL_UARTEx_DisableFifoMode)
    HAL_UARTEx_RxEventCallback               0x080051ed   Thumb Code     2  stm32g4xx_hal_uart.o(.text.HAL_UARTEx_RxEventCallback)
    HAL_UARTEx_RxFifoFullCallback            0x080051f1   Thumb Code     2  stm32g4xx_hal_uart_ex.o(.text.HAL_UARTEx_RxFifoFullCallback)
    HAL_UARTEx_SetRxFifoThreshold            0x080051f5   Thumb Code   146  stm32g4xx_hal_uart_ex.o(.text.HAL_UARTEx_SetRxFifoThreshold)
    HAL_UARTEx_SetTxFifoThreshold            0x08005289   Thumb Code   146  stm32g4xx_hal_uart_ex.o(.text.HAL_UARTEx_SetTxFifoThreshold)
    HAL_UARTEx_TxFifoEmptyCallback           0x0800531d   Thumb Code     2  stm32g4xx_hal_uart_ex.o(.text.HAL_UARTEx_TxFifoEmptyCallback)
    HAL_UARTEx_WakeupCallback                0x08005321   Thumb Code     2  stm32g4xx_hal_uart_ex.o(.text.HAL_UARTEx_WakeupCallback)
    HAL_UART_ErrorCallback                   0x08005325   Thumb Code     2  stm32g4xx_hal_uart.o(.text.HAL_UART_ErrorCallback)
    HAL_UART_IRQHandler                      0x08005329   Thumb Code   898  stm32g4xx_hal_uart.o(.text.HAL_UART_IRQHandler)
    HAL_UART_Init                            0x080056ad   Thumb Code   202  stm32g4xx_hal_uart.o(.text.HAL_UART_Init)
    HAL_UART_MspInit                         0x08005779   Thumb Code   984  usart.o(.text.HAL_UART_MspInit)
    HAL_UART_Transmit                        0x08005b51   Thumb Code   214  stm32g4xx_hal_uart.o(.text.HAL_UART_Transmit)
    HAL_UART_TxCpltCallback                  0x08005c29   Thumb Code     2  stm32g4xx_hal_uart.o(.text.HAL_UART_TxCpltCallback)
    HardFault_Handler                        0x08005c2d   Thumb Code     2  stm32g4xx_it.o(.text.HardFault_Handler)
    I2C1_EV_IRQHandler                       0x08005c31   Thumb Code    12  stm32g4xx_it.o(.text.I2C1_EV_IRQHandler)
    MX_ADC3_Init                             0x08005ec1   Thumb Code   180  adc.o(.text.MX_ADC3_Init)
    MX_DMA_Init                              0x08005f75   Thumb Code   280  dma.o(.text.MX_DMA_Init)
    MX_GPIO_Init                             0x0800608d   Thumb Code   418  gpio.o(.text.MX_GPIO_Init)
    MX_I2C1_Init                             0x08006231   Thumb Code   108  i2c.o(.text.MX_I2C1_Init)
    MX_I2C2_Init                             0x0800629d   Thumb Code   108  i2c.o(.text.MX_I2C2_Init)
    MX_SPI1_Init                             0x08006309   Thumb Code    78  spi.o(.text.MX_SPI1_Init)
    MX_TIM15_Init                            0x08006359   Thumb Code   416  tim.o(.text.MX_TIM15_Init)
    MX_TIM1_Init                             0x080064f9   Thumb Code   124  tim.o(.text.MX_TIM1_Init)
    MX_TIM2_Init                             0x08006575   Thumb Code   116  tim.o(.text.MX_TIM2_Init)
    MX_TIM3_Init                             0x080065e9   Thumb Code   120  tim.o(.text.MX_TIM3_Init)
    MX_TIM4_Init                             0x08006661   Thumb Code   120  tim.o(.text.MX_TIM4_Init)
    MX_TIM5_Init                             0x080066d9   Thumb Code   128  tim.o(.text.MX_TIM5_Init)
    MX_TIM6_Init                             0x08006759   Thumb Code    84  tim.o(.text.MX_TIM6_Init)
    MX_TIM8_Init                             0x080067ad   Thumb Code   424  tim.o(.text.MX_TIM8_Init)
    MX_UART4_Init                            0x08006955   Thumb Code   130  usart.o(.text.MX_UART4_Init)
    MX_USART1_UART_Init                      0x080069d9   Thumb Code   130  usart.o(.text.MX_USART1_UART_Init)
    MX_USART2_UART_Init                      0x08006a5d   Thumb Code   130  usart.o(.text.MX_USART2_UART_Init)
    MX_USART3_UART_Init                      0x08006ae1   Thumb Code   130  usart.o(.text.MX_USART3_UART_Init)
    MemManage_Handler                        0x08006b65   Thumb Code     2  stm32g4xx_it.o(.text.MemManage_Handler)
    NMI_Handler                              0x08006b69   Thumb Code     2  stm32g4xx_it.o(.text.NMI_Handler)
    PendSV_Handler                           0x08006b6d   Thumb Code     2  stm32g4xx_it.o(.text.PendSV_Handler)
    SVC_Handler                              0x08006b71   Thumb Code     2  stm32g4xx_it.o(.text.SVC_Handler)
    SysTick_Handler                          0x08006b75   Thumb Code     4  stm32g4xx_it.o(.text.SysTick_Handler)
    SystemInit                               0x08006b79   Thumb Code    18  system_stm32g4xx.o(.text.SystemInit)
    TIM1_TRG_COM_TIM17_IRQHandler            0x08006b8d   Thumb Code    12  stm32g4xx_it.o(.text.TIM1_TRG_COM_TIM17_IRQHandler)
    TIM5_IRQHandler                          0x08006b99   Thumb Code    12  stm32g4xx_it.o(.text.TIM5_IRQHandler)
    TIM6_DAC_IRQHandler                      0x08006ba5   Thumb Code    12  stm32g4xx_it.o(.text.TIM6_DAC_IRQHandler)
    TIM_Base_SetConfig                       0x08006bb1   Thumb Code   320  stm32g4xx_hal_tim.o(.text.TIM_Base_SetConfig)
    UART4_IRQHandler                         0x08006cf1   Thumb Code    12  stm32g4xx_it.o(.text.UART4_IRQHandler)
    UART_AdvFeatureConfig                    0x08006cfd   Thumb Code   230  stm32g4xx_hal_uart.o(.text.UART_AdvFeatureConfig)
    UART_SetConfig                           0x08006df5   Thumb Code   688  stm32g4xx_hal_uart.o(.text.UART_SetConfig)
    UART_WaitOnFlagUntilTimeout              0x080070b5   Thumb Code   232  stm32g4xx_hal_uart.o(.text.UART_WaitOnFlagUntilTimeout)
    USART1_IRQHandler                        0x0800719d   Thumb Code    12  stm32g4xx_it.o(.text.USART1_IRQHandler)
    USART2_IRQHandler                        0x080071a9   Thumb Code    12  stm32g4xx_it.o(.text.USART2_IRQHandler)
    USART3_IRQHandler                        0x080071b5   Thumb Code    12  stm32g4xx_it.o(.text.USART3_IRQHandler)
    UsageFault_Handler                       0x080071c1   Thumb Code     2  stm32g4xx_it.o(.text.UsageFault_Handler)
    after_init_state                         0x080071c5   Thumb Code    48  status.o(.text.after_init_state)
    compute_pid                              0x080071f5   Thumb Code   144  pid.o(.text.compute_pid)
    correct_gw_analogue                      0x08007289   Thumb Code   384  gw_analogue.o(.text.correct_gw_analogue)
    driver_BUZZER                            0x0800741d   Thumb Code    44  buzzer.o(.text.driver_BUZZER)
    driver_LED                               0x08007449   Thumb Code   122  led.o(.text.driver_LED)
    driver_button                            0x080074c5   Thumb Code   478  button.o(.text.driver_button)
    driver_servo                             0x080076a9   Thumb Code    96  servo.o(.text.driver_servo)
    driver_wheel                             0x08007721   Thumb Code   192  wheel.o(.text.driver_wheel)
    follow_line                              0x080077e1   Thumb Code   516  status.o(.text.follow_line)
    get_gw_analoge_digital_data              0x080079e5   Thumb Code    60  gw_analogue.o(.text.get_gw_analoge_digital_data)
    get_gw_analogue_analogue_diff            0x08007a21   Thumb Code   224  gw_analogue.o(.text.get_gw_analogue_analogue_diff)
    get_gw_raw_data                          0x08007b09   Thumb Code    58  gw_analogue.o(.text.get_gw_raw_data)
    get_gyr_raw_data                         0x08007b45   Thumb Code    32  gy901.o(.text.get_gyr_raw_data)
    get_gyr_value                            0x08007b69   Thumb Code   144  gy901.o(.text.get_gyr_value)
    get_road_type                            0x08007c0d   Thumb Code   632  road.o(.text.get_road_type)
    get_wheel_speed                          0x08007ef5   Thumb Code    66  wheel.o(.text.get_wheel_speed)
    init_BUZZER                              0x08007f39   Thumb Code    10  buzzer.o(.text.init_BUZZER)
    init_LED                                 0x08007f45   Thumb Code    10  led.o(.text.init_LED)
    init_button                              0x08007f51   Thumb Code    20  button.o(.text.init_button)
    init_gw_8bit                             0x08007f65   Thumb Code   144  gw_find_line.o(.text.init_gw_8bit)
    init_gw_analogue                         0x08007ff9   Thumb Code   156  gw_analogue.o(.text.init_gw_analogue)
    init_gyr                                 0x08008095   Thumb Code    92  gy901.o(.text.init_gyr)
    init_pid                                 0x080080fd   Thumb Code    26  pid.o(.text.init_pid)
    init_servo                               0x08008119   Thumb Code   136  servo.o(.text.init_servo)
    init_status                              0x080081b9   Thumb Code   344  status.o(.text.init_status)
    init_wheel                               0x08008325   Thumb Code   196  wheel.o(.text.init_wheel)
    log_uprintf                              0x080083ed   Thumb Code    82  log.o(.text.log_uprintf)
    main                                     0x08008441   Thumb Code   222  main.o(.text.main)
    select_channel                           0x08008521   Thumb Code    54  gw_analogue.o(.text.select_channel)
    set_wheel_dir                            0x08008559   Thumb Code   270  wheel.o(.text.set_wheel_dir)
    update_status                            0x08008669   Thumb Code   576  status.o(.text.update_status)
    _btod_d2e                                0x080088c9   Thumb Code    62  btod.o(CL$$btod_d2e)
    _d2e_denorm_low                          0x08008907   Thumb Code    70  btod.o(CL$$btod_d2e_denorm_low)
    _d2e_norm_op1                            0x0800894d   Thumb Code    96  btod.o(CL$$btod_d2e_norm_op1)
    __btod_div_common                        0x080089ad   Thumb Code   696  btod.o(CL$$btod_div_common)
    _e2e                                     0x08008ce5   Thumb Code   220  btod.o(CL$$btod_e2e)
    _btod_ediv                               0x08008dc1   Thumb Code    42  btod.o(CL$$btod_ediv)
    _btod_emul                               0x08008deb   Thumb Code    42  btod.o(CL$$btod_emul)
    __btod_mult_common                       0x08008e15   Thumb Code   580  btod.o(CL$$btod_mult_common)
    __ARM_fpclassify                         0x08009059   Thumb Code    48  fpclassify.o(i.__ARM_fpclassify)
    _is_digit                                0x08009089   Thumb Code    14  __printf_wp.o(i._is_digit)
    _get_lc_ctype                            0x08009099   Thumb Code    44  lc_ctype_c.o(locale$$code)
    _get_lc_numeric                          0x080090c5   Thumb Code    44  lc_numeric_c.o(locale$$code)
    __aeabi_d2f                              0x080090f1   Thumb Code     0  d2f.o(x$fpl$d2f)
    _d2f                                     0x080090f1   Thumb Code    98  d2f.o(x$fpl$d2f)
    __aeabi_dadd                             0x08009155   Thumb Code     0  daddsub_clz.o(x$fpl$dadd)
    _dadd                                    0x08009155   Thumb Code   332  daddsub_clz.o(x$fpl$dadd)
    __aeabi_d2iz                             0x080092a5   Thumb Code     0  dfix.o(x$fpl$dfix)
    _dfix                                    0x080092a5   Thumb Code    94  dfix.o(x$fpl$dfix)
    __aeabi_i2d                              0x08009303   Thumb Code     0  dflt_clz.o(x$fpl$dflt)
    _dflt                                    0x08009303   Thumb Code    46  dflt_clz.o(x$fpl$dflt)
    __aeabi_ui2d                             0x08009331   Thumb Code     0  dflt_clz.o(x$fpl$dfltu)
    _dfltu                                   0x08009331   Thumb Code    38  dflt_clz.o(x$fpl$dfltu)
    __aeabi_dmul                             0x08009359   Thumb Code     0  dmul.o(x$fpl$dmul)
    _dmul                                    0x08009359   Thumb Code   332  dmul.o(x$fpl$dmul)
    __fpl_dnaninf                            0x080094ad   Thumb Code   156  dnaninf.o(x$fpl$dnaninf)
    __fpl_dretinf                            0x08009549   Thumb Code    12  dretinf.o(x$fpl$dretinf)
    __aeabi_dsub                             0x08009555   Thumb Code     0  daddsub_clz.o(x$fpl$dsub)
    _dsub                                    0x08009555   Thumb Code   472  daddsub_clz.o(x$fpl$dsub)
    __aeabi_f2d                              0x08009731   Thumb Code     0  f2d.o(x$fpl$f2d)
    _f2d                                     0x08009731   Thumb Code    86  f2d.o(x$fpl$f2d)
    __fpl_fnaninf                            0x08009787   Thumb Code   140  fnaninf.o(x$fpl$fnaninf)
    _fp_init                                 0x08009813   Thumb Code    26  fpinit.o(x$fpl$fpinit)
    __fplib_config_fpu_vfp                   0x0800982b   Thumb Code     0  fpinit.o(x$fpl$fpinit)
    __fplib_config_pureend_doubles           0x0800982b   Thumb Code     0  fpinit.o(x$fpl$fpinit)
    __fpl_fretinf                            0x0800982d   Thumb Code    10  fretinf.o(x$fpl$fretinf)
    _printf_fp_dec                           0x08009837   Thumb Code     4  printf1.o(x$fpl$printf1)
    _printf_fp_hex                           0x0800983b   Thumb Code     4  printf2.o(x$fpl$printf2)
    __I$use$fp                               0x0800983e   Number         0  usenofp.o(x$fpl$usenofp)
    AHBPrescTable                            0x0800993c   Data          16  system_stm32g4xx.o(.rodata.AHBPrescTable)
    APBPrescTable                            0x0800994c   Data           8  system_stm32g4xx.o(.rodata.APBPrescTable)
    UARTPrescTable                           0x08009954   Data          24  stm32g4xx_hal_uart.o(.rodata.UARTPrescTable)
    Region$$Table$$Base                      0x08009990   Number         0  anon$$obj.o(Region$$Table)
    Region$$Table$$Limit                     0x080099b0   Number         0  anon$$obj.o(Region$$Table)
    __ctype                                  0x080099bd   Data           0  lc_ctype_c.o(locale$$data)
    SystemCoreClock                          0x20000000   Data           4  system_stm32g4xx.o(.data.SystemCoreClock)
    cnt                                      0x20000004   Data           1  status.o(.data.cnt)
    distance                                 0x20000008   Data          32  gw_analogue.o(.data.distance)
    find_voice                               0x20000028   Data           3  timer_it.o(.data.find_voice)
    flag                                     0x2000002b   Data           1  status.o(.data.flag)
    keep_angle_time                          0x2000002c   Data           4  status.o(.data.keep_angle_time)
    maixcam                                  0x20000030   Data           3  timer_it.o(.data.maixcam)
    road_buf                                 0x20000033   Data           1  status.o(.data.road_buf)
    rw_time_cur                              0x20000034   Data           4  status.o(.data.rw_time_cur)
    rw_time_tar                              0x20000038   Data           4  status.o(.data.rw_time_tar)
    uwTickFreq                               0x2000003c   Data           4  stm32g4xx_hal.o(.data.uwTickFreq)
    uwTickPrio                               0x20000040   Data           4  stm32g4xx_hal.o(.data.uwTickPrio)
    __libspace_start                         0x20000048   Data          96  libspace.o(.bss)
    __temporary_stack_top$libspace           0x200000a8   Data           0  libspace.o(.bss)
    button_2_cnt                             0x200000a8   Data           1  button.o(.bss.button_2_cnt)
    cross_cnt                                0x200000a9   Data           1  road.o(.bss.cross_cnt)
    cross_delay                              0x200000aa   Data           1  status.o(.bss.cross_delay)
    hadc3                                    0x200000ac   Data         108  adc.o(.bss.hadc3)
    hdma_adc3                                0x20000118   Data          96  adc.o(.bss.hdma_adc3)
    hdma_i2c1_rx                             0x20000178   Data          96  i2c.o(.bss.hdma_i2c1_rx)
    hdma_i2c1_tx                             0x200001d8   Data          96  i2c.o(.bss.hdma_i2c1_tx)
    hdma_i2c2_rx                             0x20000238   Data          96  i2c.o(.bss.hdma_i2c2_rx)
    hdma_i2c2_tx                             0x20000298   Data          96  i2c.o(.bss.hdma_i2c2_tx)
    hdma_uart4_rx                            0x200002f8   Data          96  usart.o(.bss.hdma_uart4_rx)
    hdma_uart4_tx                            0x20000358   Data          96  usart.o(.bss.hdma_uart4_tx)
    hdma_usart1_rx                           0x200003b8   Data          96  usart.o(.bss.hdma_usart1_rx)
    hdma_usart1_tx                           0x20000418   Data          96  usart.o(.bss.hdma_usart1_tx)
    hdma_usart2_rx                           0x20000478   Data          96  usart.o(.bss.hdma_usart2_rx)
    hdma_usart2_tx                           0x200004d8   Data          96  usart.o(.bss.hdma_usart2_tx)
    hdma_usart3_rx                           0x20000538   Data          96  usart.o(.bss.hdma_usart3_rx)
    hdma_usart3_tx                           0x20000598   Data          96  usart.o(.bss.hdma_usart3_tx)
    hi2c1                                    0x200005f8   Data          76  i2c.o(.bss.hi2c1)
    hi2c2                                    0x20000644   Data          76  i2c.o(.bss.hi2c2)
    hspi1                                    0x20000690   Data         100  spi.o(.bss.hspi1)
    htim1                                    0x200006f4   Data          76  tim.o(.bss.htim1)
    htim15                                   0x20000740   Data          76  tim.o(.bss.htim15)
    htim2                                    0x2000078c   Data          76  tim.o(.bss.htim2)
    htim3                                    0x200007d8   Data          76  tim.o(.bss.htim3)
    htim4                                    0x20000824   Data          76  tim.o(.bss.htim4)
    htim5                                    0x20000870   Data          76  tim.o(.bss.htim5)
    htim6                                    0x200008bc   Data          76  tim.o(.bss.htim6)
    htim8                                    0x20000908   Data          76  tim.o(.bss.htim8)
    huart1                                   0x20000954   Data         144  usart.o(.bss.huart1)
    huart2                                   0x200009e4   Data         144  usart.o(.bss.huart2)
    huart3                                   0x20000a74   Data         144  usart.o(.bss.huart3)
    huart4                                   0x20000b04   Data         144  usart.o(.bss.huart4)
    is_init                                  0x20000b94   Data           1  timer_it.o(.bss.is_init)
    left_cnt                                 0x20000b95   Data           1  road.o(.bss.left_cnt)
    speed_show_flag                          0x20000d97   Data           1  status.o(.bss.speed_show_flag)
    status                                   0x20000d98   Data         576  status.o(.bss.status)
    uwTick                                   0x20000fd8   Data           4  stm32g4xx_hal.o(.bss.uwTick)
    wait_finish_flag                         0x20000fdc   Data           1  timer_it.o(.bss.wait_finish_flag)



==============================================================================

Memory Map of the image

  Image Entry point : 0x080001d9

  Load Region LR_IROM1 (Base: 0x08000000, Size: 0x00009b28, Max: 0x00020000, ABSOLUTE)

    Execution Region ER_IROM1 (Exec base: 0x08000000, Load base: 0x08000000, Size: 0x00009adc, Max: 0x00020000, ABSOLUTE)

    Exec Addr    Load Addr    Size         Type   Attr      Idx    E Section Name        Object

    0x08000000   0x08000000   0x000001d8   Data   RO            3    RESET               startup_stm32g474xx.o
    0x080001d8   0x080001d8   0x00000008   Code   RO         2174  * !!!main             c_w.l(__main.o)
    0x080001e0   0x080001e0   0x0000005c   Code   RO         2566    !!!scatter          c_w.l(__scatter.o)
    0x0800023c   0x0800023c   0x0000001a   Code   RO         2570    !!handler_copy      c_w.l(__scatter_copy.o)
    0x08000256   0x08000256   0x00000002   PAD
    0x08000258   0x08000258   0x00000002   Code   RO         2567    !!handler_null      c_w.l(__scatter.o)
    0x0800025a   0x0800025a   0x00000002   PAD
    0x0800025c   0x0800025c   0x0000001c   Code   RO         2572    !!handler_zi        c_w.l(__scatter_zi.o)
    0x08000278   0x08000278   0x00000000   Code   RO         2293    .ARM.Collect$$_printf_percent$$00000000  c_w.l(_printf_percent.o)
    0x08000278   0x08000278   0x00000006   Code   RO         2282    .ARM.Collect$$_printf_percent$$00000001  c_w.l(_printf_n.o)
    0x0800027e   0x0800027e   0x00000006   Code   RO         2284    .ARM.Collect$$_printf_percent$$00000002  c_w.l(_printf_p.o)
    0x08000284   0x08000284   0x00000006   Code   RO         2289    .ARM.Collect$$_printf_percent$$00000003  c_w.l(_printf_f.o)
    0x0800028a   0x0800028a   0x00000006   Code   RO         2290    .ARM.Collect$$_printf_percent$$00000004  c_w.l(_printf_e.o)
    0x08000290   0x08000290   0x00000006   Code   RO         2291    .ARM.Collect$$_printf_percent$$00000005  c_w.l(_printf_g.o)
    0x08000296   0x08000296   0x00000006   Code   RO         2292    .ARM.Collect$$_printf_percent$$00000006  c_w.l(_printf_a.o)
    0x0800029c   0x0800029c   0x0000000a   Code   RO         2297    .ARM.Collect$$_printf_percent$$00000007  c_w.l(_printf_ll.o)
    0x080002a6   0x080002a6   0x00000006   Code   RO         2286    .ARM.Collect$$_printf_percent$$00000008  c_w.l(_printf_i.o)
    0x080002ac   0x080002ac   0x00000006   Code   RO         2287    .ARM.Collect$$_printf_percent$$00000009  c_w.l(_printf_d.o)
    0x080002b2   0x080002b2   0x00000006   Code   RO         2288    .ARM.Collect$$_printf_percent$$0000000A  c_w.l(_printf_u.o)
    0x080002b8   0x080002b8   0x00000006   Code   RO         2285    .ARM.Collect$$_printf_percent$$0000000B  c_w.l(_printf_o.o)
    0x080002be   0x080002be   0x00000006   Code   RO         2283    .ARM.Collect$$_printf_percent$$0000000C  c_w.l(_printf_x.o)
    0x080002c4   0x080002c4   0x00000006   Code   RO         2294    .ARM.Collect$$_printf_percent$$0000000D  c_w.l(_printf_lli.o)
    0x080002ca   0x080002ca   0x00000006   Code   RO         2295    .ARM.Collect$$_printf_percent$$0000000E  c_w.l(_printf_lld.o)
    0x080002d0   0x080002d0   0x00000006   Code   RO         2296    .ARM.Collect$$_printf_percent$$0000000F  c_w.l(_printf_llu.o)
    0x080002d6   0x080002d6   0x00000006   Code   RO         2301    .ARM.Collect$$_printf_percent$$00000010  c_w.l(_printf_llo.o)
    0x080002dc   0x080002dc   0x00000006   Code   RO         2302    .ARM.Collect$$_printf_percent$$00000011  c_w.l(_printf_llx.o)
    0x080002e2   0x080002e2   0x0000000a   Code   RO         2298    .ARM.Collect$$_printf_percent$$00000012  c_w.l(_printf_l.o)
    0x080002ec   0x080002ec   0x00000006   Code   RO         2280    .ARM.Collect$$_printf_percent$$00000013  c_w.l(_printf_c.o)
    0x080002f2   0x080002f2   0x00000006   Code   RO         2281    .ARM.Collect$$_printf_percent$$00000014  c_w.l(_printf_s.o)
    0x080002f8   0x080002f8   0x00000006   Code   RO         2299    .ARM.Collect$$_printf_percent$$00000015  c_w.l(_printf_lc.o)
    0x080002fe   0x080002fe   0x00000006   Code   RO         2300    .ARM.Collect$$_printf_percent$$00000016  c_w.l(_printf_ls.o)
    0x08000304   0x08000304   0x00000004   Code   RO         2361    .ARM.Collect$$_printf_percent$$00000017  c_w.l(_printf_percent_end.o)
    0x08000308   0x08000308   0x00000002   Code   RO         2421    .ARM.Collect$$libinit$$00000000  c_w.l(libinit.o)
    0x0800030a   0x0800030a   0x00000004   Code   RO         2438    .ARM.Collect$$libinit$$00000001  c_w.l(libinit2.o)
    0x0800030e   0x0800030e   0x00000000   Code   RO         2441    .ARM.Collect$$libinit$$00000004  c_w.l(libinit2.o)
    0x0800030e   0x0800030e   0x00000000   Code   RO         2443    .ARM.Collect$$libinit$$00000006  c_w.l(libinit2.o)
    0x0800030e   0x0800030e   0x00000000   Code   RO         2446    .ARM.Collect$$libinit$$0000000C  c_w.l(libinit2.o)
    0x0800030e   0x0800030e   0x00000000   Code   RO         2448    .ARM.Collect$$libinit$$0000000E  c_w.l(libinit2.o)
    0x0800030e   0x0800030e   0x00000000   Code   RO         2450    .ARM.Collect$$libinit$$00000010  c_w.l(libinit2.o)
    0x0800030e   0x0800030e   0x00000006   Code   RO         2451    .ARM.Collect$$libinit$$00000011  c_w.l(libinit2.o)
    0x08000314   0x08000314   0x00000000   Code   RO         2453    .ARM.Collect$$libinit$$00000013  c_w.l(libinit2.o)
    0x08000314   0x08000314   0x0000000c   Code   RO         2454    .ARM.Collect$$libinit$$00000014  c_w.l(libinit2.o)
    0x08000320   0x08000320   0x00000000   Code   RO         2455    .ARM.Collect$$libinit$$00000015  c_w.l(libinit2.o)
    0x08000320   0x08000320   0x00000000   Code   RO         2457    .ARM.Collect$$libinit$$00000017  c_w.l(libinit2.o)
    0x08000320   0x08000320   0x0000000a   Code   RO         2458    .ARM.Collect$$libinit$$00000018  c_w.l(libinit2.o)
    0x0800032a   0x0800032a   0x00000000   Code   RO         2459    .ARM.Collect$$libinit$$00000019  c_w.l(libinit2.o)
    0x0800032a   0x0800032a   0x00000000   Code   RO         2461    .ARM.Collect$$libinit$$0000001B  c_w.l(libinit2.o)
    0x0800032a   0x0800032a   0x00000000   Code   RO         2463    .ARM.Collect$$libinit$$0000001D  c_w.l(libinit2.o)
    0x0800032a   0x0800032a   0x00000000   Code   RO         2465    .ARM.Collect$$libinit$$0000001F  c_w.l(libinit2.o)
    0x0800032a   0x0800032a   0x00000000   Code   RO         2467    .ARM.Collect$$libinit$$00000021  c_w.l(libinit2.o)
    0x0800032a   0x0800032a   0x00000000   Code   RO         2469    .ARM.Collect$$libinit$$00000023  c_w.l(libinit2.o)
    0x0800032a   0x0800032a   0x00000000   Code   RO         2471    .ARM.Collect$$libinit$$00000025  c_w.l(libinit2.o)
    0x0800032a   0x0800032a   0x00000000   Code   RO         2473    .ARM.Collect$$libinit$$00000027  c_w.l(libinit2.o)
    0x0800032a   0x0800032a   0x00000000   Code   RO         2477    .ARM.Collect$$libinit$$0000002E  c_w.l(libinit2.o)
    0x0800032a   0x0800032a   0x00000000   Code   RO         2479    .ARM.Collect$$libinit$$00000030  c_w.l(libinit2.o)
    0x0800032a   0x0800032a   0x00000000   Code   RO         2481    .ARM.Collect$$libinit$$00000032  c_w.l(libinit2.o)
    0x0800032a   0x0800032a   0x00000000   Code   RO         2483    .ARM.Collect$$libinit$$00000034  c_w.l(libinit2.o)
    0x0800032a   0x0800032a   0x00000002   Code   RO         2484    .ARM.Collect$$libinit$$00000035  c_w.l(libinit2.o)
    0x0800032c   0x0800032c   0x00000002   Code   RO         2521    .ARM.Collect$$libshutdown$$00000000  c_w.l(libshutdown.o)
    0x0800032e   0x0800032e   0x00000000   Code   RO         2549    .ARM.Collect$$libshutdown$$00000002  c_w.l(libshutdown2.o)
    0x0800032e   0x0800032e   0x00000000   Code   RO         2551    .ARM.Collect$$libshutdown$$00000004  c_w.l(libshutdown2.o)
    0x0800032e   0x0800032e   0x00000000   Code   RO         2554    .ARM.Collect$$libshutdown$$00000007  c_w.l(libshutdown2.o)
    0x0800032e   0x0800032e   0x00000000   Code   RO         2557    .ARM.Collect$$libshutdown$$0000000A  c_w.l(libshutdown2.o)
    0x0800032e   0x0800032e   0x00000000   Code   RO         2559    .ARM.Collect$$libshutdown$$0000000C  c_w.l(libshutdown2.o)
    0x0800032e   0x0800032e   0x00000000   Code   RO         2562    .ARM.Collect$$libshutdown$$0000000F  c_w.l(libshutdown2.o)
    0x0800032e   0x0800032e   0x00000002   Code   RO         2563    .ARM.Collect$$libshutdown$$00000010  c_w.l(libshutdown2.o)
    0x08000330   0x08000330   0x00000000   Code   RO         2202    .ARM.Collect$$rtentry$$00000000  c_w.l(__rtentry.o)
    0x08000330   0x08000330   0x00000000   Code   RO         2326    .ARM.Collect$$rtentry$$00000002  c_w.l(__rtentry2.o)
    0x08000330   0x08000330   0x00000006   Code   RO         2338    .ARM.Collect$$rtentry$$00000004  c_w.l(__rtentry4.o)
    0x08000336   0x08000336   0x00000000   Code   RO         2328    .ARM.Collect$$rtentry$$00000009  c_w.l(__rtentry2.o)
    0x08000336   0x08000336   0x00000004   Code   RO         2329    .ARM.Collect$$rtentry$$0000000A  c_w.l(__rtentry2.o)
    0x0800033a   0x0800033a   0x00000000   Code   RO         2331    .ARM.Collect$$rtentry$$0000000C  c_w.l(__rtentry2.o)
    0x0800033a   0x0800033a   0x00000008   Code   RO         2332    .ARM.Collect$$rtentry$$0000000D  c_w.l(__rtentry2.o)
    0x08000342   0x08000342   0x00000002   Code   RO         2426    .ARM.Collect$$rtexit$$00000000  c_w.l(rtexit.o)
    0x08000344   0x08000344   0x00000000   Code   RO         2490    .ARM.Collect$$rtexit$$00000002  c_w.l(rtexit2.o)
    0x08000344   0x08000344   0x00000004   Code   RO         2491    .ARM.Collect$$rtexit$$00000003  c_w.l(rtexit2.o)
    0x08000348   0x08000348   0x00000006   Code   RO         2492    .ARM.Collect$$rtexit$$00000004  c_w.l(rtexit2.o)
    0x0800034e   0x0800034e   0x00000002   PAD
    0x08000350   0x08000350   0x00000040   Code   RO            4    .text               startup_stm32g474xx.o
    0x08000390   0x08000390   0x000000f0   Code   RO         2164    .text               c_w.l(lludivv7m.o)
    0x08000480   0x08000480   0x0000003c   Code   RO         2166    .text               c_w.l(vsnprintf.o)
    0x080004bc   0x080004bc   0x0000004e   Code   RO         2170    .text               c_w.l(rt_memclr_w.o)
    0x0800050a   0x0800050a   0x00000006   Code   RO         2172    .text               c_w.l(heapauxi.o)
    0x08000510   0x08000510   0x0000004e   Code   RO         2214    .text               c_w.l(_printf_pad.o)
    0x0800055e   0x0800055e   0x00000024   Code   RO         2216    .text               c_w.l(_printf_truncate.o)
    0x08000582   0x08000582   0x00000052   Code   RO         2218    .text               c_w.l(_printf_str.o)
    0x080005d4   0x080005d4   0x00000078   Code   RO         2220    .text               c_w.l(_printf_dec.o)
    0x0800064c   0x0800064c   0x00000028   Code   RO         2222    .text               c_w.l(_printf_charcount.o)
    0x08000674   0x08000674   0x00000030   Code   RO         2224    .text               c_w.l(_printf_char_common.o)
    0x080006a4   0x080006a4   0x00000010   Code   RO         2226    .text               c_w.l(_snputc.o)
    0x080006b4   0x080006b4   0x000000bc   Code   RO         2228    .text               c_w.l(_printf_wctomb.o)
    0x08000770   0x08000770   0x0000007c   Code   RO         2231    .text               c_w.l(_printf_longlong_dec.o)
    0x080007ec   0x080007ec   0x00000070   Code   RO         2237    .text               c_w.l(_printf_oct_int_ll.o)
    0x0800085c   0x0800085c   0x00000094   Code   RO         2257    .text               c_w.l(_printf_hex_int_ll_ptr.o)
    0x080008f0   0x080008f0   0x00000188   Code   RO         2277    .text               c_w.l(__printf_flags_ss_wp.o)
    0x08000a78   0x08000a78   0x00000008   Code   RO         2322    .text               c_w.l(libspace.o)
    0x08000a80   0x08000a80   0x00000010   Code   RO         2340    .text               c_w.l(rt_ctype_table.o)
    0x08000a90   0x08000a90   0x0000008a   Code   RO         2344    .text               c_w.l(lludiv10.o)
    0x08000b1a   0x08000b1a   0x000000b2   Code   RO         2346    .text               c_w.l(_printf_intcommon.o)
    0x08000bcc   0x08000bcc   0x0000041c   Code   RO         2348    .text               c_w.l(_printf_fp_dec.o)
    0x08000fe8   0x08000fe8   0x000002fc   Code   RO         2352    .text               c_w.l(_printf_fp_hex.o)
    0x080012e4   0x080012e4   0x0000002c   Code   RO         2357    .text               c_w.l(_printf_char.o)
    0x08001310   0x08001310   0x0000002c   Code   RO         2359    .text               c_w.l(_printf_wchar.o)
    0x0800133c   0x0800133c   0x00000048   Code   RO         2364    .text               c_w.l(_c16rtomb.o)
    0x08001384   0x08001384   0x0000004a   Code   RO         2366    .text               c_w.l(sys_stackheap_outer.o)
    0x080013ce   0x080013ce   0x00000002   PAD
    0x080013d0   0x080013d0   0x00000008   Code   RO         2371    .text               c_w.l(rt_locale_intlibspace.o)
    0x080013d8   0x080013d8   0x00000080   Code   RO         2373    .text               c_w.l(_printf_fp_infnan.o)
    0x08001458   0x08001458   0x000000e4   Code   RO         2377    .text               c_w.l(bigflt0.o)
    0x0800153c   0x0800153c   0x00000012   Code   RO         2410    .text               c_w.l(exit.o)
    0x0800154e   0x0800154e   0x00000002   PAD
    0x08001550   0x08001550   0x0000007c   Code   RO         2436    .text               c_w.l(strcmpv7em.o)
    0x080015cc   0x080015cc   0x0000000c   Code   RO         2485    .text               c_w.l(sys_exit.o)
    0x080015d8   0x080015d8   0x00000002   Code   RO         2510    .text               c_w.l(use_no_semi.o)
    0x080015da   0x080015da   0x00000000   Code   RO         2512    .text               c_w.l(indicate_semi.o)
    0x080015da   0x080015da   0x00000002   PAD
    0x080015dc   0x080015dc   0x000000da   Code   RO          256    .text.ADC_ConversionStop  stm32g4xx_hal_adc.o
    0x080016b6   0x080016b6   0x00000002   PAD
    0x080016b8   0x080016b8   0x0000007e   Code   RO          258    .text.ADC_Disable   stm32g4xx_hal_adc.o
    0x08001736   0x08001736   0x00000002   PAD
    0x08001738   0x08001738   0x0000007c   Code   RO          264    .text.ADC_Enable    stm32g4xx_hal_adc.o
    0x080017b4   0x080017b4   0x00000002   Code   RO          181    .text.BusFault_Handler  stm32g4xx_it.o
    0x080017b6   0x080017b6   0x00000002   PAD
    0x080017b8   0x080017b8   0x0000000c   Code   RO          193    .text.DMA1_Channel1_IRQHandler  stm32g4xx_it.o
    0x080017c4   0x080017c4   0x0000000c   Code   RO          195    .text.DMA1_Channel2_IRQHandler  stm32g4xx_it.o
    0x080017d0   0x080017d0   0x0000000c   Code   RO          197    .text.DMA1_Channel3_IRQHandler  stm32g4xx_it.o
    0x080017dc   0x080017dc   0x0000000c   Code   RO          199    .text.DMA1_Channel4_IRQHandler  stm32g4xx_it.o
    0x080017e8   0x080017e8   0x0000000c   Code   RO          201    .text.DMA1_Channel5_IRQHandler  stm32g4xx_it.o
    0x080017f4   0x080017f4   0x0000000c   Code   RO          203    .text.DMA1_Channel6_IRQHandler  stm32g4xx_it.o
    0x08001800   0x08001800   0x0000000c   Code   RO          205    .text.DMA1_Channel7_IRQHandler  stm32g4xx_it.o
    0x0800180c   0x0800180c   0x0000000c   Code   RO          233    .text.DMA1_Channel8_IRQHandler  stm32g4xx_it.o
    0x08001818   0x08001818   0x0000000c   Code   RO          223    .text.DMA2_Channel1_IRQHandler  stm32g4xx_it.o
    0x08001824   0x08001824   0x0000000c   Code   RO          225    .text.DMA2_Channel2_IRQHandler  stm32g4xx_it.o
    0x08001830   0x08001830   0x0000000c   Code   RO          227    .text.DMA2_Channel3_IRQHandler  stm32g4xx_it.o
    0x0800183c   0x0800183c   0x0000000c   Code   RO          229    .text.DMA2_Channel4_IRQHandler  stm32g4xx_it.o
    0x08001848   0x08001848   0x0000000c   Code   RO          231    .text.DMA2_Channel5_IRQHandler  stm32g4xx_it.o
    0x08001854   0x08001854   0x00000002   Code   RO          187    .text.DebugMon_Handler  stm32g4xx_it.o
    0x08001856   0x08001856   0x00000002   PAD
    0x08001858   0x08001858   0x0000000a   Code   RO           15    .text.Error_Handler  main.o
    0x08001862   0x08001862   0x00000002   PAD
    0x08001864   0x08001864   0x00000134   Code   RO          362    .text.HAL_ADCEx_MultiModeConfigChannel  stm32g4xx_hal_adc_ex.o
    0x08001998   0x08001998   0x00000360   Code   RO          302    .text.HAL_ADC_ConfigChannel  stm32g4xx_hal_adc.o
    0x08001cf8   0x08001cf8   0x00000006   Code   RO          286    .text.HAL_ADC_GetValue  stm32g4xx_hal_adc.o
    0x08001cfe   0x08001cfe   0x00000002   PAD
    0x08001d00   0x08001d00   0x00000226   Code   RO          250    .text.HAL_ADC_Init  stm32g4xx_hal_adc.o
    0x08001f26   0x08001f26   0x00000002   PAD
    0x08001f28   0x08001f28   0x000000d0   Code   RO           37    .text.HAL_ADC_MspInit  adc.o
    0x08001ff8   0x08001ff8   0x0000016e   Code   RO          268    .text.HAL_ADC_PollForConversion  stm32g4xx_hal_adc.o
    0x08002166   0x08002166   0x00000002   PAD
    0x08002168   0x08002168   0x0000012e   Code   RO          262    .text.HAL_ADC_Start  stm32g4xx_hal_adc.o
    0x08002296   0x08002296   0x00000002   PAD
    0x08002298   0x08002298   0x0000003c   Code   RO          266    .text.HAL_ADC_Stop  stm32g4xx_hal_adc.o
    0x080022d4   0x080022d4   0x0000006e   Code   RO          677    .text.HAL_DMA_Abort  stm32g4xx_hal_dma.o
    0x08002342   0x08002342   0x00000002   PAD
    0x08002344   0x08002344   0x0000007e   Code   RO          679    .text.HAL_DMA_Abort_IT  stm32g4xx_hal_dma.o
    0x080023c2   0x080023c2   0x00000002   PAD
    0x080023c4   0x080023c4   0x0000009c   Code   RO          683    .text.HAL_DMA_IRQHandler  stm32g4xx_hal_dma.o
    0x08002460   0x08002460   0x00000122   Code   RO          669    .text.HAL_DMA_Init  stm32g4xx_hal_dma.o
    0x08002582   0x08002582   0x00000002   PAD
    0x08002584   0x08002584   0x00000028   Code   RO          401    .text.HAL_Delay     stm32g4xx_hal.o
    0x080025ac   0x080025ac   0x000001a0   Code   RO          619    .text.HAL_GPIO_Init  stm32g4xx_hal_gpio.o
    0x0800274c   0x0800274c   0x0000000a   Code   RO          623    .text.HAL_GPIO_ReadPin  stm32g4xx_hal_gpio.o
    0x08002756   0x08002756   0x00000002   PAD
    0x08002758   0x08002758   0x0000000c   Code   RO          625    .text.HAL_GPIO_WritePin  stm32g4xx_hal_gpio.o
    0x08002764   0x08002764   0x0000000c   Code   RO          393    .text.HAL_GetTick   stm32g4xx_hal.o
    0x08002770   0x08002770   0x0000004a   Code   RO         1037    .text.HAL_I2CEx_ConfigAnalogFilter  stm32g4xx_hal_i2c_ex.o
    0x080027ba   0x080027ba   0x00000002   PAD
    0x080027bc   0x080027bc   0x00000048   Code   RO         1039    .text.HAL_I2CEx_ConfigDigitalFilter  stm32g4xx_hal_i2c_ex.o
    0x08002804   0x08002804   0x00000010   Code   RO          985    .text.HAL_I2C_EV_IRQHandler  stm32g4xx_hal_i2c.o
    0x08002814   0x08002814   0x000000a4   Code   RO          887    .text.HAL_I2C_Init  stm32g4xx_hal_i2c.o
    0x080028b8   0x080028b8   0x000001f2   Code   RO          947    .text.HAL_I2C_Mem_Read  stm32g4xx_hal_i2c.o
    0x08002aaa   0x08002aaa   0x00000002   PAD
    0x08002aac   0x08002aac   0x00000224   Code   RO           64    .text.HAL_I2C_MspInit  i2c.o
    0x08002cd0   0x08002cd0   0x0000001a   Code   RO          391    .text.HAL_IncTick   stm32g4xx_hal.o
    0x08002cea   0x08002cea   0x00000002   PAD
    0x08002cec   0x08002cec   0x0000001e   Code   RO          381    .text.HAL_Init      stm32g4xx_hal.o
    0x08002d0a   0x08002d0a   0x00000002   PAD
    0x08002d0c   0x08002d0c   0x0000005a   Code   RO          383    .text.HAL_InitTick  stm32g4xx_hal.o
    0x08002d66   0x08002d66   0x00000002   PAD
    0x08002d68   0x08002d68   0x00000034   Code   RO          242    .text.HAL_MspInit   stm32g4xx_hal_msp.o
    0x08002d9c   0x08002d9c   0x00000022   Code   RO          845    .text.HAL_NVIC_EnableIRQ  stm32g4xx_hal_cortex.o
    0x08002dbe   0x08002dbe   0x00000002   PAD
    0x08002dc0   0x08002dc0   0x00000056   Code   RO          843    .text.HAL_NVIC_SetPriority  stm32g4xx_hal_cortex.o
    0x08002e16   0x08002e16   0x00000002   PAD
    0x08002e18   0x08002e18   0x00000020   Code   RO          841    .text.HAL_NVIC_SetPriorityGrouping  stm32g4xx_hal_cortex.o
    0x08002e38   0x08002e38   0x000000f2   Code   RO          761    .text.HAL_PWREx_ControlVoltageScaling  stm32g4xx_hal_pwr_ex.o
    0x08002f2a   0x08002f2a   0x00000002   PAD
    0x08002f2c   0x08002f2c   0x00000012   Code   RO          831    .text.HAL_PWREx_DisableUCPDDeadBattery  stm32g4xx_hal_pwr_ex.o
    0x08002f3e   0x08002f3e   0x00000002   PAD
    0x08002f40   0x08002f40   0x00000328   Code   RO          500    .text.HAL_RCCEx_PeriphCLKConfig  stm32g4xx_hal_rcc_ex.o
    0x08003268   0x08003268   0x00000312   Code   RO          466    .text.HAL_RCC_ClockConfig  stm32g4xx_hal_rcc.o
    0x0800357a   0x0800357a   0x00000002   PAD
    0x0800357c   0x0800357c   0x0000002a   Code   RO          474    .text.HAL_RCC_GetPCLK1Freq  stm32g4xx_hal_rcc.o
    0x080035a6   0x080035a6   0x00000002   PAD
    0x080035a8   0x080035a8   0x0000002a   Code   RO          476    .text.HAL_RCC_GetPCLK2Freq  stm32g4xx_hal_rcc.o
    0x080035d2   0x080035d2   0x00000002   PAD
    0x080035d4   0x080035d4   0x00000082   Code   RO          468    .text.HAL_RCC_GetSysClockFreq  stm32g4xx_hal_rcc.o
    0x08003656   0x08003656   0x00000002   PAD
    0x08003658   0x08003658   0x00000492   Code   RO          464    .text.HAL_RCC_OscConfig  stm32g4xx_hal_rcc.o
    0x08003aea   0x08003aea   0x00000002   PAD
    0x08003aec   0x08003aec   0x000000e4   Code   RO         1057    .text.HAL_SPI_Init  stm32g4xx_hal_spi.o
    0x08003bd0   0x08003bd0   0x0000006c   Code   RO           84    .text.HAL_SPI_MspInit  spi.o
    0x08003c3c   0x08003c3c   0x0000002c   Code   RO          853    .text.HAL_SYSTICK_Config  stm32g4xx_hal_cortex.o
    0x08003c68   0x08003c68   0x00000002   Code   RO         1533    .text.HAL_TIMEx_Break2Callback  stm32g4xx_hal_tim_ex.o
    0x08003c6a   0x08003c6a   0x00000002   PAD
    0x08003c6c   0x08003c6c   0x00000002   Code   RO         1531    .text.HAL_TIMEx_BreakCallback  stm32g4xx_hal_tim_ex.o
    0x08003c6e   0x08003c6e   0x00000002   PAD
    0x08003c70   0x08003c70   0x00000002   Code   RO         1527    .text.HAL_TIMEx_CommutCallback  stm32g4xx_hal_tim_ex.o
    0x08003c72   0x08003c72   0x00000002   PAD
    0x08003c74   0x08003c74   0x000000f0   Code   RO         1479    .text.HAL_TIMEx_ConfigBreakDeadTime  stm32g4xx_hal_tim_ex.o
    0x08003d64   0x08003d64   0x00000002   Code   RO         1537    .text.HAL_TIMEx_DirectionChangeCallback  stm32g4xx_hal_tim_ex.o
    0x08003d66   0x08003d66   0x00000002   PAD
    0x08003d68   0x08003d68   0x00000002   Code   RO         1535    .text.HAL_TIMEx_EncoderIndexCallback  stm32g4xx_hal_tim_ex.o
    0x08003d6a   0x08003d6a   0x00000002   PAD
    0x08003d6c   0x08003d6c   0x00000002   Code   RO         1539    .text.HAL_TIMEx_IndexErrorCallback  stm32g4xx_hal_tim_ex.o
    0x08003d6e   0x08003d6e   0x00000002   PAD
    0x08003d70   0x08003d70   0x000000de   Code   RO         1477    .text.HAL_TIMEx_MasterConfigSynchronization  stm32g4xx_hal_tim_ex.o
    0x08003e4e   0x08003e4e   0x00000002   PAD
    0x08003e50   0x08003e50   0x00000002   Code   RO         1541    .text.HAL_TIMEx_TransitionErrorCallback  stm32g4xx_hal_tim_ex.o
    0x08003e52   0x08003e52   0x00000002   PAD
    0x08003e54   0x08003e54   0x00000062   Code   RO         1182    .text.HAL_TIM_Base_Init  stm32g4xx_hal_tim.o
    0x08003eb6   0x08003eb6   0x00000002   PAD
    0x08003eb8   0x08003eb8   0x000000a0   Code   RO          117    .text.HAL_TIM_Base_MspInit  tim.o
    0x08003f58   0x08003f58   0x000000b6   Code   RO         1196    .text.HAL_TIM_Base_Start_IT  stm32g4xx_hal_tim.o
    0x0800400e   0x0800400e   0x00000002   PAD
    0x08004010   0x08004010   0x0000021c   Code   RO         1362    .text.HAL_TIM_ConfigClockSource  stm32g4xx_hal_tim.o
    0x0800422c   0x0800422c   0x000000b6   Code   RO         1296    .text.HAL_TIM_Encoder_Init  stm32g4xx_hal_tim.o
    0x080042e2   0x080042e2   0x00000002   PAD
    0x080042e4   0x080042e4   0x00000178   Code   RO          115    .text.HAL_TIM_Encoder_MspInit  tim.o
    0x0800445c   0x0800445c   0x000000bc   Code   RO         1304    .text.HAL_TIM_Encoder_Start  stm32g4xx_hal_tim.o
    0x08004518   0x08004518   0x00000002   Code   RO         1318    .text.HAL_TIM_IC_CaptureCallback  stm32g4xx_hal_tim.o
    0x0800451a   0x0800451a   0x00000002   PAD
    0x0800451c   0x0800451c   0x00000200   Code   RO         1316    .text.HAL_TIM_IRQHandler  stm32g4xx_hal_tim.o
    0x0800471c   0x0800471c   0x00000002   Code   RO         1320    .text.HAL_TIM_OC_DelayElapsedCallback  stm32g4xx_hal_tim.o
    0x0800471e   0x0800471e   0x00000002   PAD
    0x08004720   0x08004720   0x000003ee   Code   RO         1336    .text.HAL_TIM_PWM_ConfigChannel  stm32g4xx_hal_tim.o
    0x08004b0e   0x08004b0e   0x00000002   PAD
    0x08004b10   0x08004b10   0x00000062   Code   RO         1236    .text.HAL_TIM_PWM_Init  stm32g4xx_hal_tim.o
    0x08004b72   0x08004b72   0x00000002   PAD
    0x08004b74   0x08004b74   0x00000030   Code   RO          119    .text.HAL_TIM_PWM_MspInit  tim.o
    0x08004ba4   0x08004ba4   0x00000002   Code   RO         1322    .text.HAL_TIM_PWM_PulseFinishedCallback  stm32g4xx_hal_tim.o
    0x08004ba6   0x08004ba6   0x00000002   PAD
    0x08004ba8   0x08004ba8   0x00000166   Code   RO         1244    .text.HAL_TIM_PWM_Start  stm32g4xx_hal_tim.o
    0x08004d0e   0x08004d0e   0x00000002   PAD
    0x08004d10   0x08004d10   0x000004a0   Code   RO         1794    .text.HAL_TIM_PeriodElapsedCallback  timer_it.o
    0x080051b0   0x080051b0   0x00000002   Code   RO         1326    .text.HAL_TIM_TriggerCallback  stm32g4xx_hal_tim.o
    0x080051b2   0x080051b2   0x00000002   PAD
    0x080051b4   0x080051b4   0x00000036   Code   RO         1718    .text.HAL_UARTEx_DisableFifoMode  stm32g4xx_hal_uart_ex.o
    0x080051ea   0x080051ea   0x00000002   PAD
    0x080051ec   0x080051ec   0x00000002   Code   RO         1646    .text.HAL_UARTEx_RxEventCallback  stm32g4xx_hal_uart.o
    0x080051ee   0x080051ee   0x00000002   PAD
    0x080051f0   0x080051f0   0x00000002   Code   RO         1704    .text.HAL_UARTEx_RxFifoFullCallback  stm32g4xx_hal_uart_ex.o
    0x080051f2   0x080051f2   0x00000002   PAD
    0x080051f4   0x080051f4   0x00000092   Code   RO         1722    .text.HAL_UARTEx_SetRxFifoThreshold  stm32g4xx_hal_uart_ex.o
    0x08005286   0x08005286   0x00000002   PAD
    0x08005288   0x08005288   0x00000092   Code   RO         1720    .text.HAL_UARTEx_SetTxFifoThreshold  stm32g4xx_hal_uart_ex.o
    0x0800531a   0x0800531a   0x00000002   PAD
    0x0800531c   0x0800531c   0x00000002   Code   RO         1706    .text.HAL_UARTEx_TxFifoEmptyCallback  stm32g4xx_hal_uart_ex.o
    0x0800531e   0x0800531e   0x00000002   PAD
    0x08005320   0x08005320   0x00000002   Code   RO         1702    .text.HAL_UARTEx_WakeupCallback  stm32g4xx_hal_uart_ex.o
    0x08005322   0x08005322   0x00000002   PAD
    0x08005324   0x08005324   0x00000002   Code   RO         1644    .text.HAL_UART_ErrorCallback  stm32g4xx_hal_uart.o
    0x08005326   0x08005326   0x00000002   PAD
    0x08005328   0x08005328   0x00000382   Code   RO         1640    .text.HAL_UART_IRQHandler  stm32g4xx_hal_uart.o
    0x080056aa   0x080056aa   0x00000002   PAD
    0x080056ac   0x080056ac   0x000000ca   Code   RO         1556    .text.HAL_UART_Init  stm32g4xx_hal_uart.o
    0x08005776   0x08005776   0x00000002   PAD
    0x08005778   0x08005778   0x000003d8   Code   RO          151    .text.HAL_UART_MspInit  usart.o
    0x08005b50   0x08005b50   0x000000d6   Code   RO         1576    .text.HAL_UART_Transmit  stm32g4xx_hal_uart.o
    0x08005c26   0x08005c26   0x00000002   PAD
    0x08005c28   0x08005c28   0x00000002   Code   RO         1648    .text.HAL_UART_TxCpltCallback  stm32g4xx_hal_uart.o
    0x08005c2a   0x08005c2a   0x00000002   PAD
    0x08005c2c   0x08005c2c   0x00000002   Code   RO          177    .text.HardFault_Handler  stm32g4xx_it.o
    0x08005c2e   0x08005c2e   0x00000002   PAD
    0x08005c30   0x08005c30   0x0000000c   Code   RO          209    .text.I2C1_EV_IRQHandler  stm32g4xx_it.o
    0x08005c3c   0x08005c3c   0x00000144   Code   RO         1027    .text.I2C_IsErrorOccurred  stm32g4xx_hal_i2c.o
    0x08005d80   0x08005d80   0x000000f8   Code   RO          949    .text.I2C_RequestMemoryRead  stm32g4xx_hal_i2c.o
    0x08005e78   0x08005e78   0x00000048   Code   RO          899    .text.I2C_WaitOnSTOPFlagUntilTimeout  stm32g4xx_hal_i2c.o
    0x08005ec0   0x08005ec0   0x000000b4   Code   RO           35    .text.MX_ADC3_Init  adc.o
    0x08005f74   0x08005f74   0x00000118   Code   RO           51    .text.MX_DMA_Init   dma.o
    0x0800608c   0x0800608c   0x000001a2   Code   RO           26    .text.MX_GPIO_Init  gpio.o
    0x0800622e   0x0800622e   0x00000002   PAD
    0x08006230   0x08006230   0x0000006c   Code   RO           60    .text.MX_I2C1_Init  i2c.o
    0x0800629c   0x0800629c   0x0000006c   Code   RO           62    .text.MX_I2C2_Init  i2c.o
    0x08006308   0x08006308   0x0000004e   Code   RO           82    .text.MX_SPI1_Init  spi.o
    0x08006356   0x08006356   0x00000002   PAD
    0x08006358   0x08006358   0x000001a0   Code   RO          113    .text.MX_TIM15_Init  tim.o
    0x080064f8   0x080064f8   0x0000007c   Code   RO           97    .text.MX_TIM1_Init  tim.o
    0x08006574   0x08006574   0x00000074   Code   RO           99    .text.MX_TIM2_Init  tim.o
    0x080065e8   0x080065e8   0x00000078   Code   RO          101    .text.MX_TIM3_Init  tim.o
    0x08006660   0x08006660   0x00000078   Code   RO          103    .text.MX_TIM4_Init  tim.o
    0x080066d8   0x080066d8   0x00000080   Code   RO          105    .text.MX_TIM5_Init  tim.o
    0x08006758   0x08006758   0x00000054   Code   RO          107    .text.MX_TIM6_Init  tim.o
    0x080067ac   0x080067ac   0x000001a8   Code   RO          109    .text.MX_TIM8_Init  tim.o
    0x08006954   0x08006954   0x00000082   Code   RO          143    .text.MX_UART4_Init  usart.o
    0x080069d6   0x080069d6   0x00000002   PAD
    0x080069d8   0x080069d8   0x00000082   Code   RO          145    .text.MX_USART1_UART_Init  usart.o
    0x08006a5a   0x08006a5a   0x00000002   PAD
    0x08006a5c   0x08006a5c   0x00000082   Code   RO          147    .text.MX_USART2_UART_Init  usart.o
    0x08006ade   0x08006ade   0x00000002   PAD
    0x08006ae0   0x08006ae0   0x00000082   Code   RO          149    .text.MX_USART3_UART_Init  usart.o
    0x08006b62   0x08006b62   0x00000002   PAD
    0x08006b64   0x08006b64   0x00000002   Code   RO          179    .text.MemManage_Handler  stm32g4xx_it.o
    0x08006b66   0x08006b66   0x00000002   PAD
    0x08006b68   0x08006b68   0x00000002   Code   RO          175    .text.NMI_Handler   stm32g4xx_it.o
    0x08006b6a   0x08006b6a   0x00000002   PAD
    0x08006b6c   0x08006b6c   0x00000002   Code   RO          189    .text.PendSV_Handler  stm32g4xx_it.o
    0x08006b6e   0x08006b6e   0x00000002   PAD
    0x08006b70   0x08006b70   0x00000002   Code   RO          185    .text.SVC_Handler   stm32g4xx_it.o
    0x08006b72   0x08006b72   0x00000002   PAD
    0x08006b74   0x08006b74   0x00000004   Code   RO          191    .text.SysTick_Handler  stm32g4xx_it.o
    0x08006b78   0x08006b78   0x00000012   Code   RO         1739    .text.SystemInit    system_stm32g4xx.o
    0x08006b8a   0x08006b8a   0x00000002   PAD
    0x08006b8c   0x08006b8c   0x0000000c   Code   RO          207    .text.TIM1_TRG_COM_TIM17_IRQHandler  stm32g4xx_it.o
    0x08006b98   0x08006b98   0x0000000c   Code   RO          217    .text.TIM5_IRQHandler  stm32g4xx_it.o
    0x08006ba4   0x08006ba4   0x0000000c   Code   RO          221    .text.TIM6_DAC_IRQHandler  stm32g4xx_it.o
    0x08006bb0   0x08006bb0   0x00000140   Code   RO         1186    .text.TIM_Base_SetConfig  stm32g4xx_hal_tim.o
    0x08006cf0   0x08006cf0   0x0000000c   Code   RO          219    .text.UART4_IRQHandler  stm32g4xx_it.o
    0x08006cfc   0x08006cfc   0x000000e6   Code   RO         1562    .text.UART_AdvFeatureConfig  stm32g4xx_hal_uart.o
    0x08006de2   0x08006de2   0x00000002   PAD
    0x08006de4   0x08006de4   0x00000010   Code   RO         1642    .text.UART_DMAAbortOnError  stm32g4xx_hal_uart.o
    0x08006df4   0x08006df4   0x000002c0   Code   RO         1560    .text.UART_SetConfig  stm32g4xx_hal_uart.o
    0x080070b4   0x080070b4   0x000000e8   Code   RO         1578    .text.UART_WaitOnFlagUntilTimeout  stm32g4xx_hal_uart.o
    0x0800719c   0x0800719c   0x0000000c   Code   RO          211    .text.USART1_IRQHandler  stm32g4xx_it.o
    0x080071a8   0x080071a8   0x0000000c   Code   RO          213    .text.USART2_IRQHandler  stm32g4xx_it.o
    0x080071b4   0x080071b4   0x0000000c   Code   RO          215    .text.USART3_IRQHandler  stm32g4xx_it.o
    0x080071c0   0x080071c0   0x00000002   Code   RO          183    .text.UsageFault_Handler  stm32g4xx_it.o
    0x080071c2   0x080071c2   0x00000002   PAD
    0x080071c4   0x080071c4   0x00000030   Code   RO         1849    .text.after_init_state  status.o
    0x080071f4   0x080071f4   0x00000094   Code   RO         2153    .text.compute_pid   pid.o
    0x08007288   0x08007288   0x00000194   Code   RO         2029    .text.correct_gw_analogue  gw_analogue.o
    0x0800741c   0x0800741c   0x0000002c   Code   RO         1782    .text.driver_BUZZER  buzzer.o
    0x08007448   0x08007448   0x0000007a   Code   RO         1770    .text.driver_LED    led.o
    0x080074c2   0x080074c2   0x00000002   PAD
    0x080074c4   0x080074c4   0x000001de   Code   RO         1756    .text.driver_button  button.o
    0x080076a2   0x080076a2   0x00000006   PAD
    0x080076a8   0x080076a8   0x00000078   Code   RO         2067    .text.driver_servo  servo.o
    0x08007720   0x08007720   0x000000c0   Code   RO         2083    .text.driver_wheel  wheel.o
    0x080077e0   0x080077e0   0x00000204   Code   RO         1841    .text.follow_line   status.o
    0x080079e4   0x080079e4   0x0000003c   Code   RO         2031    .text.get_gw_analoge_digital_data  gw_analogue.o
    0x08007a20   0x08007a20   0x000000e8   Code   RO         2037    .text.get_gw_analogue_analogue_diff  gw_analogue.o
    0x08007b08   0x08007b08   0x0000003a   Code   RO         2027    .text.get_gw_raw_data  gw_analogue.o
    0x08007b42   0x08007b42   0x00000002   PAD
    0x08007b44   0x08007b44   0x00000020   Code   RO         1964    .text.get_gyr_raw_data  gy901.o
    0x08007b64   0x08007b64   0x00000004   PAD
    0x08007b68   0x08007b68   0x000000a4   Code   RO         1966    .text.get_gyr_value  gy901.o
    0x08007c0c   0x08007c0c   0x000002e8   Code   RO         1876    .text.get_road_type  road.o
    0x08007ef4   0x08007ef4   0x00000042   Code   RO         2079    .text.get_wheel_speed  wheel.o
    0x08007f36   0x08007f36   0x00000002   PAD
    0x08007f38   0x08007f38   0x0000000a   Code   RO         1784    .text.init_BUZZER   buzzer.o
    0x08007f42   0x08007f42   0x00000002   PAD
    0x08007f44   0x08007f44   0x0000000a   Code   RO         1772    .text.init_LED      led.o
    0x08007f4e   0x08007f4e   0x00000002   PAD
    0x08007f50   0x08007f50   0x00000014   Code   RO         1758    .text.init_button   button.o
    0x08007f64   0x08007f64   0x00000094   Code   RO         1938    .text.init_gw_8bit  gw_find_line.o
    0x08007ff8   0x08007ff8   0x0000009c   Code   RO         2023    .text.init_gw_analogue  gw_analogue.o
    0x08008094   0x08008094   0x00000068   Code   RO         1962    .text.init_gyr      gy901.o
    0x080080fc   0x080080fc   0x0000001a   Code   RO         2151    .text.init_pid      pid.o
    0x08008116   0x08008116   0x00000002   PAD
    0x08008118   0x08008118   0x000000a0   Code   RO         2069    .text.init_servo    servo.o
    0x080081b8   0x080081b8   0x0000016c   Code   RO         1837    .text.init_status   status.o
    0x08008324   0x08008324   0x000000c8   Code   RO         2085    .text.init_wheel    wheel.o
    0x080083ec   0x080083ec   0x00000052   Code   RO         2140    .text.log_uprintf   log.o
    0x0800843e   0x0800843e   0x00000002   PAD
    0x08008440   0x08008440   0x000000de   Code   RO           11    .text.main          main.o
    0x0800851e   0x0800851e   0x00000002   PAD
    0x08008520   0x08008520   0x00000036   Code   RO         2025    .text.select_channel  gw_analogue.o
    0x08008556   0x08008556   0x00000002   PAD
    0x08008558   0x08008558   0x0000010e   Code   RO         2081    .text.set_wheel_dir  wheel.o
    0x08008666   0x08008666   0x00000002   PAD
    0x08008668   0x08008668   0x00000260   Code   RO         1845    .text.update_status  status.o
    0x080088c8   0x080088c8   0x0000003e   Code   RO         2380    CL$$btod_d2e        c_w.l(btod.o)
    0x08008906   0x08008906   0x00000046   Code   RO         2382    CL$$btod_d2e_denorm_low  c_w.l(btod.o)
    0x0800894c   0x0800894c   0x00000060   Code   RO         2381    CL$$btod_d2e_norm_op1  c_w.l(btod.o)
    0x080089ac   0x080089ac   0x00000338   Code   RO         2390    CL$$btod_div_common  c_w.l(btod.o)
    0x08008ce4   0x08008ce4   0x000000dc   Code   RO         2387    CL$$btod_e2e        c_w.l(btod.o)
    0x08008dc0   0x08008dc0   0x0000002a   Code   RO         2384    CL$$btod_ediv       c_w.l(btod.o)
    0x08008dea   0x08008dea   0x0000002a   Code   RO         2383    CL$$btod_emul       c_w.l(btod.o)
    0x08008e14   0x08008e14   0x00000244   Code   RO         2389    CL$$btod_mult_common  c_w.l(btod.o)
    0x08009058   0x08009058   0x00000030   Code   RO         2424    i.__ARM_fpclassify  m_wm.l(fpclassify.o)
    0x08009088   0x08009088   0x0000000e   Code   RO         2270    i._is_digit         c_w.l(__printf_wp.o)
    0x08009096   0x08009096   0x00000002   PAD
    0x08009098   0x08009098   0x0000002c   Code   RO         2405    locale$$code        c_w.l(lc_ctype_c.o)
    0x080090c4   0x080090c4   0x0000002c   Code   RO         2408    locale$$code        c_w.l(lc_numeric_c.o)
    0x080090f0   0x080090f0   0x00000062   Code   RO         2176    x$fpl$d2f           fz_wm.l(d2f.o)
    0x08009152   0x08009152   0x00000002   PAD
    0x08009154   0x08009154   0x00000150   Code   RO         2178    x$fpl$dadd          fz_wm.l(daddsub_clz.o)
    0x080092a4   0x080092a4   0x0000005e   Code   RO         2188    x$fpl$dfix          fz_wm.l(dfix.o)
    0x08009302   0x08009302   0x0000002e   Code   RO         2193    x$fpl$dflt          fz_wm.l(dflt_clz.o)
    0x08009330   0x08009330   0x00000026   Code   RO         2192    x$fpl$dfltu         fz_wm.l(dflt_clz.o)
    0x08009356   0x08009356   0x00000002   PAD
    0x08009358   0x08009358   0x00000154   Code   RO         2198    x$fpl$dmul          fz_wm.l(dmul.o)
    0x080094ac   0x080094ac   0x0000009c   Code   RO         2305    x$fpl$dnaninf       fz_wm.l(dnaninf.o)
    0x08009548   0x08009548   0x0000000c   Code   RO         2307    x$fpl$dretinf       fz_wm.l(dretinf.o)
    0x08009554   0x08009554   0x000001dc   Code   RO         2180    x$fpl$dsub          fz_wm.l(daddsub_clz.o)
    0x08009730   0x08009730   0x00000056   Code   RO         2200    x$fpl$f2d           fz_wm.l(f2d.o)
    0x08009786   0x08009786   0x0000008c   Code   RO         2309    x$fpl$fnaninf       fz_wm.l(fnaninf.o)
    0x08009812   0x08009812   0x0000001a   Code   RO         2504    x$fpl$fpinit        fz_wm.l(fpinit.o)
    0x0800982c   0x0800982c   0x0000000a   Code   RO         2311    x$fpl$fretinf       fz_wm.l(fretinf.o)
    0x08009836   0x08009836   0x00000004   Code   RO         2313    x$fpl$printf1       fz_wm.l(printf1.o)
    0x0800983a   0x0800983a   0x00000004   Code   RO         2315    x$fpl$printf2       fz_wm.l(printf2.o)
    0x0800983e   0x0800983e   0x00000000   Code   RO         2321    x$fpl$usenofp       fz_wm.l(usenofp.o)
    0x0800983e   0x0800983e   0x00000002   PAD
    0x08009840   0x08009840   0x00000008   Data   RO         2229    .constdata          c_w.l(_printf_wctomb.o)
    0x08009848   0x08009848   0x00000028   Data   RO         2258    .constdata          c_w.l(_printf_hex_int_ll_ptr.o)
    0x08009870   0x08009870   0x00000011   Data   RO         2278    .constdata          c_w.l(__printf_flags_ss_wp.o)
    0x08009881   0x08009881   0x00000026   Data   RO         2353    .constdata          c_w.l(_printf_fp_hex.o)
    0x080098a7   0x080098a7   0x00000001   PAD
    0x080098a8   0x080098a8   0x00000094   Data   RO         2378    .constdata          c_w.l(bigflt0.o)
    0x0800993c   0x0800993c   0x00000010   Data   RO         1744    .rodata.AHBPrescTable  system_stm32g4xx.o
    0x0800994c   0x0800994c   0x00000008   Data   RO         1745    .rodata.APBPrescTable  system_stm32g4xx.o
    0x08009954   0x08009954   0x00000018   Data   RO         1690    .rodata.UARTPrescTable  stm32g4xx_hal_uart.o
    0x0800996c   0x0800996c   0x00000010   Data   RO         1691    .rodata.cst16       stm32g4xx_hal_uart.o
    0x0800997c   0x0800997c   0x00000010   Data   RO         1730    .rodata.cst8        stm32g4xx_hal_uart_ex.o
    0x0800998c   0x0800998c   0x00000004   Data   RO         2040    .rodata.str1.1      gw_analogue.o
    0x08009990   0x08009990   0x00000020   Data   RO         2565    Region$$Table       anon$$obj.o
    0x080099b0   0x080099b0   0x00000110   Data   RO         2404    locale$$data        c_w.l(lc_ctype_c.o)
    0x08009ac0   0x08009ac0   0x0000001c   Data   RO         2407    locale$$data        c_w.l(lc_numeric_c.o)


    Execution Region RW_IRAM1 (Exec base: 0x20000000, Load base: 0x08009ae0, Size: 0x000015e0, Max: 0x00020000, ABSOLUTE)

    Exec Addr    Load Addr    Size         Type   Attr      Idx    E Section Name        Object

    0x20000000   0x08009ae0   0x00000004   Data   RW         1743    .data.SystemCoreClock  system_stm32g4xx.o
    0x20000004   0x08009ae4   0x00000001   Data   RW         1858    .data.cnt           status.o
    0x20000005   0x08009ae5   0x00000003   PAD
    0x20000008   0x08009ae8   0x00000020   Data   RW         2039    .data.distance      gw_analogue.o
    0x20000028   0x08009b08   0x00000003   Data   RW         1800    .data.find_voice    timer_it.o
    0x2000002b   0x08009b0b   0x00000001   Data   RW         1859    .data.flag          status.o
    0x2000002c   0x08009b0c   0x00000004   Data   RW         1854    .data.keep_angle_time  status.o
    0x20000030   0x08009b10   0x00000003   Data   RW         1799    .data.maixcam       timer_it.o
    0x20000033   0x08009b13   0x00000001   Data   RW         1857    .data.road_buf      status.o
    0x20000034   0x08009b14   0x00000004   Data   RW         1851    .data.rw_time_cur   status.o
    0x20000038   0x08009b18   0x00000004   Data   RW         1852    .data.rw_time_tar   status.o
    0x2000003c   0x08009b1c   0x00000004   Data   RW          452    .data.uwTickFreq    stm32g4xx_hal.o
    0x20000040   0x08009b20   0x00000004   Data   RW          451    .data.uwTickPrio    stm32g4xx_hal.o
    0x20000044   0x08009b24   0x00000004   PAD
    0x20000048        -       0x00000060   Zero   RW         2323    .bss                c_w.l(libspace.o)
    0x200000a8        -       0x00000001   Zero   RW         1761    .bss.button_2_cnt   button.o
    0x200000a9        -       0x00000001   Zero   RW         1878    .bss.cross_cnt      road.o
    0x200000aa        -       0x00000001   Zero   RW         1853    .bss.cross_delay    status.o
    0x200000ab   0x08009b24   0x00000001   PAD
    0x200000ac        -       0x0000006c   Zero   RW           41    .bss.hadc3          adc.o
    0x20000118        -       0x00000060   Zero   RW           42    .bss.hdma_adc3      adc.o
    0x20000178        -       0x00000060   Zero   RW           70    .bss.hdma_i2c1_rx   i2c.o
    0x200001d8        -       0x00000060   Zero   RW           71    .bss.hdma_i2c1_tx   i2c.o
    0x20000238        -       0x00000060   Zero   RW           72    .bss.hdma_i2c2_rx   i2c.o
    0x20000298        -       0x00000060   Zero   RW           73    .bss.hdma_i2c2_tx   i2c.o
    0x200002f8        -       0x00000060   Zero   RW          159    .bss.hdma_uart4_rx  usart.o
    0x20000358        -       0x00000060   Zero   RW          160    .bss.hdma_uart4_tx  usart.o
    0x200003b8        -       0x00000060   Zero   RW          161    .bss.hdma_usart1_rx  usart.o
    0x20000418        -       0x00000060   Zero   RW          162    .bss.hdma_usart1_tx  usart.o
    0x20000478        -       0x00000060   Zero   RW          163    .bss.hdma_usart2_rx  usart.o
    0x200004d8        -       0x00000060   Zero   RW          164    .bss.hdma_usart2_tx  usart.o
    0x20000538        -       0x00000060   Zero   RW          165    .bss.hdma_usart3_rx  usart.o
    0x20000598        -       0x00000060   Zero   RW          166    .bss.hdma_usart3_tx  usart.o
    0x200005f8        -       0x0000004c   Zero   RW           68    .bss.hi2c1          i2c.o
    0x20000644        -       0x0000004c   Zero   RW           69    .bss.hi2c2          i2c.o
    0x20000690        -       0x00000064   Zero   RW           88    .bss.hspi1          spi.o
    0x200006f4        -       0x0000004c   Zero   RW          127    .bss.htim1          tim.o
    0x20000740        -       0x0000004c   Zero   RW          134    .bss.htim15         tim.o
    0x2000078c        -       0x0000004c   Zero   RW          128    .bss.htim2          tim.o
    0x200007d8        -       0x0000004c   Zero   RW          129    .bss.htim3          tim.o
    0x20000824        -       0x0000004c   Zero   RW          130    .bss.htim4          tim.o
    0x20000870        -       0x0000004c   Zero   RW          131    .bss.htim5          tim.o
    0x200008bc        -       0x0000004c   Zero   RW          132    .bss.htim6          tim.o
    0x20000908        -       0x0000004c   Zero   RW          133    .bss.htim8          tim.o
    0x20000954        -       0x00000090   Zero   RW          156    .bss.huart1         usart.o
    0x200009e4        -       0x00000090   Zero   RW          157    .bss.huart2         usart.o
    0x20000a74        -       0x00000090   Zero   RW          158    .bss.huart3         usart.o
    0x20000b04        -       0x00000090   Zero   RW          155    .bss.huart4         usart.o
    0x20000b94        -       0x00000001   Zero   RW         1798    .bss.is_init        timer_it.o
    0x20000b95        -       0x00000001   Zero   RW         1879    .bss.left_cnt       road.o
    0x20000b96        -       0x00000001   Zero   RW         2142    .bss.log_uprintf.abbuf  log.o
    0x20000b97        -       0x00000200   Zero   RW         2143    .bss.log_uprintf.buf  log.o
    0x20000d97        -       0x00000001   Zero   RW         1855    .bss.speed_show_flag  status.o
    0x20000d98        -       0x00000240   Zero   RW         1856    .bss.status         status.o
    0x20000fd8        -       0x00000004   Zero   RW          453    .bss.uwTick         stm32g4xx_hal.o
    0x20000fdc        -       0x00000001   Zero   RW         1797    .bss.wait_finish_flag  timer_it.o
    0x20000fdd   0x08009b24   0x00000003   PAD
    0x20000fe0        -       0x00000200   Zero   RW            2    HEAP                startup_stm32g474xx.o
    0x200011e0        -       0x00000400   Zero   RW            1    STACK               startup_stm32g474xx.o


==============================================================================

Image component sizes


      Code (inc. data)   RO Data    RW Data    ZI Data      Debug   Object Name

       388          0          0          0        204       7428   adc.o
       498          0          0          0          1       2993   button.o
        54          0          0          0          0       1678   buzzer.o
       280          0          0          0          0       4178   dma.o
       418          0          0          0          0       2590   gpio.o
       964         28          4         32          0       5799   gw_analogue.o
       148          4          0          0          0       9217   gw_find_line.o
       300         32          0          0          0       5291   gy901.o
       764          0          0          0        536       9864   i2c.o
       132          0          0          0          0       1726   led.o
        82          0          0          0        513       4431   log.o
       232          0          0          0          0       3383   main.o
       174          4          0          0          0       1215   pid.o
       744        120          0          0          2       3706   road.o
       280         48          0          0          0       2091   servo.o
       186          0          0          0        100       5654   spi.o
        64         26        472          0       1536        848   startup_stm32g474xx.o
      1536         52          0         15        578       8720   status.o
       198          0          0          8          4       9248   stm32g4xx_hal.o
      2616          0          0          0          0      25293   stm32g4xx_hal_adc.o
       308          0          0          0          0      22423   stm32g4xx_hal_adc_ex.o
       196          0          0          0          0      10826   stm32g4xx_hal_cortex.o
       682          0          0          0          0       8841   stm32g4xx_hal_dma.o
       438          0          0          0          0       5197   stm32g4xx_hal_gpio.o
      1322          0          0          0          0      56515   stm32g4xx_hal_i2c.o
       146          0          0          0          0       6560   stm32g4xx_hal_i2c_ex.o
        52          0          0          0          0       1751   stm32g4xx_hal_msp.o
       260          0          0          0          0       9228   stm32g4xx_hal_pwr_ex.o
      2170          0          0          0          0      10104   stm32g4xx_hal_rcc.o
       808          0          0          0          0      10972   stm32g4xx_hal_rcc_ex.o
       228          0          0          0          0      24496   stm32g4xx_hal_spi.o
      3492         16          0          0          0      62305   stm32g4xx_hal_tim.o
       476          0          0          0          0      30569   stm32g4xx_hal_tim_ex.o
      2502         46         40          0          0      35559   stm32g4xx_hal_uart.o
       352          0         16          0          0      10599   stm32g4xx_hal_uart_ex.o
       272          0          0          0          0      10056   stm32g4xx_it.o
        18          0         24          4          0       2767   system_stm32g4xx.o
      2116          0          0          0        608      15006   tim.o
      1184         28          0          6          2       7248   timer_it.o
      1504          0          0          0       1344      10675   usart.o
       728         16          0          0          0       4563   wheel.o

    ----------------------------------------------------------------------
     29484        420        588         68       5436     471613   Object Totals
         0          0         32          0          0          0   (incl. Generated)
       172          0          0          3          8          0   (incl. Padding)

    ----------------------------------------------------------------------

      Code (inc. data)   RO Data    RW Data    ZI Data      Debug   Library Member Name

         8          0          0          0          0         68   __main.o
       392          4         17          0          0         92   __printf_flags_ss_wp.o
        14          0          0          0          0         68   __printf_wp.o
         0          0          0          0          0          0   __rtentry.o
        12          0          0          0          0          0   __rtentry2.o
         6          0          0          0          0          0   __rtentry4.o
        94          8          0          0          0          0   __scatter.o
        26          0          0          0          0          0   __scatter_copy.o
        28          0          0          0          0          0   __scatter_zi.o
        72          0          0          0          0         96   _c16rtomb.o
         6          0          0          0          0          0   _printf_a.o
         6          0          0          0          0          0   _printf_c.o
        44          0          0          0          0        108   _printf_char.o
        48          6          0          0          0         96   _printf_char_common.o
        40          0          0          0          0         68   _printf_charcount.o
         6          0          0          0          0          0   _printf_d.o
       120         16          0          0          0         92   _printf_dec.o
         6          0          0          0          0          0   _printf_e.o
         6          0          0          0          0          0   _printf_f.o
      1052          0          0          0          0        148   _printf_fp_dec.o
       764          8         38          0          0        100   _printf_fp_hex.o
       128         16          0          0          0         84   _printf_fp_infnan.o
         6          0          0          0          0          0   _printf_g.o
       148          4         40          0          0        160   _printf_hex_int_ll_ptr.o
         6          0          0          0          0          0   _printf_i.o
       178          0          0          0          0         88   _printf_intcommon.o
        10          0          0          0          0          0   _printf_l.o
         6          0          0          0          0          0   _printf_lc.o
        10          0          0          0          0          0   _printf_ll.o
         6          0          0          0          0          0   _printf_lld.o
         6          0          0          0          0          0   _printf_lli.o
         6          0          0          0          0          0   _printf_llo.o
         6          0          0          0          0          0   _printf_llu.o
         6          0          0          0          0          0   _printf_llx.o
       124         16          0          0          0         92   _printf_longlong_dec.o
         6          0          0          0          0          0   _printf_ls.o
         6          0          0          0          0          0   _printf_n.o
         6          0          0          0          0          0   _printf_o.o
       112          8          0          0          0        124   _printf_oct_int_ll.o
         6          0          0          0          0          0   _printf_p.o
        78          0          0          0          0        108   _printf_pad.o
         0          0          0          0          0          0   _printf_percent.o
         4          0          0          0          0          0   _printf_percent_end.o
         6          0          0          0          0          0   _printf_s.o
        82          0          0          0          0         80   _printf_str.o
        36          0          0          0          0         84   _printf_truncate.o
         6          0          0          0          0          0   _printf_u.o
        44          0          0          0          0        108   _printf_wchar.o
       188          6          8          0          0         92   _printf_wctomb.o
         6          0          0          0          0          0   _printf_x.o
        16          0          0          0          0         68   _snputc.o
       228          4        148          0          0         96   bigflt0.o
      1936        128          0          0          0        668   btod.o
        18          0          0          0          0         80   exit.o
         6          0          0          0          0        152   heapauxi.o
         0          0          0          0          0          0   indicate_semi.o
        44         10        272          0          0         76   lc_ctype_c.o
        44         10         28          0          0         76   lc_numeric_c.o
         2          0          0          0          0          0   libinit.o
        34          0          0          0          0          0   libinit2.o
         2          0          0          0          0          0   libshutdown.o
         2          0          0          0          0          0   libshutdown2.o
         8          4          0          0         96         68   libspace.o
       138          0          0          0          0         80   lludiv10.o
       240          0          0          0          0        100   lludivv7m.o
        16          4          0          0          0         76   rt_ctype_table.o
         8          4          0          0          0         68   rt_locale_intlibspace.o
        78          0          0          0          0         80   rt_memclr_w.o
         2          0          0          0          0          0   rtexit.o
        10          0          0          0          0          0   rtexit2.o
       124          0          0          0          0         88   strcmpv7em.o
        12          4          0          0          0         68   sys_exit.o
        74          0          0          0          0         80   sys_stackheap_outer.o
         2          0          0          0          0         68   use_no_semi.o
        60          4          0          0          0         80   vsnprintf.o
        98          4          0          0          0        140   d2f.o
       812         16          0          0          0        392   daddsub_clz.o
        94          4          0          0          0        140   dfix.o
        84          0          0          0          0        232   dflt_clz.o
       340         12          0          0          0        152   dmul.o
       156          4          0          0          0        140   dnaninf.o
        12          0          0          0          0        116   dretinf.o
        86          4          0          0          0        132   f2d.o
       140          4          0          0          0        132   fnaninf.o
        26          0          0          0          0        116   fpinit.o
        10          0          0          0          0        116   fretinf.o
         4          0          0          0          0        116   printf1.o
         4          0          0          0          0        116   printf2.o
         0          0          0          0          0          0   usenofp.o
        48          0          0          0          0        124   fpclassify.o

    ----------------------------------------------------------------------
      9020        312        552          0         96       6192   Library Totals
        20          0          1          0          0          0   (incl. Padding)

    ----------------------------------------------------------------------

      Code (inc. data)   RO Data    RW Data    ZI Data      Debug   Library Name

      7086        264        551          0         96       4028   c_w.l
      1866         48          0          0          0       2040   fz_wm.l
        48          0          0          0          0        124   m_wm.l

    ----------------------------------------------------------------------
      9020        312        552          0         96       6192   Library Totals

    ----------------------------------------------------------------------

==============================================================================


      Code (inc. data)   RO Data    RW Data    ZI Data      Debug   

     38504        732       1140         68       5532     473561   Grand Totals
     38504        732       1140         68       5532     473561   ELF Image Totals
     38504        732       1140         68          0          0   ROM Totals

==============================================================================

    Total RO  Size (Code + RO Data)                39644 (  38.71kB)
    Total RW  Size (RW Data + ZI Data)              5600 (   5.47kB)
    Total ROM Size (Code + RO Data + RW Data)      39712 (  38.78kB)

==============================================================================

