Component: Arm Compiler for Embedded 6.22 Tool: armlink [5ee90200]

==============================================================================

Section Cross References

    startup_stm32g474xx.o(STACK) refers (Special) to heapauxi.o(.text) for __use_two_region_memory
    startup_stm32g474xx.o(HEAP) refers (Special) to heapauxi.o(.text) for __use_two_region_memory
    startup_stm32g474xx.o(RESET) refers (Special) to heapauxi.o(.text) for __use_two_region_memory
    startup_stm32g474xx.o(RESET) refers to startup_stm32g474xx.o(STACK) for __initial_sp
    startup_stm32g474xx.o(RESET) refers to startup_stm32g474xx.o(.text) for Reset_Handler
    startup_stm32g474xx.o(RESET) refers to stm32g4xx_it.o(.text.NMI_Handler) for NMI_Handler
    startup_stm32g474xx.o(RESET) refers to stm32g4xx_it.o(.text.HardFault_Handler) for HardFault_Handler
    startup_stm32g474xx.o(RESET) refers to stm32g4xx_it.o(.text.MemManage_Handler) for MemManage_Handler
    startup_stm32g474xx.o(RESET) refers to stm32g4xx_it.o(.text.BusFault_Handler) for BusFault_Handler
    startup_stm32g474xx.o(RESET) refers to stm32g4xx_it.o(.text.UsageFault_Handler) for UsageFault_Handler
    startup_stm32g474xx.o(RESET) refers to stm32g4xx_it.o(.text.SVC_Handler) for SVC_Handler
    startup_stm32g474xx.o(RESET) refers to stm32g4xx_it.o(.text.DebugMon_Handler) for DebugMon_Handler
    startup_stm32g474xx.o(RESET) refers to stm32g4xx_it.o(.text.PendSV_Handler) for PendSV_Handler
    startup_stm32g474xx.o(RESET) refers to stm32g4xx_it.o(.text.SysTick_Handler) for SysTick_Handler
    startup_stm32g474xx.o(RESET) refers to stm32g4xx_it.o(.text.DMA1_Channel1_IRQHandler) for DMA1_Channel1_IRQHandler
    startup_stm32g474xx.o(RESET) refers to stm32g4xx_it.o(.text.DMA1_Channel2_IRQHandler) for DMA1_Channel2_IRQHandler
    startup_stm32g474xx.o(RESET) refers to stm32g4xx_it.o(.text.DMA1_Channel3_IRQHandler) for DMA1_Channel3_IRQHandler
    startup_stm32g474xx.o(RESET) refers to stm32g4xx_it.o(.text.DMA1_Channel4_IRQHandler) for DMA1_Channel4_IRQHandler
    startup_stm32g474xx.o(RESET) refers to stm32g4xx_it.o(.text.DMA1_Channel5_IRQHandler) for DMA1_Channel5_IRQHandler
    startup_stm32g474xx.o(RESET) refers to stm32g4xx_it.o(.text.DMA1_Channel6_IRQHandler) for DMA1_Channel6_IRQHandler
    startup_stm32g474xx.o(RESET) refers to stm32g4xx_it.o(.text.DMA1_Channel7_IRQHandler) for DMA1_Channel7_IRQHandler
    startup_stm32g474xx.o(RESET) refers to stm32g4xx_it.o(.text.TIM1_TRG_COM_TIM17_IRQHandler) for TIM1_TRG_COM_TIM17_IRQHandler
    startup_stm32g474xx.o(RESET) refers to stm32g4xx_it.o(.text.I2C1_EV_IRQHandler) for I2C1_EV_IRQHandler
    startup_stm32g474xx.o(RESET) refers to stm32g4xx_it.o(.text.USART1_IRQHandler) for USART1_IRQHandler
    startup_stm32g474xx.o(RESET) refers to stm32g4xx_it.o(.text.USART2_IRQHandler) for USART2_IRQHandler
    startup_stm32g474xx.o(RESET) refers to stm32g4xx_it.o(.text.USART3_IRQHandler) for USART3_IRQHandler
    startup_stm32g474xx.o(RESET) refers to stm32g4xx_it.o(.text.TIM5_IRQHandler) for TIM5_IRQHandler
    startup_stm32g474xx.o(RESET) refers to stm32g4xx_it.o(.text.UART4_IRQHandler) for UART4_IRQHandler
    startup_stm32g474xx.o(RESET) refers to stm32g4xx_it.o(.text.TIM6_DAC_IRQHandler) for TIM6_DAC_IRQHandler
    startup_stm32g474xx.o(RESET) refers to stm32g4xx_it.o(.text.DMA2_Channel1_IRQHandler) for DMA2_Channel1_IRQHandler
    startup_stm32g474xx.o(RESET) refers to stm32g4xx_it.o(.text.DMA2_Channel2_IRQHandler) for DMA2_Channel2_IRQHandler
    startup_stm32g474xx.o(RESET) refers to stm32g4xx_it.o(.text.DMA2_Channel3_IRQHandler) for DMA2_Channel3_IRQHandler
    startup_stm32g474xx.o(RESET) refers to stm32g4xx_it.o(.text.DMA2_Channel4_IRQHandler) for DMA2_Channel4_IRQHandler
    startup_stm32g474xx.o(RESET) refers to stm32g4xx_it.o(.text.DMA2_Channel5_IRQHandler) for DMA2_Channel5_IRQHandler
    startup_stm32g474xx.o(RESET) refers to stm32g4xx_it.o(.text.DMA1_Channel8_IRQHandler) for DMA1_Channel8_IRQHandler
    startup_stm32g474xx.o(.text) refers (Special) to heapauxi.o(.text) for __use_two_region_memory
    startup_stm32g474xx.o(.text) refers to system_stm32g4xx.o(.text.SystemInit) for SystemInit
    startup_stm32g474xx.o(.text) refers to __main.o(!!!main) for __main
    startup_stm32g474xx.o(.text) refers to startup_stm32g474xx.o(HEAP) for Heap_Mem
    startup_stm32g474xx.o(.text) refers to startup_stm32g474xx.o(STACK) for Stack_Mem
    main.o(.text.main) refers to stm32g4xx_hal.o(.text.HAL_Init) for HAL_Init
    main.o(.text.main) refers to main.o(.text.SystemClock_Config) for SystemClock_Config
    main.o(.text.main) refers to gpio.o(.text.MX_GPIO_Init) for MX_GPIO_Init
    main.o(.text.main) refers to dma.o(.text.MX_DMA_Init) for MX_DMA_Init
    main.o(.text.main) refers to adc.o(.text.MX_ADC3_Init) for MX_ADC3_Init
    main.o(.text.main) refers to i2c.o(.text.MX_I2C2_Init) for MX_I2C2_Init
    main.o(.text.main) refers to tim.o(.text.MX_TIM1_Init) for MX_TIM1_Init
[...]
    HAL_ADC_Init                             0x080025c1   Thumb Code  1000  stm32g4xx_hal_adc.o(.text.HAL_ADC_Init)
    HAL_ADC_MspInit                          0x080029a9   Thumb Code   252  adc.o(.text.HAL_ADC_MspInit)
    HAL_ADC_Start_DMA                        0x08002aa5   Thumb Code   524  stm32g4xx_hal_adc.o(.text.HAL_ADC_Start_DMA)
    HAL_DMA_Abort                            0x08002cb1   Thumb Code   156  stm32g4xx_hal_dma.o(.text.HAL_DMA_Abort)
    HAL_DMA_Abort_IT                         0x08002d4d   Thumb Code   194  stm32g4xx_hal_dma.o(.text.HAL_DMA_Abort_IT)
    HAL_DMA_GetState                         0x08002e11   Thumb Code    14  stm32g4xx_hal_dma.o(.text.HAL_DMA_GetState)
    HAL_DMA_IRQHandler                       0x08002e21   Thumb Code   342  stm32g4xx_hal_dma.o(.text.HAL_DMA_IRQHandler)
    HAL_DMA_Init                             0x08002f79   Thumb Code   342  stm32g4xx_hal_dma.o(.text.HAL_DMA_Init)
    HAL_DMA_Start_IT                         0x080030d1   Thumb Code   252  stm32g4xx_hal_dma.o(.text.HAL_DMA_Start_IT)
    HAL_GPIO_Init                            0x080031cd   Thumb Code   872  stm32g4xx_hal_gpio.o(.text.HAL_GPIO_Init)
    HAL_GPIO_ReadPin                         0x08003535   Thumb Code    46  stm32g4xx_hal_gpio.o(.text.HAL_GPIO_ReadPin)
    HAL_GPIO_WritePin                        0x08003565   Thumb Code    44  stm32g4xx_hal_gpio.o(.text.HAL_GPIO_WritePin)
    HAL_GetTick                              0x08003591   Thumb Code    12  stm32g4xx_hal.o(.text.HAL_GetTick)
    HAL_I2CEx_ConfigAnalogFilter             0x0800359d   Thumb Code   152  stm32g4xx_hal_i2c_ex.o(.text.HAL_I2CEx_ConfigAnalogFilter)
    HAL_I2CEx_ConfigDigitalFilter            0x08003635   Thumb Code   162  stm32g4xx_hal_i2c_ex.o(.text.HAL_I2CEx_ConfigDigitalFilter)
    HAL_I2C_AbortCpltCallback                0x080036d9   Thumb Code     8  stm32g4xx_hal_i2c.o(.text.HAL_I2C_AbortCpltCallback)
    HAL_I2C_AddrCallback                     0x080036e1   Thumb Code    16  stm32g4xx_hal_i2c.o(.text.HAL_I2C_AddrCallback)
    HAL_I2C_EV_IRQHandler                    0x080036f1   Thumb Code    46  stm32g4xx_hal_i2c.o(.text.HAL_I2C_EV_IRQHandler)
    HAL_I2C_ErrorCallback                    0x08003721   Thumb Code     8  stm32g4xx_hal_i2c.o(.text.HAL_I2C_ErrorCallback)
    HAL_I2C_Init                             0x08003729   Thumb Code   260  stm32g4xx_hal_i2c.o(.text.HAL_I2C_Init)
    HAL_I2C_ListenCpltCallback               0x0800382d   Thumb Code     8  stm32g4xx_hal_i2c.o(.text.HAL_I2C_ListenCpltCallback)
    HAL_I2C_MasterRxCpltCallback             0x08003835   Thumb Code     8  stm32g4xx_hal_i2c.o(.text.HAL_I2C_MasterRxCpltCallback)
    HAL_I2C_MasterTxCpltCallback             0x0800383d   Thumb Code     8  stm32g4xx_hal_i2c.o(.text.HAL_I2C_MasterTxCpltCallback)
    HAL_I2C_MemRxCpltCallback                0x08003845   Thumb Code     8  stm32g4xx_hal_i2c.o(.text.HAL_I2C_MemRxCpltCallback)
    HAL_I2C_MemTxCpltCallback                0x0800384d   Thumb Code     8  stm32g4xx_hal_i2c.o(.text.HAL_I2C_MemTxCpltCallback)
    HAL_I2C_Mem_Read_DMA                     0x08003855   Thumb Code   572  stm32g4xx_hal_i2c.o(.text.HAL_I2C_Mem_Read_DMA)
    HAL_I2C_MspInit                          0x08003a91   Thumb Code   704  i2c.o(.text.HAL_I2C_MspInit)
    HAL_I2C_SlaveRxCpltCallback              0x08003d51   Thumb Code     8  stm32g4xx_hal_i2c.o(.text.HAL_I2C_SlaveRxCpltCallback)
    HAL_I2C_SlaveTxCpltCallback              0x08003d59   Thumb Code     8  stm32g4xx_hal_i2c.o(.text.HAL_I2C_SlaveTxCpltCallback)
    HAL_IncTick                              0x08003d61   Thumb Code    26  stm32g4xx_hal.o(.text.HAL_IncTick)
    HAL_Init                                 0x08003d7d   Thumb Code    48  stm32g4xx_hal.o(.text.HAL_Init)
    HAL_InitTick                             0x08003dad   Thumb Code   136  stm32g4xx_hal.o(.text.HAL_InitTick)
    HAL_MspInit                              0x08003e35   Thumb Code    72  stm32g4xx_hal_msp.o(.text.HAL_MspInit)
    HAL_NVIC_EnableIRQ                       0x08003e7d   Thumb Code    20  stm32g4xx_hal_cortex.o(.text.HAL_NVIC_EnableIRQ)
    HAL_NVIC_SetPriority                     0x08003e91   Thumb Code    46  stm32g4xx_hal_cortex.o(.text.HAL_NVIC_SetPriority)
    HAL_NVIC_SetPriorityGrouping             0x08003ec1   Thumb Code    16  stm32g4xx_hal_cortex.o(.text.HAL_NVIC_SetPriorityGrouping)
    HAL_PWREx_ControlVoltageScaling          0x08003ed1   Thumb Code   436  stm32g4xx_hal_pwr_ex.o(.text.HAL_PWREx_ControlVoltageScaling)
    HAL_PWREx_DisableUCPDDeadBattery         0x08004085   Thumb Code    18  stm32g4xx_hal_pwr_ex.o(.text.HAL_PWREx_DisableUCPDDeadBattery)
    HAL_RCCEx_PeriphCLKConfig                0x08004099   Thumb Code  1316  stm32g4xx_hal_rcc_ex.o(.text.HAL_RCCEx_PeriphCLKConfig)
    HAL_RCC_ClockConfig                      0x080045bd   Thumb Code   806  stm32g4xx_hal_rcc.o(.text.HAL_RCC_ClockConfig)
    HAL_RCC_GetHCLKFreq                      0x080048e5   Thumb Code    12  stm32g4xx_hal_rcc.o(.text.HAL_RCC_GetHCLKFreq)
    HAL_RCC_GetPCLK1Freq                     0x080048f1   Thumb Code    38  stm32g4xx_hal_rcc.o(.text.HAL_RCC_GetPCLK1Freq)
    HAL_RCC_GetPCLK2Freq                     0x08004919   Thumb Code    38  stm32g4xx_hal_rcc.o(.text.HAL_RCC_GetPCLK2Freq)
    HAL_RCC_GetSysClockFreq                  0x08004941   Thumb Code   252  stm32g4xx_hal_rcc.o(.text.HAL_RCC_GetSysClockFreq)
    HAL_RCC_OscConfig                        0x08004a3d   Thumb Code  1982  stm32g4xx_hal_rcc.o(.text.HAL_RCC_OscConfig)
    HAL_SPI_Init                             0x080051fd   Thumb Code   336  stm32g4xx_hal_spi.o(.text.HAL_SPI_Init)
    HAL_SPI_MspInit                          0x0800534d   Thumb Code   130  spi.o(.text.HAL_SPI_MspInit)
    HAL_SYSTICK_Config                       0x080053d1   Thumb Code    16  stm32g4xx_hal_cortex.o(.text.HAL_SYSTICK_Config)
    HAL_TIMEx_Break2Callback                 0x080053e1   Thumb Code     8  stm32g4xx_hal_tim_ex.o(.text.HAL_TIMEx_Break2Callback)
    HAL_TIMEx_BreakCallback                  0x080053e9   Thumb Code     8  stm32g4xx_hal_tim_ex.o(.text.HAL_TIMEx_BreakCallback)
    HAL_TIMEx_CommutCallback                 0x080053f1   Thumb Code     8  stm32g4xx_hal_tim_ex.o(.text.HAL_TIMEx_CommutCallback)
    HAL_TIMEx_ConfigBreakDeadTime            0x080053f9   Thumb Code   434  stm32g4xx_hal_tim_ex.o(.text.HAL_TIMEx_ConfigBreakDeadTime)
    HAL_TIMEx_DirectionChangeCallback        0x080055ad   Thumb Code     8  stm32g4xx_hal_tim_ex.o(.text.HAL_TIMEx_DirectionChangeCallback)
    HAL_TIMEx_EncoderIndexCallback           0x080055b5   Thumb Code     8  stm32g4xx_hal_tim_ex.o(.text.HAL_TIMEx_EncoderIndexCallback)
    HAL_TIMEx_IndexErrorCallback             0x080055bd   Thumb Code     8  stm32g4xx_hal_tim_ex.o(.text.HAL_TIMEx_IndexErrorCallback)
    HAL_TIMEx_MasterConfigSynchronization    0x080055c5   Thumb Code   372  stm32g4xx_hal_tim_ex.o(.text.HAL_TIMEx_MasterConfigSynchronization)
    HAL_TIMEx_TransitionErrorCallback        0x08005739   Thumb Code     8  stm32g4xx_hal_tim_ex.o(.text.HAL_TIMEx_TransitionErrorCallback)
    HAL_TIM_Base_Init                        0x08005741   Thumb Code   168  stm32g4xx_hal_tim.o(.text.HAL_TIM_Base_Init)
    HAL_TIM_Base_MspInit                     0x080057e9   Thumb Code   200  tim.o(.text.HAL_TIM_Base_MspInit)
    HAL_TIM_Base_Start_IT                    0x080058b1   Thumb Code   262  stm32g4xx_hal_tim.o(.text.HAL_TIM_Base_Start_IT)
    HAL_TIM_Base_Stop_IT                     0x080059b9   Thumb Code    82  stm32g4xx_hal_tim.o(.text.HAL_TIM_Base_Stop_IT)
    HAL_TIM_ConfigClockSource                0x08005a0d   Thumb Code   508  stm32g4xx_hal_tim.o(.text.HAL_TIM_ConfigClockSource)
    HAL_TIM_Encoder_Init                     0x08005c09   Thumb Code   308  stm32g4xx_hal_tim.o(.text.HAL_TIM_Encoder_Init)
    HAL_TIM_Encoder_MspInit                  0x08005d3d   Thumb Code   484  tim.o(.text.HAL_TIM_Encoder_MspInit)
    HAL_TIM_Encoder_Start                    0x08005f21   Thumb Code   334  stm32g4xx_hal_tim.o(.text.HAL_TIM_Encoder_Start)
    HAL_TIM_IC_CaptureCallback               0x08006071   Thumb Code     8  stm32g4xx_hal_tim.o(.text.HAL_TIM_IC_CaptureCallback)
    HAL_TIM_IRQHandler                       0x08006079   Thumb Code   932  stm32g4xx_hal_tim.o(.text.HAL_TIM_IRQHandler)
    HAL_TIM_MspPostInit                      0x0800641d   Thumb Code   192  tim.o(.text.HAL_TIM_MspPostInit)
    HAL_TIM_OC_DelayElapsedCallback          0x080064dd   Thumb Code     8  stm32g4xx_hal_tim.o(.text.HAL_TIM_OC_DelayElapsedCallback)
    HAL_TIM_PWM_ConfigChannel                0x080064e5   Thumb Code   432  stm32g4xx_hal_tim.o(.text.HAL_TIM_PWM_ConfigChannel)
    HAL_TIM_PWM_Init                         0x08006695   Thumb Code   168  stm32g4xx_hal_tim.o(.text.HAL_TIM_PWM_Init)
    HAL_TIM_PWM_MspInit                      0x0800673d   Thumb Code    58  tim.o(.text.HAL_TIM_PWM_MspInit)
    HAL_TIM_PWM_PulseFinishedCallback        0x08006779   Thumb Code     8  stm32g4xx_hal_tim.o(.text.HAL_TIM_PWM_PulseFinishedCallback)
    HAL_TIM_PWM_Start                        0x08006781   Thumb Code   664  stm32g4xx_hal_tim.o(.text.HAL_TIM_PWM_Start)
    HAL_TIM_PeriodElapsedCallback            0x08006a19   Thumb Code   470  timer_it.o(.text.HAL_TIM_PeriodElapsedCallback)
    HAL_TIM_TriggerCallback                  0x08006bf1   Thumb Code     8  stm32g4xx_hal_tim.o(.text.HAL_TIM_TriggerCallback)
    HAL_UARTEx_DisableFifoMode               0x08006bf9   Thumb Code   124  stm32g4xx_hal_uart_ex.o(.text.HAL_UARTEx_DisableFifoMode)
    HAL_UARTEx_RxEventCallback               0x08006c75   Thumb Code    12  stm32g4xx_hal_uart.o(.text.HAL_UARTEx_RxEventCallback)
    HAL_UARTEx_RxFifoFullCallback            0x08006c81   Thumb Code     8  stm32g4xx_hal_uart_ex.o(.text.HAL_UARTEx_RxFifoFullCallback)
    HAL_UARTEx_SetRxFifoThreshold            0x08006c89   Thumb Code   140  stm32g4xx_hal_uart_ex.o(.text.HAL_UARTEx_SetRxFifoThreshold)
    HAL_UARTEx_SetTxFifoThreshold            0x08006d15   Thumb Code   140  stm32g4xx_hal_uart_ex.o(.text.HAL_UARTEx_SetTxFifoThreshold)
    HAL_UARTEx_TxFifoEmptyCallback           0x08006da1   Thumb Code     8  stm32g4xx_hal_uart_ex.o(.text.HAL_UARTEx_TxFifoEmptyCallback)
    HAL_UARTEx_WakeupCallback                0x08006da9   Thumb Code     8  stm32g4xx_hal_uart_ex.o(.text.HAL_UARTEx_WakeupCallback)
    HAL_UART_ErrorCallback                   0x08006db1   Thumb Code     8  stm32g4xx_hal_uart.o(.text.HAL_UART_ErrorCallback)
    HAL_UART_IRQHandler                      0x08006db9   Thumb Code  1348  stm32g4xx_hal_uart.o(.text.HAL_UART_IRQHandler)
    HAL_UART_Init                            0x080072fd   Thumb Code   170  stm32g4xx_hal_uart.o(.text.HAL_UART_Init)
    HAL_UART_MspInit                         0x080073a9   Thumb Code  1340  usart.o(.text.HAL_UART_MspInit)
    HAL_UART_Transmit                        0x080078e5   Thumb Code   342  stm32g4xx_hal_uart.o(.text.HAL_UART_Transmit)
    HAL_UART_TxCpltCallback                  0x08007a3d   Thumb Code     8  stm32g4xx_hal_uart.o(.text.HAL_UART_TxCpltCallback)
    HardFault_Handler                        0x08007a45   Thumb Code     4  stm32g4xx_it.o(.text.HardFault_Handler)
    I2C1_EV_IRQHandler                       0x08007a49   Thumb Code    16  stm32g4xx_it.o(.text.I2C1_EV_IRQHandler)
    MX_ADC3_Init                             0x08009429   Thumb Code   192  adc.o(.text.MX_ADC3_Init)
    MX_DMA_Init                              0x080094e9   Thumb Code   334  dma.o(.text.MX_DMA_Init)
    MX_GPIO_Init                             0x08009639   Thumb Code   556  gpio.o(.text.MX_GPIO_Init)
    MX_I2C1_Init                             0x08009865   Thumb Code   118  i2c.o(.text.MX_I2C1_Init)
    MX_I2C2_Init                             0x080098dd   Thumb Code   118  i2c.o(.text.MX_I2C2_Init)
    MX_SPI1_Init                             0x08009955   Thumb Code    88  spi.o(.text.MX_SPI1_Init)
    MX_TIM15_Init                            0x080099ad   Thumb Code   312  tim.o(.text.MX_TIM15_Init)
    MX_TIM1_Init                             0x08009ae5   Thumb Code   134  tim.o(.text.MX_TIM1_Init)
    MX_TIM2_Init                             0x08009b6d   Thumb Code   124  tim.o(.text.MX_TIM2_Init)
    MX_TIM3_Init                             0x08009be9   Thumb Code   128  tim.o(.text.MX_TIM3_Init)
    MX_TIM4_Init                             0x08009c69   Thumb Code   128  tim.o(.text.MX_TIM4_Init)
    MX_TIM5_Init                             0x08009ce9   Thumb Code   136  tim.o(.text.MX_TIM5_Init)
    MX_TIM6_Init                             0x08009d71   Thumb Code    92  tim.o(.text.MX_TIM6_Init)
    MX_TIM8_Init                             0x08009dcd   Thumb Code   322  tim.o(.text.MX_TIM8_Init)
    MX_UART4_Init                            0x08009f11   Thumb Code   142  usart.o(.text.MX_UART4_Init)
    MX_USART1_UART_Init                      0x08009fa1   Thumb Code   142  usart.o(.text.MX_USART1_UART_Init)
    MX_USART2_UART_Init                      0x0800a031   Thumb Code   142  usart.o(.text.MX_USART2_UART_Init)
    MX_USART3_UART_Init                      0x0800a0c1   Thumb Code   142  usart.o(.text.MX_USART3_UART_Init)
    MemManage_Handler                        0x0800a151   Thumb Code     4  stm32g4xx_it.o(.text.MemManage_Handler)
    NMI_Handler                              0x0800a155   Thumb Code     4  stm32g4xx_it.o(.text.NMI_Handler)
    PendSV_Handler                           0x0800a1c5   Thumb Code     2  stm32g4xx_it.o(.text.PendSV_Handler)
    SVC_Handler                              0x0800a265   Thumb Code     2  stm32g4xx_it.o(.text.SVC_Handler)
    SysTick_Handler                          0x0800a2bd   Thumb Code     8  stm32g4xx_it.o(.text.SysTick_Handler)
    SystemClock_Config                       0x0800a2c5   Thumb Code   120  main.o(.text.SystemClock_Config)
    SystemInit                               0x0800a33d   Thumb Code    18  system_stm32g4xx.o(.text.SystemInit)
    TIM1_TRG_COM_TIM17_IRQHandler            0x0800a351   Thumb Code    16  stm32g4xx_it.o(.text.TIM1_TRG_COM_TIM17_IRQHandler)
    TIM5_IRQHandler                          0x0800a361   Thumb Code    16  stm32g4xx_it.o(.text.TIM5_IRQHandler)
    TIM6_DAC_IRQHandler                      0x0800a371   Thumb Code    16  stm32g4xx_it.o(.text.TIM6_DAC_IRQHandler)
    TIM_Base_SetConfig                       0x0800a381   Thumb Code   464  stm32g4xx_hal_tim.o(.text.TIM_Base_SetConfig)
    TIM_CCxChannelCmd                        0x0800a551   Thumb Code    54  stm32g4xx_hal_tim.o(.text.TIM_CCxChannelCmd)
    TIM_ETR_SetConfig                        0x0800a589   Thumb Code    52  stm32g4xx_hal_tim.o(.text.TIM_ETR_SetConfig)
    TIM_OC2_SetConfig                        0x0800a761   Thumb Code   400  stm32g4xx_hal_tim.o(.text.TIM_OC2_SetConfig)
    UART4_IRQHandler                         0x0800ae7d   Thumb Code    16  stm32g4xx_it.o(.text.UART4_IRQHandler)
    UART_AdvFeatureConfig                    0x0800af15   Thumb Code   328  stm32g4xx_hal_uart.o(.text.UART_AdvFeatureConfig)
    UART_CheckIdleState                      0x0800b05d   Thumb Code   168  stm32g4xx_hal_uart.o(.text.UART_CheckIdleState)
    UART_SetConfig                           0x0800b20d   Thumb Code  1506  stm32g4xx_hal_uart.o(.text.UART_SetConfig)
    UART_WaitOnFlagUntilTimeout              0x0800b7f1   Thumb Code   376  stm32g4xx_hal_uart.o(.text.UART_WaitOnFlagUntilTimeout)
    USART1_IRQHandler                        0x0800b969   Thumb Code    16  stm32g4xx_it.o(.text.USART1_IRQHandler)
    USART2_IRQHandler                        0x0800b979   Thumb Code    16  stm32g4xx_it.o(.text.USART2_IRQHandler)
    USART3_IRQHandler                        0x0800b989   Thumb Code    16  stm32g4xx_it.o(.text.USART3_IRQHandler)
    UsageFault_Handler                       0x0800b999   Thumb Code     4  stm32g4xx_it.o(.text.UsageFault_Handler)
    compute_pid                              0x0800ba5d   Thumb Code   278  pid.o(.text.compute_pid)
    driver_BUZZER                            0x0800bb75   Thumb Code    60  buzzer.o(.text.driver_BUZZER)
    driver_LED                               0x0800bbb1   Thumb Code   162  led.o(.text.driver_LED)
    driver_button                            0x0800bc55   Thumb Code   294  button.o(.text.driver_button)
    driver_ccd                               0x0800bd7d   Thumb Code   764  ccd.o(.text.driver_ccd)
    driver_servo                             0x0800c079   Thumb Code   248  servo.o(.text.driver_servo)
    driver_status                            0x0800c189   Thumb Code   150  status.o(.text.driver_status)
    driver_wheel                             0x0800c221   Thumb Code   432  wheel.o(.text.driver_wheel)
    get_gyr_data                             0x0800c3d1   Thumb Code    38  gy901.o(.text.get_gyr_data)
    get_gyr_value                            0x0800c3f9   Thumb Code   200  gy901.o(.text.get_gyr_value)
    get_wheel_speed                          0x0800c4d5   Thumb Code   158  wheel.o(.text.get_wheel_speed)
    init_BUZZER                              0x0800c575   Thumb Code    38  buzzer.o(.text.init_BUZZER)
    init_LED                                 0x0800c59d   Thumb Code    38  led.o(.text.init_LED)
    init_button                              0x0800c5c5   Thumb Code    68  button.o(.text.init_button)
    init_device                              0x0800c609   Thumb Code   108  status.o(.text.init_device)
    init_gyr                                 0x0800c675   Thumb Code    52  gy901.o(.text.init_gyr)
    init_motor                               0x0800c6a9   Thumb Code    80  status.o(.text.init_motor)
    init_pid                                 0x0800c701   Thumb Code    64  pid.o(.text.init_pid)
    init_sensor                              0x0800c741   Thumb Code    18  status.o(.text.init_sensor)
    init_servo                               0x0800c755   Thumb Code    48  servo.o(.text.init_servo)
    init_status                              0x0800c785   Thumb Code    44  status.o(.text.init_status)
    init_wheel                               0x0800c7b1   Thumb Code   406  wheel.o(.text.init_wheel)
    log_uprintf                              0x0800c949   Thumb Code    98  log.o(.text.log_uprintf)
    main                                     0x0800c9ad   Thumb Code   160  main.o(.text.main)
    server_button                            0x0800ca4d   Thumb Code    92  button.o(.text.server_button)
    set_wheel_dir                            0x0800caa9   Thumb Code   396  wheel.o(.text.set_wheel_dir)
    update_status                            0x0800cc35   Thumb Code    72  status.o(.text.update_status)
    _btod_d2e                                0x0800cc7d   Thumb Code    62  btod.o(CL$$btod_d2e)
    _d2e_denorm_low                          0x0800ccbb   Thumb Code    70  btod.o(CL$$btod_d2e_denorm_low)
    _d2e_norm_op1                            0x0800cd01   Thumb Code    96  btod.o(CL$$btod_d2e_norm_op1)
    __btod_div_common                        0x0800cd61   Thumb Code   696  btod.o(CL$$btod_div_common)
    _e2e                                     0x0800d099   Thumb Code   220  btod.o(CL$$btod_e2e)
    _btod_ediv                               0x0800d175   Thumb Code    42  btod.o(CL$$btod_ediv)
    _btod_emul                               0x0800d19f   Thumb Code    42  btod.o(CL$$btod_emul)
    __btod_mult_common                       0x0800d1c9   Thumb Code   580  btod.o(CL$$btod_mult_common)
    __ARM_fpclassify                         0x0800d40d   Thumb Code    48  fpclassify.o(i.__ARM_fpclassify)
    _is_digit                                0x0800d43d   Thumb Code    14  __printf_wp.o(i._is_digit)
    _get_lc_ctype                            0x0800d44d   Thumb Code    44  lc_ctype_c.o(locale$$code)
    _get_lc_numeric                          0x0800d479   Thumb Code    44  lc_numeric_c.o(locale$$code)
    __aeabi_d2f                              0x0800d4a5   Thumb Code     0  d2f.o(x$fpl$d2f)
    _d2f                                     0x0800d4a5   Thumb Code    98  d2f.o(x$fpl$d2f)
    __aeabi_dadd                             0x0800d509   Thumb Code     0  daddsub_clz.o(x$fpl$dadd)
    _dadd                                    0x0800d509   Thumb Code   332  daddsub_clz.o(x$fpl$dadd)
    __aeabi_d2iz                             0x0800d659   Thumb Code     0  dfix.o(x$fpl$dfix)
    _dfix                                    0x0800d659   Thumb Code    94  dfix.o(x$fpl$dfix)
    __aeabi_dmul                             0x0800d6b9   Thumb Code     0  dmul.o(x$fpl$dmul)
    _dmul                                    0x0800d6b9   Thumb Code   332  dmul.o(x$fpl$dmul)
    __fpl_dnaninf                            0x0800d80d   Thumb Code   156  dnaninf.o(x$fpl$dnaninf)
    __fpl_dretinf                            0x0800d8a9   Thumb Code    12  dretinf.o(x$fpl$dretinf)
    __aeabi_dsub                             0x0800d8b5   Thumb Code     0  daddsub_clz.o(x$fpl$dsub)
    _dsub                                    0x0800d8b5   Thumb Code   472  daddsub_clz.o(x$fpl$dsub)
    __aeabi_f2d                              0x0800da91   Thumb Code     0  f2d.o(x$fpl$f2d)
    _f2d                                     0x0800da91   Thumb Code    86  f2d.o(x$fpl$f2d)
    __fpl_fnaninf                            0x0800dae7   Thumb Code   140  fnaninf.o(x$fpl$fnaninf)
    _fp_init                                 0x0800db73   Thumb Code    26  fpinit.o(x$fpl$fpinit)
    __fplib_config_fpu_vfp                   0x0800db8b   Thumb Code     0  fpinit.o(x$fpl$fpinit)
    __fplib_config_pureend_doubles           0x0800db8b   Thumb Code     0  fpinit.o(x$fpl$fpinit)
    __fpl_fretinf                            0x0800db8d   Thumb Code    10  fretinf.o(x$fpl$fretinf)
    _printf_fp_dec                           0x0800db97   Thumb Code     4  printf1.o(x$fpl$printf1)
    _printf_fp_hex                           0x0800db9b   Thumb Code     4  printf2.o(x$fpl$printf2)
    __I$use$fp                               0x0800db9e   Number         0  usenofp.o(x$fpl$usenofp)
    AHBPrescTable                            0x0800dc9c   Data          16  system_stm32g4xx.o(.rodata.AHBPrescTable)
    APBPrescTable                            0x0800dcac   Data           8  system_stm32g4xx.o(.rodata.APBPrescTable)
    UARTPrescTable                           0x0800dcc4   Data          24  stm32g4xx_hal_uart.o(.rodata.UARTPrescTable)
    Region$$Table$$Base                      0x0800dcec   Number         0  anon$$obj.o(Region$$Table)
    Region$$Table$$Limit                     0x0800dd0c   Number         0  anon$$obj.o(Region$$Table)
    __ctype                                  0x0800dd19   Data           0  lc_ctype_c.o(locale$$data)
    SystemCoreClock                          0x20000000   Data           4  system_stm32g4xx.o(.data.SystemCoreClock)
    uwTickFreq                               0x20000004   Data           4  stm32g4xx_hal.o(.data.uwTickFreq)
    uwTickPrio                               0x20000008   Data           4  stm32g4xx_hal.o(.data.uwTickPrio)
    __libspace_start                         0x20000010   Data          96  libspace.o(.bss)
    BUFF_DATA_1                              0x20000070   Data         256  ccd.o(.bss.BUFF_DATA_1)
    __temporary_stack_top$libspace           0x20000070   Data           0  libspace.o(.bss)
    hadc3                                    0x20000174   Data         108  adc.o(.bss.hadc3)
    hdma_adc3                                0x200001e0   Data          96  adc.o(.bss.hdma_adc3)
    hdma_i2c1_rx                             0x20000240   Data          96  i2c.o(.bss.hdma_i2c1_rx)
    hdma_i2c1_tx                             0x200002a0   Data          96  i2c.o(.bss.hdma_i2c1_tx)
    hdma_i2c2_rx                             0x20000300   Data          96  i2c.o(.bss.hdma_i2c2_rx)
    hdma_i2c2_tx                             0x20000360   Data          96  i2c.o(.bss.hdma_i2c2_tx)
    hdma_uart4_rx                            0x200003c0   Data          96  usart.o(.bss.hdma_uart4_rx)
    hdma_uart4_tx                            0x20000420   Data          96  usart.o(.bss.hdma_uart4_tx)
    hdma_usart1_rx                           0x20000480   Data          96  usart.o(.bss.hdma_usart1_rx)
    hdma_usart1_tx                           0x200004e0   Data          96  usart.o(.bss.hdma_usart1_tx)
    hdma_usart2_rx                           0x20000540   Data          96  usart.o(.bss.hdma_usart2_rx)
    hdma_usart2_tx                           0x200005a0   Data          96  usart.o(.bss.hdma_usart2_tx)
    hdma_usart3_rx                           0x20000600   Data          96  usart.o(.bss.hdma_usart3_rx)
    hdma_usart3_tx                           0x20000660   Data          96  usart.o(.bss.hdma_usart3_tx)
    hi2c1                                    0x200006c0   Data          76  i2c.o(.bss.hi2c1)
    hi2c2                                    0x2000070c   Data          76  i2c.o(.bss.hi2c2)
    hspi1                                    0x20000758   Data         100  spi.o(.bss.hspi1)
    htim1                                    0x200007bc   Data          76  tim.o(.bss.htim1)
    htim15                                   0x20000808   Data          76  tim.o(.bss.htim15)
    htim2                                    0x20000854   Data          76  tim.o(.bss.htim2)
    htim3                                    0x200008a0   Data          76  tim.o(.bss.htim3)
    htim4                                    0x200008ec   Data          76  tim.o(.bss.htim4)
    htim5                                    0x20000938   Data          76  tim.o(.bss.htim5)
    htim6                                    0x20000984   Data          76  tim.o(.bss.htim6)
    htim8                                    0x200009d0   Data          76  tim.o(.bss.htim8)
    huart1                                   0x20000a1c   Data         144  usart.o(.bss.huart1)
    huart2                                   0x20000aac   Data         144  usart.o(.bss.huart2)
    huart3                                   0x20000b3c   Data         144  usart.o(.bss.huart3)
    huart4                                   0x20000bcc   Data         144  usart.o(.bss.huart4)
    status                                   0x20000e60   Data         304  status.o(.bss.status)
    update_or_driver                         0x20000f90   Data           1  timer_it.o(.bss.update_or_driver)
    uwTick                                   0x20000f94   Data           4  stm32g4xx_hal.o(.bss.uwTick)



==============================================================================

Memory Map of the image

  Image Entry point : 0x080001d9

  Load Region LR_IROM1 (Base: 0x08000000, Size: 0x0000de48, Max: 0x00020000, ABSOLUTE)

    Execution Region ER_IROM1 (Exec base: 0x08000000, Load base: 0x08000000, Size: 0x0000de38, Max: 0x00020000, ABSOLUTE)

    Exec Addr    Load Addr    Size         Type   Attr      Idx    E Section Name        Object

    0x08000000   0x08000000   0x000001d8   Data   RO            3    RESET               startup_stm32g474xx.o
    0x080001d8   0x080001d8   0x00000008   Code   RO         2287  * !!!main             c_w.l(__main.o)
    0x080001e0   0x080001e0   0x0000005c   Code   RO         2679    !!!scatter          c_w.l(__scatter.o)
    0x0800023c   0x0800023c   0x0000001a   Code   RO         2683    !!handler_copy      c_w.l(__scatter_copy.o)
    0x08000256   0x08000256   0x00000002   PAD
    0x08000258   0x08000258   0x00000002   Code   RO         2680    !!handler_null      c_w.l(__scatter.o)
    0x0800025a   0x0800025a   0x00000002   PAD
    0x0800025c   0x0800025c   0x0000001c   Code   RO         2685    !!handler_zi        c_w.l(__scatter_zi.o)
    0x08000278   0x08000278   0x00000000   Code   RO         2406    .ARM.Collect$$_printf_percent$$00000000  c_w.l(_printf_percent.o)
    0x08000278   0x08000278   0x00000006   Code   RO         2395    .ARM.Collect$$_printf_percent$$00000001  c_w.l(_printf_n.o)
    0x0800027e   0x0800027e   0x00000006   Code   RO         2397    .ARM.Collect$$_printf_percent$$00000002  c_w.l(_printf_p.o)
    0x08000284   0x08000284   0x00000006   Code   RO         2402    .ARM.Collect$$_printf_percent$$00000003  c_w.l(_printf_f.o)
    0x0800028a   0x0800028a   0x00000006   Code   RO         2403    .ARM.Collect$$_printf_percent$$00000004  c_w.l(_printf_e.o)
    0x08000290   0x08000290   0x00000006   Code   RO         2404    .ARM.Collect$$_printf_percent$$00000005  c_w.l(_printf_g.o)
    0x08000296   0x08000296   0x00000006   Code   RO         2405    .ARM.Collect$$_printf_percent$$00000006  c_w.l(_printf_a.o)
    0x0800029c   0x0800029c   0x0000000a   Code   RO         2410    .ARM.Collect$$_printf_percent$$00000007  c_w.l(_printf_ll.o)
    0x080002a6   0x080002a6   0x00000006   Code   RO         2399    .ARM.Collect$$_printf_percent$$00000008  c_w.l(_printf_i.o)
    0x080002ac   0x080002ac   0x00000006   Code   RO         2400    .ARM.Collect$$_printf_percent$$00000009  c_w.l(_printf_d.o)
    0x080002b2   0x080002b2   0x00000006   Code   RO         2401    .ARM.Collect$$_printf_percent$$0000000A  c_w.l(_printf_u.o)
    0x080002b8   0x080002b8   0x00000006   Code   RO         2398    .ARM.Collect$$_printf_percent$$0000000B  c_w.l(_printf_o.o)
    0x080002be   0x080002be   0x00000006   Code   RO         2396    .ARM.Collect$$_printf_percent$$0000000C  c_w.l(_printf_x.o)
    0x080002c4   0x080002c4   0x00000006   Code   RO         2407    .ARM.Collect$$_printf_percent$$0000000D  c_w.l(_printf_lli.o)
    0x080002ca   0x080002ca   0x00000006   Code   RO         2408    .ARM.Collect$$_printf_percent$$0000000E  c_w.l(_printf_lld.o)
    0x080002d0   0x080002d0   0x00000006   Code   RO         2409    .ARM.Collect$$_printf_percent$$0000000F  c_w.l(_printf_llu.o)
    0x080002d6   0x080002d6   0x00000006   Code   RO         2414    .ARM.Collect$$_printf_percent$$00000010  c_w.l(_printf_llo.o)
    0x080002dc   0x080002dc   0x00000006   Code   RO         2415    .ARM.Collect$$_printf_percent$$00000011  c_w.l(_printf_llx.o)
    0x080002e2   0x080002e2   0x0000000a   Code   RO         2411    .ARM.Collect$$_printf_percent$$00000012  c_w.l(_printf_l.o)
    0x080002ec   0x080002ec   0x00000006   Code   RO         2393    .ARM.Collect$$_printf_percent$$00000013  c_w.l(_printf_c.o)
    0x080002f2   0x080002f2   0x00000006   Code   RO         2394    .ARM.Collect$$_printf_percent$$00000014  c_w.l(_printf_s.o)
    0x080002f8   0x080002f8   0x00000006   Code   RO         2412    .ARM.Collect$$_printf_percent$$00000015  c_w.l(_printf_lc.o)
    0x080002fe   0x080002fe   0x00000006   Code   RO         2413    .ARM.Collect$$_printf_percent$$00000016  c_w.l(_printf_ls.o)
    0x08000304   0x08000304   0x00000004   Code   RO         2474    .ARM.Collect$$_printf_percent$$00000017  c_w.l(_printf_percent_end.o)
    0x08000308   0x08000308   0x00000002   Code   RO         2534    .ARM.Collect$$libinit$$00000000  c_w.l(libinit.o)
    0x0800030a   0x0800030a   0x00000004   Code   RO         2551    .ARM.Collect$$libinit$$00000001  c_w.l(libinit2.o)
    0x0800030e   0x0800030e   0x00000000   Code   RO         2554    .ARM.Collect$$libinit$$00000004  c_w.l(libinit2.o)
    0x0800030e   0x0800030e   0x00000000   Code   RO         2556    .ARM.Collect$$libinit$$00000006  c_w.l(libinit2.o)
    0x0800030e   0x0800030e   0x00000000   Code   RO         2559    .ARM.Collect$$libinit$$0000000C  c_w.l(libinit2.o)
    0x0800030e   0x0800030e   0x00000000   Code   RO         2561    .ARM.Collect$$libinit$$0000000E  c_w.l(libinit2.o)
    0x0800030e   0x0800030e   0x00000000   Code   RO         2563    .ARM.Collect$$libinit$$00000010  c_w.l(libinit2.o)
    0x0800030e   0x0800030e   0x00000006   Code   RO         2564    .ARM.Collect$$libinit$$00000011  c_w.l(libinit2.o)
    0x08000314   0x08000314   0x00000000   Code   RO         2566    .ARM.Collect$$libinit$$00000013  c_w.l(libinit2.o)
    0x08000314   0x08000314   0x0000000c   Code   RO         2567    .ARM.Collect$$libinit$$00000014  c_w.l(libinit2.o)
    0x08000320   0x08000320   0x00000000   Code   RO         2568    .ARM.Collect$$libinit$$00000015  c_w.l(libinit2.o)
    0x08000320   0x08000320   0x00000000   Code   RO         2570    .ARM.Collect$$libinit$$00000017  c_w.l(libinit2.o)
    0x08000320   0x08000320   0x0000000a   Code   RO         2571    .ARM.Collect$$libinit$$00000018  c_w.l(libinit2.o)
    0x0800032a   0x0800032a   0x00000000   Code   RO         2572    .ARM.Collect$$libinit$$00000019  c_w.l(libinit2.o)
    0x0800032a   0x0800032a   0x00000000   Code   RO         2574    .ARM.Collect$$libinit$$0000001B  c_w.l(libinit2.o)
    0x0800032a   0x0800032a   0x00000000   Code   RO         2576    .ARM.Collect$$libinit$$0000001D  c_w.l(libinit2.o)
    0x0800032a   0x0800032a   0x00000000   Code   RO         2578    .ARM.Collect$$libinit$$0000001F  c_w.l(libinit2.o)
    0x0800032a   0x0800032a   0x00000000   Code   RO         2580    .ARM.Collect$$libinit$$00000021  c_w.l(libinit2.o)
    0x0800032a   0x0800032a   0x00000000   Code   RO         2582    .ARM.Collect$$libinit$$00000023  c_w.l(libinit2.o)
    0x0800032a   0x0800032a   0x00000000   Code   RO         2584    .ARM.Collect$$libinit$$00000025  c_w.l(libinit2.o)
    0x0800032a   0x0800032a   0x00000000   Code   RO         2586    .ARM.Collect$$libinit$$00000027  c_w.l(libinit2.o)
    0x0800032a   0x0800032a   0x00000000   Code   RO         2590    .ARM.Collect$$libinit$$0000002E  c_w.l(libinit2.o)
    0x0800032a   0x0800032a   0x00000000   Code   RO         2592    .ARM.Collect$$libinit$$00000030  c_w.l(libinit2.o)
    0x0800032a   0x0800032a   0x00000000   Code   RO         2594    .ARM.Collect$$libinit$$00000032  c_w.l(libinit2.o)
    0x0800032a   0x0800032a   0x00000000   Code   RO         2596    .ARM.Collect$$libinit$$00000034  c_w.l(libinit2.o)
    0x0800032a   0x0800032a   0x00000002   Code   RO         2597    .ARM.Collect$$libinit$$00000035  c_w.l(libinit2.o)
    0x0800032c   0x0800032c   0x00000002   Code   RO         2634    .ARM.Collect$$libshutdown$$00000000  c_w.l(libshutdown.o)
    0x0800032e   0x0800032e   0x00000000   Code   RO         2662    .ARM.Collect$$libshutdown$$00000002  c_w.l(libshutdown2.o)
    0x0800032e   0x0800032e   0x00000000   Code   RO         2664    .ARM.Collect$$libshutdown$$00000004  c_w.l(libshutdown2.o)
    0x0800032e   0x0800032e   0x00000000   Code   RO         2667    .ARM.Collect$$libshutdown$$00000007  c_w.l(libshutdown2.o)
    0x0800032e   0x0800032e   0x00000000   Code   RO         2670    .ARM.Collect$$libshutdown$$0000000A  c_w.l(libshutdown2.o)
    0x0800032e   0x0800032e   0x00000000   Code   RO         2672    .ARM.Collect$$libshutdown$$0000000C  c_w.l(libshutdown2.o)
    0x0800032e   0x0800032e   0x00000000   Code   RO         2675    .ARM.Collect$$libshutdown$$0000000F  c_w.l(libshutdown2.o)
    0x0800032e   0x0800032e   0x00000002   Code   RO         2676    .ARM.Collect$$libshutdown$$00000010  c_w.l(libshutdown2.o)
    0x08000330   0x08000330   0x00000000   Code   RO         2315    .ARM.Collect$$rtentry$$00000000  c_w.l(__rtentry.o)
    0x08000330   0x08000330   0x00000000   Code   RO         2439    .ARM.Collect$$rtentry$$00000002  c_w.l(__rtentry2.o)
    0x08000330   0x08000330   0x00000006   Code   RO         2451    .ARM.Collect$$rtentry$$00000004  c_w.l(__rtentry4.o)
    0x08000336   0x08000336   0x00000000   Code   RO         2441    .ARM.Collect$$rtentry$$00000009  c_w.l(__rtentry2.o)
    0x08000336   0x08000336   0x00000004   Code   RO         2442    .ARM.Collect$$rtentry$$0000000A  c_w.l(__rtentry2.o)
    0x0800033a   0x0800033a   0x00000000   Code   RO         2444    .ARM.Collect$$rtentry$$0000000C  c_w.l(__rtentry2.o)
    0x0800033a   0x0800033a   0x00000008   Code   RO         2445    .ARM.Collect$$rtentry$$0000000D  c_w.l(__rtentry2.o)
    0x08000342   0x08000342   0x00000002   Code   RO         2539    .ARM.Collect$$rtexit$$00000000  c_w.l(rtexit.o)
    0x08000344   0x08000344   0x00000000   Code   RO         2603    .ARM.Collect$$rtexit$$00000002  c_w.l(rtexit2.o)
    0x08000344   0x08000344   0x00000004   Code   RO         2604    .ARM.Collect$$rtexit$$00000003  c_w.l(rtexit2.o)
    0x08000348   0x08000348   0x00000006   Code   RO         2605    .ARM.Collect$$rtexit$$00000004  c_w.l(rtexit2.o)
    0x0800034e   0x0800034e   0x00000002   PAD
    0x08000350   0x08000350   0x00000040   Code   RO            4    .text               startup_stm32g474xx.o
    0x08000390   0x08000390   0x000000f0   Code   RO         2275    .text               c_w.l(lludivv7m.o)
    0x08000480   0x08000480   0x0000003c   Code   RO         2277    .text               c_w.l(vsnprintf.o)
    0x080004bc   0x080004bc   0x0000004e   Code   RO         2283    .text               c_w.l(rt_memclr_w.o)
    0x0800050a   0x0800050a   0x00000006   Code   RO         2285    .text               c_w.l(heapauxi.o)
    0x08000510   0x08000510   0x0000004e   Code   RO         2327    .text               c_w.l(_printf_pad.o)
    0x0800055e   0x0800055e   0x00000024   Code   RO         2329    .text               c_w.l(_printf_truncate.o)
    0x08000582   0x08000582   0x00000052   Code   RO         2331    .text               c_w.l(_printf_str.o)
    0x080005d4   0x080005d4   0x00000078   Code   RO         2333    .text               c_w.l(_printf_dec.o)
    0x0800064c   0x0800064c   0x00000028   Code   RO         2335    .text               c_w.l(_printf_charcount.o)
    0x08000674   0x08000674   0x00000030   Code   RO         2337    .text               c_w.l(_printf_char_common.o)
    0x080006a4   0x080006a4   0x00000010   Code   RO         2339    .text               c_w.l(_snputc.o)
    0x080006b4   0x080006b4   0x000000bc   Code   RO         2341    .text               c_w.l(_printf_wctomb.o)
    0x08000770   0x08000770   0x0000007c   Code   RO         2344    .text               c_w.l(_printf_longlong_dec.o)
    0x080007ec   0x080007ec   0x00000070   Code   RO         2350    .text               c_w.l(_printf_oct_int_ll.o)
    0x0800085c   0x0800085c   0x00000094   Code   RO         2370    .text               c_w.l(_printf_hex_int_ll_ptr.o)
    0x080008f0   0x080008f0   0x00000188   Code   RO         2390    .text               c_w.l(__printf_flags_ss_wp.o)
    0x08000a78   0x08000a78   0x00000008   Code   RO         2435    .text               c_w.l(libspace.o)
    0x08000a80   0x08000a80   0x00000010   Code   RO         2453    .text               c_w.l(rt_ctype_table.o)
    0x08000a90   0x08000a90   0x0000008a   Code   RO         2457    .text               c_w.l(lludiv10.o)
    0x08000b1a   0x08000b1a   0x000000b2   Code   RO         2459    .text               c_w.l(_printf_intcommon.o)
    0x08000bcc   0x08000bcc   0x0000041c   Code   RO         2461    .text               c_w.l(_printf_fp_dec.o)
    0x08000fe8   0x08000fe8   0x000002fc   Code   RO         2465    .text               c_w.l(_printf_fp_hex.o)
    0x080012e4   0x080012e4   0x0000002c   Code   RO         2470    .text               c_w.l(_printf_char.o)
    0x08001310   0x08001310   0x0000002c   Code   RO         2472    .text               c_w.l(_printf_wchar.o)
    0x0800133c   0x0800133c   0x00000048   Code   RO         2477    .text               c_w.l(_c16rtomb.o)
    0x08001384   0x08001384   0x0000004a   Code   RO         2479    .text               c_w.l(sys_stackheap_outer.o)
    0x080013ce   0x080013ce   0x00000002   PAD
    0x080013d0   0x080013d0   0x00000008   Code   RO         2484    .text               c_w.l(rt_locale_intlibspace.o)
    0x080013d8   0x080013d8   0x00000080   Code   RO         2486    .text               c_w.l(_printf_fp_infnan.o)
    0x08001458   0x08001458   0x000000e4   Code   RO         2490    .text               c_w.l(bigflt0.o)
    0x0800153c   0x0800153c   0x00000012   Code   RO         2523    .text               c_w.l(exit.o)
    0x0800154e   0x0800154e   0x00000002   PAD
    0x08001550   0x08001550   0x0000007c   Code   RO         2549    .text               c_w.l(strcmpv7em.o)
    0x080015cc   0x080015cc   0x0000000c   Code   RO         2598    .text               c_w.l(sys_exit.o)
    0x080015d8   0x080015d8   0x00000002   Code   RO         2623    .text               c_w.l(use_no_semi.o)
    0x080015da   0x080015da   0x00000000   Code   RO         2625    .text               c_w.l(indicate_semi.o)
    0x080015da   0x080015da   0x00000002   PAD
    0x080015dc   0x080015dc   0x000000d4   Code   RO          294    .text.ADC_DMAConvCplt  stm32g4xx_hal_adc.o
    0x080016b0   0x080016b0   0x0000002a   Code   RO          298    .text.ADC_DMAError  stm32g4xx_hal_adc.o
    0x080016da   0x080016da   0x00000002   PAD
    0x080016dc   0x080016dc   0x00000016   Code   RO          296    .text.ADC_DMAHalfConvCplt  stm32g4xx_hal_adc.o
    0x080016f2   0x080016f2   0x00000002   PAD
    0x080016f4   0x080016f4   0x000000c0   Code   RO          274    .text.ADC_Enable    stm32g4xx_hal_adc.o
    0x080017b4   0x080017b4   0x00000004   Code   RO          173    .text.BusFault_Handler  stm32g4xx_it.o
    0x080017b8   0x080017b8   0x00000010   Code   RO          185    .text.DMA1_Channel1_IRQHandler  stm32g4xx_it.o
    0x080017c8   0x080017c8   0x00000010   Code   RO          187    .text.DMA1_Channel2_IRQHandler  stm32g4xx_it.o
    0x080017d8   0x080017d8   0x00000010   Code   RO          189    .text.DMA1_Channel3_IRQHandler  stm32g4xx_it.o
    0x080017e8   0x080017e8   0x00000010   Code   RO          191    .text.DMA1_Channel4_IRQHandler  stm32g4xx_it.o
    0x080017f8   0x080017f8   0x00000010   Code   RO          193    .text.DMA1_Channel5_IRQHandler  stm32g4xx_it.o
    0x08001808   0x08001808   0x00000010   Code   RO          195    .text.DMA1_Channel6_IRQHandler  stm32g4xx_it.o
    0x08001818   0x08001818   0x00000010   Code   RO          197    .text.DMA1_Channel7_IRQHandler  stm32g4xx_it.o
    0x08001828   0x08001828   0x00000010   Code   RO          225    .text.DMA1_Channel8_IRQHandler  stm32g4xx_it.o
    0x08001838   0x08001838   0x00000010   Code   RO          215    .text.DMA2_Channel1_IRQHandler  stm32g4xx_it.o
    0x08001848   0x08001848   0x00000010   Code   RO          217    .text.DMA2_Channel2_IRQHandler  stm32g4xx_it.o
    0x08001858   0x08001858   0x00000010   Code   RO          219    .text.DMA2_Channel3_IRQHandler  stm32g4xx_it.o
    0x08001868   0x08001868   0x00000010   Code   RO          221    .text.DMA2_Channel4_IRQHandler  stm32g4xx_it.o
    0x08001878   0x08001878   0x00000010   Code   RO          223    .text.DMA2_Channel5_IRQHandler  stm32g4xx_it.o
    0x08001888   0x08001888   0x00000074   Code   RO          817    .text.DMA_CalcDMAMUXChannelBaseAndMask  stm32g4xx_hal_dma.o
    0x080018fc   0x080018fc   0x0000003c   Code   RO          819    .text.DMA_CalcDMAMUXRequestGenBaseAndMask  stm32g4xx_hal_dma.o
    0x08001938   0x08001938   0x0000006e   Code   RO          825    .text.DMA_SetConfig  stm32g4xx_hal_dma.o
    0x080019a6   0x080019a6   0x00000002   PAD
    0x080019a8   0x080019a8   0x00000002   Code   RO          179    .text.DebugMon_Handler  stm32g4xx_it.o
    0x080019aa   0x080019aa   0x00000002   PAD
    0x080019ac   0x080019ac   0x0000000e   Code   RO           15    .text.Error_Handler  main.o
    0x080019ba   0x080019ba   0x00000002   PAD
    0x080019bc   0x080019bc   0x000002f2   Code   RO          479    .text.HAL_ADCEx_MultiModeConfigChannel  stm32g4xx_hal_adc_ex.o
    0x08001cae   0x08001cae   0x00000002   PAD
    0x08001cb0   0x08001cb0   0x000008f6   Code   RO          320    .text.HAL_ADC_ConfigChannel  stm32g4xx_hal_adc.o
    0x080025a6   0x080025a6   0x00000002   PAD
    0x080025a8   0x080025a8   0x00000008   Code   RO          310    .text.HAL_ADC_ConvCpltCallback  stm32g4xx_hal_adc.o
    0x080025b0   0x080025b0   0x00000008   Code   RO          318    .text.HAL_ADC_ConvHalfCpltCallback  stm32g4xx_hal_adc.o
    0x080025b8   0x080025b8   0x00000008   Code   RO          316    .text.HAL_ADC_ErrorCallback  stm32g4xx_hal_adc.o
    0x080025c0   0x080025c0   0x000003e8   Code   RO          242    .text.HAL_ADC_Init  stm32g4xx_hal_adc.o
    0x080029a8   0x080029a8   0x000000fc   Code   RO           35    .text.HAL_ADC_MspInit  adc.o
    0x08002aa4   0x08002aa4   0x0000020c   Code   RO          292    .text.HAL_ADC_Start_DMA  stm32g4xx_hal_adc.o
    0x08002cb0   0x08002cb0   0x0000009c   Code   RO          829    .text.HAL_DMA_Abort  stm32g4xx_hal_dma.o
    0x08002d4c   0x08002d4c   0x000000c2   Code   RO          831    .text.HAL_DMA_Abort_IT  stm32g4xx_hal_dma.o
    0x08002e0e   0x08002e0e   0x00000002   PAD
    0x08002e10   0x08002e10   0x0000000e   Code   RO          841    .text.HAL_DMA_GetState  stm32g4xx_hal_dma.o
    0x08002e1e   0x08002e1e   0x00000002   PAD
    0x08002e20   0x08002e20   0x00000156   Code   RO          835    .text.HAL_DMA_IRQHandler  stm32g4xx_hal_dma.o
    0x08002f76   0x08002f76   0x00000002   PAD
    0x08002f78   0x08002f78   0x00000156   Code   RO          815    .text.HAL_DMA_Init  stm32g4xx_hal_dma.o
    0x080030ce   0x080030ce   0x00000002   PAD
    0x080030d0   0x080030d0   0x000000fc   Code   RO          827    .text.HAL_DMA_Start_IT  stm32g4xx_hal_dma.o
    0x080031cc   0x080031cc   0x00000368   Code   RO          767    .text.HAL_GPIO_Init  stm32g4xx_hal_gpio.o
    0x08003534   0x08003534   0x0000002e   Code   RO          771    .text.HAL_GPIO_ReadPin  stm32g4xx_hal_gpio.o
    0x08003562   0x08003562   0x00000002   PAD
    0x08003564   0x08003564   0x0000002c   Code   RO          773    .text.HAL_GPIO_WritePin  stm32g4xx_hal_gpio.o
    0x08003590   0x08003590   0x0000000c   Code   RO          515    .text.HAL_GetTick   stm32g4xx_hal.o
    0x0800359c   0x0800359c   0x00000098   Code   RO         1225    .text.HAL_I2CEx_ConfigAnalogFilter  stm32g4xx_hal_i2c_ex.o
    0x08003634   0x08003634   0x000000a2   Code   RO         1227    .text.HAL_I2CEx_ConfigDigitalFilter  stm32g4xx_hal_i2c_ex.o
    0x080036d6   0x080036d6   0x00000002   PAD
    0x080036d8   0x080036d8   0x00000008   Code   RO         1194    .text.HAL_I2C_AbortCpltCallback  stm32g4xx_hal_i2c.o
    0x080036e0   0x080036e0   0x00000010   Code   RO         1184    .text.HAL_I2C_AddrCallback  stm32g4xx_hal_i2c.o
    0x080036f0   0x080036f0   0x0000002e   Code   RO         1170    .text.HAL_I2C_EV_IRQHandler  stm32g4xx_hal_i2c.o
    0x0800371e   0x0800371e   0x00000002   PAD
    0x08003720   0x08003720   0x00000008   Code   RO         1192    .text.HAL_I2C_ErrorCallback  stm32g4xx_hal_i2c.o
    0x08003728   0x08003728   0x00000104   Code   RO         1060    .text.HAL_I2C_Init  stm32g4xx_hal_i2c.o
    0x0800382c   0x0800382c   0x00000008   Code   RO         1186    .text.HAL_I2C_ListenCpltCallback  stm32g4xx_hal_i2c.o
    0x08003834   0x08003834   0x00000008   Code   RO         1178    .text.HAL_I2C_MasterRxCpltCallback  stm32g4xx_hal_i2c.o
    0x0800383c   0x0800383c   0x00000008   Code   RO         1176    .text.HAL_I2C_MasterTxCpltCallback  stm32g4xx_hal_i2c.o
    0x08003844   0x08003844   0x00000008   Code   RO         1190    .text.HAL_I2C_MemRxCpltCallback  stm32g4xx_hal_i2c.o
    0x0800384c   0x0800384c   0x00000008   Code   RO         1188    .text.HAL_I2C_MemTxCpltCallback  stm32g4xx_hal_i2c.o
    0x08003854   0x08003854   0x0000023c   Code   RO         1138    .text.HAL_I2C_Mem_Read_DMA  stm32g4xx_hal_i2c.o
    0x08003a90   0x08003a90   0x000002c0   Code   RO           60    .text.HAL_I2C_MspInit  i2c.o
    0x08003d50   0x08003d50   0x00000008   Code   RO         1182    .text.HAL_I2C_SlaveRxCpltCallback  stm32g4xx_hal_i2c.o
    0x08003d58   0x08003d58   0x00000008   Code   RO         1180    .text.HAL_I2C_SlaveTxCpltCallback  stm32g4xx_hal_i2c.o
    0x08003d60   0x08003d60   0x0000001a   Code   RO          513    .text.HAL_IncTick   stm32g4xx_hal.o
    0x08003d7a   0x08003d7a   0x00000002   PAD
    0x08003d7c   0x08003d7c   0x00000030   Code   RO          503    .text.HAL_Init      stm32g4xx_hal.o
    0x08003dac   0x08003dac   0x00000088   Code   RO          505    .text.HAL_InitTick  stm32g4xx_hal.o
    0x08003e34   0x08003e34   0x00000048   Code   RO          234    .text.HAL_MspInit   stm32g4xx_hal_msp.o
    0x08003e7c   0x08003e7c   0x00000014   Code   RO         1001    .text.HAL_NVIC_EnableIRQ  stm32g4xx_hal_cortex.o
    0x08003e90   0x08003e90   0x0000002e   Code   RO          993    .text.HAL_NVIC_SetPriority  stm32g4xx_hal_cortex.o
    0x08003ebe   0x08003ebe   0x00000002   PAD
    0x08003ec0   0x08003ec0   0x00000010   Code   RO          989    .text.HAL_NVIC_SetPriorityGrouping  stm32g4xx_hal_cortex.o
    0x08003ed0   0x08003ed0   0x000001b4   Code   RO          910    .text.HAL_PWREx_ControlVoltageScaling  stm32g4xx_hal_pwr_ex.o
    0x08004084   0x08004084   0x00000012   Code   RO          980    .text.HAL_PWREx_DisableUCPDDeadBattery  stm32g4xx_hal_pwr_ex.o
    0x08004096   0x08004096   0x00000002   PAD
    0x08004098   0x08004098   0x00000524   Code   RO          622    .text.HAL_RCCEx_PeriphCLKConfig  stm32g4xx_hal_rcc_ex.o
    0x080045bc   0x080045bc   0x00000326   Code   RO          587    .text.HAL_RCC_ClockConfig  stm32g4xx_hal_rcc.o
    0x080048e2   0x080048e2   0x00000002   PAD
    0x080048e4   0x080048e4   0x0000000c   Code   RO          595    .text.HAL_RCC_GetHCLKFreq  stm32g4xx_hal_rcc.o
    0x080048f0   0x080048f0   0x00000026   Code   RO          597    .text.HAL_RCC_GetPCLK1Freq  stm32g4xx_hal_rcc.o
    0x08004916   0x08004916   0x00000002   PAD
    0x08004918   0x08004918   0x00000026   Code   RO          599    .text.HAL_RCC_GetPCLK2Freq  stm32g4xx_hal_rcc.o
    0x0800493e   0x0800493e   0x00000002   PAD
    0x08004940   0x08004940   0x000000fc   Code   RO          591    .text.HAL_RCC_GetSysClockFreq  stm32g4xx_hal_rcc.o
    0x08004a3c   0x08004a3c   0x000007be   Code   RO          585    .text.HAL_RCC_OscConfig  stm32g4xx_hal_rcc.o
    0x080051fa   0x080051fa   0x00000002   PAD
    0x080051fc   0x080051fc   0x00000150   Code   RO         1244    .text.HAL_SPI_Init  stm32g4xx_hal_spi.o
    0x0800534c   0x0800534c   0x00000082   Code   RO           79    .text.HAL_SPI_MspInit  spi.o
    0x080053ce   0x080053ce   0x00000002   PAD
    0x080053d0   0x080053d0   0x00000010   Code   RO         1013    .text.HAL_SYSTICK_Config  stm32g4xx_hal_cortex.o
    0x080053e0   0x080053e0   0x00000008   Code   RO         1744    .text.HAL_TIMEx_Break2Callback  stm32g4xx_hal_tim_ex.o
    0x080053e8   0x080053e8   0x00000008   Code   RO         1742    .text.HAL_TIMEx_BreakCallback  stm32g4xx_hal_tim_ex.o
    0x080053f0   0x080053f0   0x00000008   Code   RO         1738    .text.HAL_TIMEx_CommutCallback  stm32g4xx_hal_tim_ex.o
    0x080053f8   0x080053f8   0x000001b2   Code   RO         1690    .text.HAL_TIMEx_ConfigBreakDeadTime  stm32g4xx_hal_tim_ex.o
    0x080055aa   0x080055aa   0x00000002   PAD
    0x080055ac   0x080055ac   0x00000008   Code   RO         1748    .text.HAL_TIMEx_DirectionChangeCallback  stm32g4xx_hal_tim_ex.o
    0x080055b4   0x080055b4   0x00000008   Code   RO         1746    .text.HAL_TIMEx_EncoderIndexCallback  stm32g4xx_hal_tim_ex.o
    0x080055bc   0x080055bc   0x00000008   Code   RO         1750    .text.HAL_TIMEx_IndexErrorCallback  stm32g4xx_hal_tim_ex.o
    0x080055c4   0x080055c4   0x00000174   Code   RO         1688    .text.HAL_TIMEx_MasterConfigSynchronization  stm32g4xx_hal_tim_ex.o
    0x08005738   0x08005738   0x00000008   Code   RO         1752    .text.HAL_TIMEx_TransitionErrorCallback  stm32g4xx_hal_tim_ex.o
    0x08005740   0x08005740   0x000000a8   Code   RO         1371    .text.HAL_TIM_Base_Init  stm32g4xx_hal_tim.o
    0x080057e8   0x080057e8   0x000000c8   Code   RO          111    .text.HAL_TIM_Base_MspInit  tim.o
    0x080058b0   0x080058b0   0x00000106   Code   RO         1385    .text.HAL_TIM_Base_Start_IT  stm32g4xx_hal_tim.o
    0x080059b6   0x080059b6   0x00000002   PAD
    0x080059b8   0x080059b8   0x00000052   Code   RO         1387    .text.HAL_TIM_Base_Stop_IT  stm32g4xx_hal_tim.o
    0x08005a0a   0x08005a0a   0x00000002   PAD
    0x08005a0c   0x08005a0c   0x000001fc   Code   RO         1567    .text.HAL_TIM_ConfigClockSource  stm32g4xx_hal_tim.o
    0x08005c08   0x08005c08   0x00000134   Code   RO         1485    .text.HAL_TIM_Encoder_Init  stm32g4xx_hal_tim.o
    0x08005d3c   0x08005d3c   0x000001e4   Code   RO          109    .text.HAL_TIM_Encoder_MspInit  tim.o
    0x08005f20   0x08005f20   0x0000014e   Code   RO         1493    .text.HAL_TIM_Encoder_Start  stm32g4xx_hal_tim.o
    0x0800606e   0x0800606e   0x00000002   PAD
    0x08006070   0x08006070   0x00000008   Code   RO         1507    .text.HAL_TIM_IC_CaptureCallback  stm32g4xx_hal_tim.o
    0x08006078   0x08006078   0x000003a4   Code   RO         1505    .text.HAL_TIM_IRQHandler  stm32g4xx_hal_tim.o
    0x0800641c   0x0800641c   0x000000c0   Code   RO          105    .text.HAL_TIM_MspPostInit  tim.o
    0x080064dc   0x080064dc   0x00000008   Code   RO         1509    .text.HAL_TIM_OC_DelayElapsedCallback  stm32g4xx_hal_tim.o
    0x080064e4   0x080064e4   0x000001b0   Code   RO         1541    .text.HAL_TIM_PWM_ConfigChannel  stm32g4xx_hal_tim.o
    0x08006694   0x08006694   0x000000a8   Code   RO         1425    .text.HAL_TIM_PWM_Init  stm32g4xx_hal_tim.o
    0x0800673c   0x0800673c   0x0000003a   Code   RO          113    .text.HAL_TIM_PWM_MspInit  tim.o
    0x08006776   0x08006776   0x00000002   PAD
    0x08006778   0x08006778   0x00000008   Code   RO         1511    .text.HAL_TIM_PWM_PulseFinishedCallback  stm32g4xx_hal_tim.o
    0x08006780   0x08006780   0x00000298   Code   RO         1433    .text.HAL_TIM_PWM_Start  stm32g4xx_hal_tim.o
    0x08006a18   0x08006a18   0x000001d6   Code   RO         2005    .text.HAL_TIM_PeriodElapsedCallback  timer_it.o
    0x08006bee   0x08006bee   0x00000002   PAD
    0x08006bf0   0x08006bf0   0x00000008   Code   RO         1515    .text.HAL_TIM_TriggerCallback  stm32g4xx_hal_tim.o
    0x08006bf8   0x08006bf8   0x0000007c   Code   RO         1935    .text.HAL_UARTEx_DisableFifoMode  stm32g4xx_hal_uart_ex.o
    0x08006c74   0x08006c74   0x0000000c   Code   RO         1859    .text.HAL_UARTEx_RxEventCallback  stm32g4xx_hal_uart.o
    0x08006c80   0x08006c80   0x00000008   Code   RO         1917    .text.HAL_UARTEx_RxFifoFullCallback  stm32g4xx_hal_uart_ex.o
    0x08006c88   0x08006c88   0x0000008c   Code   RO         1939    .text.HAL_UARTEx_SetRxFifoThreshold  stm32g4xx_hal_uart_ex.o
    0x08006d14   0x08006d14   0x0000008c   Code   RO         1937    .text.HAL_UARTEx_SetTxFifoThreshold  stm32g4xx_hal_uart_ex.o
    0x08006da0   0x08006da0   0x00000008   Code   RO         1919    .text.HAL_UARTEx_TxFifoEmptyCallback  stm32g4xx_hal_uart_ex.o
    0x08006da8   0x08006da8   0x00000008   Code   RO         1915    .text.HAL_UARTEx_WakeupCallback  stm32g4xx_hal_uart_ex.o
    0x08006db0   0x08006db0   0x00000008   Code   RO         1857    .text.HAL_UART_ErrorCallback  stm32g4xx_hal_uart.o
    0x08006db8   0x08006db8   0x00000544   Code   RO         1853    .text.HAL_UART_IRQHandler  stm32g4xx_hal_uart.o
    0x080072fc   0x080072fc   0x000000aa   Code   RO         1765    .text.HAL_UART_Init  stm32g4xx_hal_uart.o
    0x080073a6   0x080073a6   0x00000002   PAD
    0x080073a8   0x080073a8   0x0000053c   Code   RO          144    .text.HAL_UART_MspInit  usart.o
    0x080078e4   0x080078e4   0x00000156   Code   RO         1785    .text.HAL_UART_Transmit  stm32g4xx_hal_uart.o
    0x08007a3a   0x08007a3a   0x00000002   PAD
    0x08007a3c   0x08007a3c   0x00000008   Code   RO         1863    .text.HAL_UART_TxCpltCallback  stm32g4xx_hal_uart.o
    0x08007a44   0x08007a44   0x00000004   Code   RO          169    .text.HardFault_Handler  stm32g4xx_it.o
    0x08007a48   0x08007a48   0x00000010   Code   RO          201    .text.I2C1_EV_IRQHandler  stm32g4xx_it.o
    0x08007a58   0x08007a58   0x0000003a   Code   RO         1156    .text.I2C_DMAAbort  stm32g4xx_hal_i2c.o
    0x08007a92   0x08007a92   0x00000002   PAD
    0x08007a94   0x08007a94   0x00000024   Code   RO         1108    .text.I2C_DMAError  stm32g4xx_hal_i2c.o
    0x08007ab8   0x08007ab8   0x00000080   Code   RO         1112    .text.I2C_DMAMasterReceiveCplt  stm32g4xx_hal_i2c.o
    0x08007b38   0x08007b38   0x000000cc   Code   RO         1154    .text.I2C_Disable_IRQ  stm32g4xx_hal_i2c.o
    0x08007c04   0x08007c04   0x000000ea   Code   RO         1092    .text.I2C_Enable_IRQ  stm32g4xx_hal_i2c.o
    0x08007cee   0x08007cee   0x00000002   PAD
    0x08007cf0   0x08007cf0   0x00000040   Code   RO         1084    .text.I2C_Flush_TXDR  stm32g4xx_hal_i2c.o
    0x08007d30   0x08007d30   0x0000012c   Code   RO         1212    .text.I2C_ITAddrCplt  stm32g4xx_hal_i2c.o
    0x08007e5c   0x08007e5c   0x000001a6   Code   RO         1174    .text.I2C_ITError   stm32g4xx_hal_i2c.o
    0x08008002   0x08008002   0x00000002   PAD
    0x08008004   0x08008004   0x0000009c   Code   RO         1208    .text.I2C_ITListenCplt  stm32g4xx_hal_i2c.o
    0x080080a0   0x080080a0   0x000001b4   Code   RO         1204    .text.I2C_ITMasterCplt  stm32g4xx_hal_i2c.o
    0x08008254   0x08008254   0x0000007e   Code   RO         1202    .text.I2C_ITMasterSeqCplt  stm32g4xx_hal_i2c.o
    0x080082d2   0x080082d2   0x00000002   PAD
    0x080082d4   0x080082d4   0x0000022e   Code   RO         1206    .text.I2C_ITSlaveCplt  stm32g4xx_hal_i2c.o
    0x08008502   0x08008502   0x00000002   PAD
    0x08008504   0x08008504   0x000000c8   Code   RO         1210    .text.I2C_ITSlaveSeqCplt  stm32g4xx_hal_i2c.o
    0x080085cc   0x080085cc   0x0000021c   Code   RO         1216    .text.I2C_IsErrorOccurred  stm32g4xx_hal_i2c.o
    0x080087e8   0x080087e8   0x0000022e   Code   RO         1104    .text.I2C_Master_ISR_DMA  stm32g4xx_hal_i2c.o
    0x08008a16   0x08008a16   0x00000002   PAD
    0x08008a18   0x08008a18   0x000000be   Code   RO         1130    .text.I2C_RequestMemoryRead  stm32g4xx_hal_i2c.o
    0x08008ad6   0x08008ad6   0x00000002   PAD
    0x08008ad8   0x08008ad8   0x0000023c   Code   RO         1116    .text.I2C_Slave_ISR_DMA  stm32g4xx_hal_i2c.o
    0x08008d14   0x08008d14   0x00000246   Code   RO         1098    .text.I2C_Slave_ISR_IT  stm32g4xx_hal_i2c.o
    0x08008f5a   0x08008f5a   0x00000002   PAD
    0x08008f5c   0x08008f5c   0x00000054   Code   RO         1072    .text.I2C_TransferConfig  stm32g4xx_hal_i2c.o
    0x08008fb0   0x08008fb0   0x00000052   Code   RO         1214    .text.I2C_TreatErrorCallback  stm32g4xx_hal_i2c.o
    0x08009002   0x08009002   0x00000002   PAD
    0x08009004   0x08009004   0x00000090   Code   RO         1070    .text.I2C_WaitOnFlagUntilTimeout  stm32g4xx_hal_i2c.o
    0x08009094   0x08009094   0x00000096   Code   RO         1074    .text.I2C_WaitOnTXISFlagUntilTimeout  stm32g4xx_hal_i2c.o
    0x0800912a   0x0800912a   0x00000002   PAD
    0x0800912c   0x0800912c   0x00000018   Code   RO          248    .text.LL_ADC_DisableDeepPowerDown  stm32g4xx_hal_adc.o
    0x08009144   0x08009144   0x0000001c   Code   RO          378    .text.LL_ADC_Enable  stm32g4xx_hal_adc.o
    0x08009160   0x08009160   0x0000001e   Code   RO          252    .text.LL_ADC_EnableInternalRegulator  stm32g4xx_hal_adc.o
    0x0800917e   0x0800917e   0x00000002   PAD
    0x08009180   0x08009180   0x00000010   Code   RO          340    .text.LL_ADC_GetCommonPathInternalCh  stm32g4xx_hal_adc.o
    0x08009190   0x08009190   0x00000010   Code   RO          272    .text.LL_ADC_GetMultimode  stm32g4xx_hal_adc.o
    0x080091a0   0x080091a0   0x0000001e   Code   RO          334    .text.LL_ADC_GetOffsetChannel  stm32g4xx_hal_adc.o
    0x080091be   0x080091be   0x00000002   PAD
    0x080091c0   0x080091c0   0x00000010   Code   RO          260    .text.LL_ADC_INJ_IsConversionOngoing  stm32g4xx_hal_adc.o
    0x080091d0   0x080091d0   0x00000010   Code   RO          246    .text.LL_ADC_IsDeepPowerDownEnabled  stm32g4xx_hal_adc.o
    0x080091e0   0x080091e0   0x00000010   Code   RO          256    .text.LL_ADC_IsEnabled  stm32g4xx_hal_adc.o
    0x080091f0   0x080091f0   0x00000010   Code   RO          405    .text.LL_ADC_IsEnabled  stm32g4xx_hal_adc_ex.o
    0x08009200   0x08009200   0x00000010   Code   RO          250    .text.LL_ADC_IsInternalRegulatorEnabled  stm32g4xx_hal_adc.o
    0x08009210   0x08009210   0x00000010   Code   RO          254    .text.LL_ADC_REG_IsConversionOngoing  stm32g4xx_hal_adc.o
    0x08009220   0x08009220   0x00000010   Code   RO          401    .text.LL_ADC_REG_IsConversionOngoing  stm32g4xx_hal_adc_ex.o
    0x08009230   0x08009230   0x00000016   Code   RO          284    .text.LL_ADC_REG_IsTriggerSourceSWStart  stm32g4xx_hal_adc.o
    0x08009246   0x08009246   0x00000002   PAD
    0x08009248   0x08009248   0x0000003a   Code   RO          322    .text.LL_ADC_REG_SetSequencerRanks  stm32g4xx_hal_adc.o
    0x08009282   0x08009282   0x00000002   PAD
    0x08009284   0x08009284   0x0000001c   Code   RO          276    .text.LL_ADC_REG_StartConversion  stm32g4xx_hal_adc.o
    0x080092a0   0x080092a0   0x00000036   Code   RO          324    .text.LL_ADC_SetChannelSamplingTime  stm32g4xx_hal_adc.o
    0x080092d6   0x080092d6   0x00000002   PAD
    0x080092d8   0x080092d8   0x00000048   Code   RO          338    .text.LL_ADC_SetChannelSingleDiff  stm32g4xx_hal_adc.o
    0x08009320   0x08009320   0x0000001a   Code   RO          258    .text.LL_ADC_SetCommonClock  stm32g4xx_hal_adc.o
    0x0800933a   0x0800933a   0x00000002   PAD
    0x0800933c   0x0800933c   0x0000001a   Code   RO          342    .text.LL_ADC_SetCommonPathInternalCh  stm32g4xx_hal_adc.o
    0x08009356   0x08009356   0x00000002   PAD
    0x08009358   0x08009358   0x0000003c   Code   RO          328    .text.LL_ADC_SetOffset  stm32g4xx_hal_adc.o
    0x08009394   0x08009394   0x00000028   Code   RO          332    .text.LL_ADC_SetOffsetSaturation  stm32g4xx_hal_adc.o
    0x080093bc   0x080093bc   0x00000028   Code   RO          330    .text.LL_ADC_SetOffsetSign  stm32g4xx_hal_adc.o
    0x080093e4   0x080093e4   0x00000028   Code   RO          336    .text.LL_ADC_SetOffsetState  stm32g4xx_hal_adc.o
    0x0800940c   0x0800940c   0x0000001a   Code   RO          326    .text.LL_ADC_SetSamplingTimeCommonConfig  stm32g4xx_hal_adc.o
    0x08009426   0x08009426   0x00000002   PAD
    0x08009428   0x08009428   0x000000c0   Code   RO           33    .text.MX_ADC3_Init  adc.o
    0x080094e8   0x080094e8   0x0000014e   Code   RO           48    .text.MX_DMA_Init   dma.o
    0x08009636   0x08009636   0x00000002   PAD
    0x08009638   0x08009638   0x0000022c   Code   RO           25    .text.MX_GPIO_Init  gpio.o
    0x08009864   0x08009864   0x00000076   Code   RO           56    .text.MX_I2C1_Init  i2c.o
    0x080098da   0x080098da   0x00000002   PAD
    0x080098dc   0x080098dc   0x00000076   Code   RO           58    .text.MX_I2C2_Init  i2c.o
    0x08009952   0x08009952   0x00000002   PAD
    0x08009954   0x08009954   0x00000058   Code   RO           77    .text.MX_SPI1_Init  spi.o
    0x080099ac   0x080099ac   0x00000138   Code   RO          107    .text.MX_TIM15_Init  tim.o
    0x08009ae4   0x08009ae4   0x00000086   Code   RO           91    .text.MX_TIM1_Init  tim.o
    0x08009b6a   0x08009b6a   0x00000002   PAD
    0x08009b6c   0x08009b6c   0x0000007c   Code   RO           93    .text.MX_TIM2_Init  tim.o
    0x08009be8   0x08009be8   0x00000080   Code   RO           95    .text.MX_TIM3_Init  tim.o
    0x08009c68   0x08009c68   0x00000080   Code   RO           97    .text.MX_TIM4_Init  tim.o
    0x08009ce8   0x08009ce8   0x00000088   Code   RO           99    .text.MX_TIM5_Init  tim.o
    0x08009d70   0x08009d70   0x0000005c   Code   RO          101    .text.MX_TIM6_Init  tim.o
    0x08009dcc   0x08009dcc   0x00000142   Code   RO          103    .text.MX_TIM8_Init  tim.o
    0x08009f0e   0x08009f0e   0x00000002   PAD
    0x08009f10   0x08009f10   0x0000008e   Code   RO          136    .text.MX_UART4_Init  usart.o
    0x08009f9e   0x08009f9e   0x00000002   PAD
    0x08009fa0   0x08009fa0   0x0000008e   Code   RO          138    .text.MX_USART1_UART_Init  usart.o
    0x0800a02e   0x0800a02e   0x00000002   PAD
    0x0800a030   0x0800a030   0x0000008e   Code   RO          140    .text.MX_USART2_UART_Init  usart.o
    0x0800a0be   0x0800a0be   0x00000002   PAD
    0x0800a0c0   0x0800a0c0   0x0000008e   Code   RO          142    .text.MX_USART3_UART_Init  usart.o
    0x0800a14e   0x0800a14e   0x00000002   PAD
    0x0800a150   0x0800a150   0x00000004   Code   RO          171    .text.MemManage_Handler  stm32g4xx_it.o
    0x0800a154   0x0800a154   0x00000004   Code   RO          167    .text.NMI_Handler   stm32g4xx_it.o
    0x0800a158   0x0800a158   0x0000006c   Code   RO          999    .text.NVIC_EncodePriority  stm32g4xx_hal_cortex.o
    0x0800a1c4   0x0800a1c4   0x00000002   Code   RO          181    .text.PendSV_Handler  stm32g4xx_it.o
    0x0800a1c6   0x0800a1c6   0x00000002   PAD
    0x0800a1c8   0x0800a1c8   0x0000009c   Code   RO          589    .text.RCC_GetSysClockFreqFromPLLSource  stm32g4xx_hal_rcc.o
    0x0800a264   0x0800a264   0x00000002   Code   RO          177    .text.SVC_Handler   stm32g4xx_it.o
    0x0800a266   0x0800a266   0x00000002   PAD
    0x0800a268   0x0800a268   0x00000052   Code   RO         1015    .text.SysTick_Config  stm32g4xx_hal_cortex.o
    0x0800a2ba   0x0800a2ba   0x00000002   PAD
    0x0800a2bc   0x0800a2bc   0x00000008   Code   RO          183    .text.SysTick_Handler  stm32g4xx_it.o
    0x0800a2c4   0x0800a2c4   0x00000078   Code   RO           13    .text.SystemClock_Config  main.o
    0x0800a33c   0x0800a33c   0x00000012   Code   RO         1956    .text.SystemInit    system_stm32g4xx.o
    0x0800a34e   0x0800a34e   0x00000002   PAD
    0x0800a350   0x0800a350   0x00000010   Code   RO          199    .text.TIM1_TRG_COM_TIM17_IRQHandler  stm32g4xx_it.o
    0x0800a360   0x0800a360   0x00000010   Code   RO          209    .text.TIM5_IRQHandler  stm32g4xx_it.o
    0x0800a370   0x0800a370   0x00000010   Code   RO          213    .text.TIM6_DAC_IRQHandler  stm32g4xx_it.o
    0x0800a380   0x0800a380   0x000001d0   Code   RO         1375    .text.TIM_Base_SetConfig  stm32g4xx_hal_tim.o
    0x0800a550   0x0800a550   0x00000036   Code   RO         1409    .text.TIM_CCxChannelCmd  stm32g4xx_hal_tim.o
    0x0800a586   0x0800a586   0x00000002   PAD
    0x0800a588   0x0800a588   0x00000034   Code   RO         1565    .text.TIM_ETR_SetConfig  stm32g4xx_hal_tim.o
    0x0800a5bc   0x0800a5bc   0x00000030   Code   RO         1571    .text.TIM_ITRx_SetConfig  stm32g4xx_hal_tim.o
    0x0800a5ec   0x0800a5ec   0x00000174   Code   RO         1519    .text.TIM_OC1_SetConfig  stm32g4xx_hal_tim.o
    0x0800a760   0x0800a760   0x00000190   Code   RO         1521    .text.TIM_OC2_SetConfig  stm32g4xx_hal_tim.o
    0x0800a8f0   0x0800a8f0   0x0000018e   Code   RO         1523    .text.TIM_OC3_SetConfig  stm32g4xx_hal_tim.o
    0x0800aa7e   0x0800aa7e   0x00000002   PAD
    0x0800aa80   0x0800aa80   0x00000190   Code   RO         1525    .text.TIM_OC4_SetConfig  stm32g4xx_hal_tim.o
    0x0800ac10   0x0800ac10   0x000000e2   Code   RO         1527    .text.TIM_OC5_SetConfig  stm32g4xx_hal_tim.o
    0x0800acf2   0x0800acf2   0x00000002   PAD
    0x0800acf4   0x0800acf4   0x000000e4   Code   RO         1529    .text.TIM_OC6_SetConfig  stm32g4xx_hal_tim.o
    0x0800add8   0x0800add8   0x00000050   Code   RO         1569    .text.TIM_TI1_ConfigInputStage  stm32g4xx_hal_tim.o
    0x0800ae28   0x0800ae28   0x00000052   Code   RO         1573    .text.TIM_TI2_ConfigInputStage  stm32g4xx_hal_tim.o
    0x0800ae7a   0x0800ae7a   0x00000002   PAD
    0x0800ae7c   0x0800ae7c   0x00000010   Code   RO          211    .text.UART4_IRQHandler  stm32g4xx_it.o
    0x0800ae8c   0x0800ae8c   0x00000086   Code   RO         1933    .text.UARTEx_SetNbDataToProcess  stm32g4xx_hal_uart_ex.o
    0x0800af12   0x0800af12   0x00000002   PAD
    0x0800af14   0x0800af14   0x00000148   Code   RO         1771    .text.UART_AdvFeatureConfig  stm32g4xx_hal_uart.o
    0x0800b05c   0x0800b05c   0x000000a8   Code   RO         1773    .text.UART_CheckIdleState  stm32g4xx_hal_uart.o
    0x0800b104   0x0800b104   0x00000024   Code   RO         1855    .text.UART_DMAAbortOnError  stm32g4xx_hal_uart.o
    0x0800b128   0x0800b128   0x0000009e   Code   RO         1825    .text.UART_EndRxTransfer  stm32g4xx_hal_uart.o
    0x0800b1c6   0x0800b1c6   0x00000002   PAD
    0x0800b1c8   0x0800b1c8   0x00000044   Code   RO         1861    .text.UART_EndTransmit_IT  stm32g4xx_hal_uart.o
    0x0800b20c   0x0800b20c   0x000005e2   Code   RO         1769    .text.UART_SetConfig  stm32g4xx_hal_uart.o
    0x0800b7ee   0x0800b7ee   0x00000002   PAD
    0x0800b7f0   0x0800b7f0   0x00000178   Code   RO         1787    .text.UART_WaitOnFlagUntilTimeout  stm32g4xx_hal_uart.o
    0x0800b968   0x0800b968   0x00000010   Code   RO          203    .text.USART1_IRQHandler  stm32g4xx_it.o
    0x0800b978   0x0800b978   0x00000010   Code   RO          205    .text.USART2_IRQHandler  stm32g4xx_it.o
    0x0800b988   0x0800b988   0x00000010   Code   RO          207    .text.USART3_IRQHandler  stm32g4xx_it.o
    0x0800b998   0x0800b998   0x00000004   Code   RO          175    .text.UsageFault_Handler  stm32g4xx_it.o
    0x0800b99c   0x0800b99c   0x00000030   Code   RO         1003    .text.__NVIC_EnableIRQ  stm32g4xx_hal_cortex.o
    0x0800b9cc   0x0800b9cc   0x00000010   Code   RO          995    .text.__NVIC_GetPriorityGrouping  stm32g4xx_hal_cortex.o
    0x0800b9dc   0x0800b9dc   0x00000042   Code   RO          997    .text.__NVIC_SetPriority  stm32g4xx_hal_cortex.o
    0x0800ba1e   0x0800ba1e   0x00000002   PAD
    0x0800ba20   0x0800ba20   0x0000003c   Code   RO          991    .text.__NVIC_SetPriorityGrouping  stm32g4xx_hal_cortex.o
    0x0800ba5c   0x0800ba5c   0x00000116   Code   RO         2264    .text.compute_pid   pid.o
    0x0800bb72   0x0800bb72   0x00000002   PAD
    0x0800bb74   0x0800bb74   0x0000003c   Code   RO         1994    .text.driver_BUZZER  buzzer.o
    0x0800bbb0   0x0800bbb0   0x000000a2   Code   RO         1983    .text.driver_LED    led.o
    0x0800bc52   0x0800bc52   0x00000002   PAD
    0x0800bc54   0x0800bc54   0x00000126   Code   RO         1972    .text.driver_button  button.o
    0x0800bd7a   0x0800bd7a   0x00000002   PAD
    0x0800bd7c   0x0800bd7c   0x000002fc   Code   RO         2071    .text.driver_ccd    ccd.o
    0x0800c078   0x0800c078   0x00000110   Code   RO         2181    .text.driver_servo  servo.o
    0x0800c188   0x0800c188   0x00000096   Code   RO         2032    .text.driver_status  status.o
    0x0800c21e   0x0800c21e   0x00000002   PAD
    0x0800c220   0x0800c220   0x000001b0   Code   RO         2196    .text.driver_wheel  wheel.o
    0x0800c3d0   0x0800c3d0   0x00000026   Code   RO         2109    .text.get_gyr_data  gy901.o
    0x0800c3f6   0x0800c3f6   0x00000002   PAD
    0x0800c3f8   0x0800c3f8   0x000000dc   Code   RO         2111    .text.get_gyr_value  gy901.o
    0x0800c4d4   0x0800c4d4   0x0000009e   Code   RO         2192    .text.get_wheel_speed  wheel.o
    0x0800c572   0x0800c572   0x00000002   PAD
    0x0800c574   0x0800c574   0x00000026   Code   RO         1996    .text.init_BUZZER   buzzer.o
    0x0800c59a   0x0800c59a   0x00000002   PAD
    0x0800c59c   0x0800c59c   0x00000026   Code   RO         1985    .text.init_LED      led.o
    0x0800c5c2   0x0800c5c2   0x00000002   PAD
    0x0800c5c4   0x0800c5c4   0x00000044   Code   RO         1974    .text.init_button   button.o
    0x0800c608   0x0800c608   0x0000006c   Code   RO         2024    .text.init_device   status.o
    0x0800c674   0x0800c674   0x00000034   Code   RO         2107    .text.init_gyr      gy901.o
    0x0800c6a8   0x0800c6a8   0x00000058   Code   RO         2022    .text.init_motor    status.o
    0x0800c700   0x0800c700   0x00000040   Code   RO         2262    .text.init_pid      pid.o
    0x0800c740   0x0800c740   0x00000012   Code   RO         2026    .text.init_sensor   status.o
    0x0800c752   0x0800c752   0x00000002   PAD
    0x0800c754   0x0800c754   0x00000030   Code   RO         2183    .text.init_servo    servo.o
    0x0800c784   0x0800c784   0x0000002c   Code   RO         2028    .text.init_status   status.o
    0x0800c7b0   0x0800c7b0   0x00000196   Code   RO         2198    .text.init_wheel    wheel.o
    0x0800c946   0x0800c946   0x00000002   PAD
    0x0800c948   0x0800c948   0x00000062   Code   RO         2252    .text.log_uprintf   log.o
    0x0800c9aa   0x0800c9aa   0x00000002   PAD
    0x0800c9ac   0x0800c9ac   0x000000a0   Code   RO           11    .text.main          main.o
    0x0800ca4c   0x0800ca4c   0x0000005c   Code   RO         1970    .text.server_button  button.o
    0x0800caa8   0x0800caa8   0x0000018c   Code   RO         2194    .text.set_wheel_dir  wheel.o
    0x0800cc34   0x0800cc34   0x00000048   Code   RO         2030    .text.update_status  status.o
    0x0800cc7c   0x0800cc7c   0x0000003e   Code   RO         2493    CL$$btod_d2e        c_w.l(btod.o)
    0x0800ccba   0x0800ccba   0x00000046   Code   RO         2495    CL$$btod_d2e_denorm_low  c_w.l(btod.o)
    0x0800cd00   0x0800cd00   0x00000060   Code   RO         2494    CL$$btod_d2e_norm_op1  c_w.l(btod.o)
    0x0800cd60   0x0800cd60   0x00000338   Code   RO         2503    CL$$btod_div_common  c_w.l(btod.o)
    0x0800d098   0x0800d098   0x000000dc   Code   RO         2500    CL$$btod_e2e        c_w.l(btod.o)
    0x0800d174   0x0800d174   0x0000002a   Code   RO         2497    CL$$btod_ediv       c_w.l(btod.o)
    0x0800d19e   0x0800d19e   0x0000002a   Code   RO         2496    CL$$btod_emul       c_w.l(btod.o)
    0x0800d1c8   0x0800d1c8   0x00000244   Code   RO         2502    CL$$btod_mult_common  c_w.l(btod.o)
    0x0800d40c   0x0800d40c   0x00000030   Code   RO         2537    i.__ARM_fpclassify  m_wm.l(fpclassify.o)
    0x0800d43c   0x0800d43c   0x0000000e   Code   RO         2383    i._is_digit         c_w.l(__printf_wp.o)
    0x0800d44a   0x0800d44a   0x00000002   PAD
    0x0800d44c   0x0800d44c   0x0000002c   Code   RO         2518    locale$$code        c_w.l(lc_ctype_c.o)
    0x0800d478   0x0800d478   0x0000002c   Code   RO         2521    locale$$code        c_w.l(lc_numeric_c.o)
    0x0800d4a4   0x0800d4a4   0x00000062   Code   RO         2289    x$fpl$d2f           fz_wm.l(d2f.o)
    0x0800d506   0x0800d506   0x00000002   PAD
    0x0800d508   0x0800d508   0x00000150   Code   RO         2291    x$fpl$dadd          fz_wm.l(daddsub_clz.o)
    0x0800d658   0x0800d658   0x0000005e   Code   RO         2301    x$fpl$dfix          fz_wm.l(dfix.o)
    0x0800d6b6   0x0800d6b6   0x00000002   PAD
    0x0800d6b8   0x0800d6b8   0x00000154   Code   RO         2311    x$fpl$dmul          fz_wm.l(dmul.o)
    0x0800d80c   0x0800d80c   0x0000009c   Code   RO         2418    x$fpl$dnaninf       fz_wm.l(dnaninf.o)
    0x0800d8a8   0x0800d8a8   0x0000000c   Code   RO         2420    x$fpl$dretinf       fz_wm.l(dretinf.o)
    0x0800d8b4   0x0800d8b4   0x000001dc   Code   RO         2293    x$fpl$dsub          fz_wm.l(daddsub_clz.o)
    0x0800da90   0x0800da90   0x00000056   Code   RO         2313    x$fpl$f2d           fz_wm.l(f2d.o)
    0x0800dae6   0x0800dae6   0x0000008c   Code   RO         2422    x$fpl$fnaninf       fz_wm.l(fnaninf.o)
    0x0800db72   0x0800db72   0x0000001a   Code   RO         2617    x$fpl$fpinit        fz_wm.l(fpinit.o)
    0x0800db8c   0x0800db8c   0x0000000a   Code   RO         2424    x$fpl$fretinf       fz_wm.l(fretinf.o)
    0x0800db96   0x0800db96   0x00000004   Code   RO         2426    x$fpl$printf1       fz_wm.l(printf1.o)
    0x0800db9a   0x0800db9a   0x00000004   Code   RO         2428    x$fpl$printf2       fz_wm.l(printf2.o)
    0x0800db9e   0x0800db9e   0x00000000   Code   RO         2434    x$fpl$usenofp       fz_wm.l(usenofp.o)
    0x0800db9e   0x0800db9e   0x00000002   PAD
    0x0800dba0   0x0800dba0   0x00000008   Data   RO         2342    .constdata          c_w.l(_printf_wctomb.o)
    0x0800dba8   0x0800dba8   0x00000028   Data   RO         2371    .constdata          c_w.l(_printf_hex_int_ll_ptr.o)
    0x0800dbd0   0x0800dbd0   0x00000011   Data   RO         2391    .constdata          c_w.l(__printf_flags_ss_wp.o)
    0x0800dbe1   0x0800dbe1   0x00000026   Data   RO         2466    .constdata          c_w.l(_printf_fp_hex.o)
    0x0800dc07   0x0800dc07   0x00000001   PAD
    0x0800dc08   0x0800dc08   0x00000094   Data   RO         2491    .constdata          c_w.l(bigflt0.o)
    0x0800dc9c   0x0800dc9c   0x00000010   Data   RO         1961    .rodata.AHBPrescTable  system_stm32g4xx.o
    0x0800dcac   0x0800dcac   0x00000008   Data   RO         1962    .rodata.APBPrescTable  system_stm32g4xx.o
    0x0800dcb4   0x0800dcb4   0x00000008   Data   RO         1948    .rodata.UARTEx_SetNbDataToProcess.denominator  stm32g4xx_hal_uart_ex.o
    0x0800dcbc   0x0800dcbc   0x00000008   Data   RO         1947    .rodata.UARTEx_SetNbDataToProcess.numerator  stm32g4xx_hal_uart_ex.o
    0x0800dcc4   0x0800dcc4   0x00000018   Data   RO         1905    .rodata.UARTPrescTable  stm32g4xx_hal_uart.o
    0x0800dcdc   0x0800dcdc   0x0000000d   Data   RO         2035    .rodata.str1.1      status.o
    0x0800dce9   0x0800dce9   0x00000003   PAD
    0x0800dcec   0x0800dcec   0x00000020   Data   RO         2678    Region$$Table       anon$$obj.o
    0x0800dd0c   0x0800dd0c   0x00000110   Data   RO         2517    locale$$data        c_w.l(lc_ctype_c.o)
    0x0800de1c   0x0800de1c   0x0000001c   Data   RO         2520    locale$$data        c_w.l(lc_numeric_c.o)


    Execution Region RW_IRAM1 (Exec base: 0x20000000, Load base: 0x0800de38, Size: 0x00001598, Max: 0x00020000, ABSOLUTE)

    Exec Addr    Load Addr    Size         Type   Attr      Idx    E Section Name        Object

    0x20000000   0x0800de38   0x00000004   Data   RW         1960    .data.SystemCoreClock  system_stm32g4xx.o
    0x20000004   0x0800de3c   0x00000004   Data   RW          574    .data.uwTickFreq    stm32g4xx_hal.o
    0x20000008   0x0800de40   0x00000004   Data   RW          573    .data.uwTickPrio    stm32g4xx_hal.o
    0x2000000c   0x0800de44   0x00000004   PAD
    0x20000010        -       0x00000060   Zero   RW         2436    .bss                c_w.l(libspace.o)
    0x20000070        -       0x00000100   Zero   RW         2077    .bss.BUFF_DATA_1    ccd.o
    0x20000170        -       0x00000002   Zero   RW         2080    .bss.driver_ccd.cnt  ccd.o
    0x20000172   0x0800de44   0x00000002   PAD
    0x20000174        -       0x0000006c   Zero   RW           39    .bss.hadc3          adc.o
    0x200001e0        -       0x00000060   Zero   RW           40    .bss.hdma_adc3      adc.o
    0x20000240        -       0x00000060   Zero   RW           66    .bss.hdma_i2c1_rx   i2c.o
    0x200002a0        -       0x00000060   Zero   RW           67    .bss.hdma_i2c1_tx   i2c.o
    0x20000300        -       0x00000060   Zero   RW           68    .bss.hdma_i2c2_rx   i2c.o
    0x20000360        -       0x00000060   Zero   RW           69    .bss.hdma_i2c2_tx   i2c.o
    0x200003c0        -       0x00000060   Zero   RW          152    .bss.hdma_uart4_rx  usart.o
    0x20000420        -       0x00000060   Zero   RW          153    .bss.hdma_uart4_tx  usart.o
    0x20000480        -       0x00000060   Zero   RW          154    .bss.hdma_usart1_rx  usart.o
    0x200004e0        -       0x00000060   Zero   RW          155    .bss.hdma_usart1_tx  usart.o
    0x20000540        -       0x00000060   Zero   RW          156    .bss.hdma_usart2_rx  usart.o
    0x200005a0        -       0x00000060   Zero   RW          157    .bss.hdma_usart2_tx  usart.o
    0x20000600        -       0x00000060   Zero   RW          158    .bss.hdma_usart3_rx  usart.o
    0x20000660        -       0x00000060   Zero   RW          159    .bss.hdma_usart3_tx  usart.o
    0x200006c0        -       0x0000004c   Zero   RW           64    .bss.hi2c1          i2c.o
    0x2000070c        -       0x0000004c   Zero   RW           65    .bss.hi2c2          i2c.o
    0x20000758        -       0x00000064   Zero   RW           83    .bss.hspi1          spi.o
    0x200007bc        -       0x0000004c   Zero   RW          121    .bss.htim1          tim.o
    0x20000808        -       0x0000004c   Zero   RW          128    .bss.htim15         tim.o
    0x20000854        -       0x0000004c   Zero   RW          122    .bss.htim2          tim.o
    0x200008a0        -       0x0000004c   Zero   RW          123    .bss.htim3          tim.o
    0x200008ec        -       0x0000004c   Zero   RW          124    .bss.htim4          tim.o
    0x20000938        -       0x0000004c   Zero   RW          125    .bss.htim5          tim.o
    0x20000984        -       0x0000004c   Zero   RW          126    .bss.htim6          tim.o
    0x200009d0        -       0x0000004c   Zero   RW          127    .bss.htim8          tim.o
    0x20000a1c        -       0x00000090   Zero   RW          149    .bss.huart1         usart.o
    0x20000aac        -       0x00000090   Zero   RW          150    .bss.huart2         usart.o
    0x20000b3c        -       0x00000090   Zero   RW          151    .bss.huart3         usart.o
    0x20000bcc        -       0x00000090   Zero   RW          148    .bss.huart4         usart.o
    0x20000c5c        -       0x00000001   Zero   RW         2254    .bss.log_uprintf.abbuf  log.o
    0x20000c5d        -       0x00000200   Zero   RW         2255    .bss.log_uprintf.buf  log.o
    0x20000e5d   0x0800de44   0x00000003   PAD
    0x20000e60        -       0x00000130   Zero   RW         2034    .bss.status         status.o
    0x20000f90        -       0x00000001   Zero   RW         2007    .bss.update_or_driver  timer_it.o
    0x20000f91   0x0800de44   0x00000003   PAD
    0x20000f94        -       0x00000004   Zero   RW          575    .bss.uwTick         stm32g4xx_hal.o
    0x20000f98        -       0x00000200   Zero   RW            2    HEAP                startup_stm32g474xx.o
    0x20001198        -       0x00000400   Zero   RW            1    STACK               startup_stm32g474xx.o


==============================================================================

Image component sizes


      Code (inc. data)   RO Data    RW Data    ZI Data      Debug   Object Name

       444          0          0          0        204       7306   adc.o
       454          0          0          0          0       2044   button.o
        98          0          0          0          0       1382   buzzer.o
       764          0          0          0        258       2207   ccd.o
       334          0          0          0          0       3993   dma.o
       556          0          0          0          0       2559   gpio.o
       310         20          0          0          0       1476   gy901.o
       940          0          0          0        536       9616   i2c.o
       200          0          0          0          0       1441   led.o
        98          0          0          0        513       4237   log.o
       294          0          0          0          0       1690   main.o
       342          0          0          0          0       1255   pid.o
       320         24          0          0          0        909   servo.o
       218          0          0          0        100       5480   spi.o
        64         26        472          0       1536        848   startup_stm32g474xx.o
       480          8         13          0        304       3300   status.o
       222          0          0          8          4       8837   stm32g4xx_hal.o
      5026          0          0          0          0      22382   stm32g4xx_hal_adc.o
       786          0          0          0          0      19713   stm32g4xx_hal_adc_ex.o
       478          0          0          0          0       9863   stm32g4xx_hal_cortex.o
      1586          0          0          0          0       7771   stm32g4xx_hal_dma.o
       962          0          0          0          0       5308   stm32g4xx_hal_gpio.o
      6790          0          0          0          0      34125   stm32g4xx_hal_i2c.o
       314          0          0          0          0       6277   stm32g4xx_hal_i2c_ex.o
        72          0          0          0          0       1636   stm32g4xx_hal_msp.o
       454          0          0          0          0       7788   stm32g4xx_hal_pwr_ex.o
      3284          0          0          0          0       9523   stm32g4xx_hal_rcc.o
      1316          0          0          0          0      11699   stm32g4xx_hal_rcc_ex.o
       336          0          0          0          0      21601   stm32g4xx_hal_spi.o
      6694         22          0          0          0      37853   stm32g4xx_hal_tim.o
       862          0          0          0          0      21766   stm32g4xx_hal_tim_ex.o
      4528         48         24          0          0      27143   stm32g4xx_hal_uart.o
       562          0         16          0          0       8712   stm32g4xx_hal_uart_ex.o
       370          0          0          0          0       3068   stm32g4xx_it.o
        18          0         24          4          0       2688   system_stm32g4xx.o
      2310          0          0          0        608      13125   tim.o
       470          0          0          0          1       4509   timer_it.o
      1908          0          0          0       1344      10825   usart.o
      1392          0          0          0          0       3341   wheel.o

    ----------------------------------------------------------------------
     46816        148        584         12       5420     349296   Object Totals
         0          0         32          0          0          0   (incl. Generated)
       160          0          3          0         12          0   (incl. Padding)

    ----------------------------------------------------------------------

      Code (inc. data)   RO Data    RW Data    ZI Data      Debug   Library Member Name

         8          0          0          0          0         68   __main.o
       392          4         17          0          0         92   __printf_flags_ss_wp.o
        14          0          0          0          0         68   __printf_wp.o
         0          0          0          0          0          0   __rtentry.o
        12          0          0          0          0          0   __rtentry2.o
         6          0          0          0          0          0   __rtentry4.o
        94          8          0          0          0          0   __scatter.o
        26          0          0          0          0          0   __scatter_copy.o
        28          0          0          0          0          0   __scatter_zi.o
        72          0          0          0          0         96   _c16rtomb.o
         6          0          0          0          0          0   _printf_a.o
         6          0          0          0          0          0   _printf_c.o
        44          0          0          0          0        108   _printf_char.o
        48          6          0          0          0         96   _printf_char_common.o
        40          0          0          0          0         68   _printf_charcount.o
         6          0          0          0          0          0   _printf_d.o
       120         16          0          0          0         92   _printf_dec.o
         6          0          0          0          0          0   _printf_e.o
         6          0          0          0          0          0   _printf_f.o
      1052          0          0          0          0        148   _printf_fp_dec.o
       764          8         38          0          0        100   _printf_fp_hex.o
       128         16          0          0          0         84   _printf_fp_infnan.o
         6          0          0          0          0          0   _printf_g.o
       148          4         40          0          0        160   _printf_hex_int_ll_ptr.o
         6          0          0          0          0          0   _printf_i.o
       178          0          0          0          0         88   _printf_intcommon.o
        10          0          0          0          0          0   _printf_l.o
         6          0          0          0          0          0   _printf_lc.o
        10          0          0          0          0          0   _printf_ll.o
         6          0          0          0          0          0   _printf_lld.o
         6          0          0          0          0          0   _printf_lli.o
         6          0          0          0          0          0   _printf_llo.o
         6          0          0          0          0          0   _printf_llu.o
         6          0          0          0          0          0   _printf_llx.o
       124         16          0          0          0         92   _printf_longlong_dec.o
         6          0          0          0          0          0   _printf_ls.o
         6          0          0          0          0          0   _printf_n.o
         6          0          0          0          0          0   _printf_o.o
       112          8          0          0          0        124   _printf_oct_int_ll.o
         6          0          0          0          0          0   _printf_p.o
        78          0          0          0          0        108   _printf_pad.o
         0          0          0          0          0          0   _printf_percent.o
         4          0          0          0          0          0   _printf_percent_end.o
         6          0          0          0          0          0   _printf_s.o
        82          0          0          0          0         80   _printf_str.o
        36          0          0          0          0         84   _printf_truncate.o
         6          0          0          0          0          0   _printf_u.o
        44          0          0          0          0        108   _printf_wchar.o
       188          6          8          0          0         92   _printf_wctomb.o
         6          0          0          0          0          0   _printf_x.o
        16          0          0          0          0         68   _snputc.o
       228          4        148          0          0         96   bigflt0.o
      1936        128          0          0          0        668   btod.o
        18          0          0          0          0         80   exit.o
         6          0          0          0          0        152   heapauxi.o
         0          0          0          0          0          0   indicate_semi.o
        44         10        272          0          0         76   lc_ctype_c.o
        44         10         28          0          0         76   lc_numeric_c.o
         2          0          0          0          0          0   libinit.o
        34          0          0          0          0          0   libinit2.o
         2          0          0          0          0          0   libshutdown.o
         2          0          0          0          0          0   libshutdown2.o
         8          4          0          0         96         68   libspace.o
       138          0          0          0          0         80   lludiv10.o
       240          0          0          0          0        100   lludivv7m.o
        16          4          0          0          0         76   rt_ctype_table.o
         8          4          0          0          0         68   rt_locale_intlibspace.o
        78          0          0          0          0         80   rt_memclr_w.o
         2          0          0          0          0          0   rtexit.o
        10          0          0          0          0          0   rtexit2.o
       124          0          0          0          0         88   strcmpv7em.o
        12          4          0          0          0         68   sys_exit.o
        74          0          0          0          0         80   sys_stackheap_outer.o
         2          0          0          0          0         68   use_no_semi.o
        60          4          0          0          0         80   vsnprintf.o
        98          4          0          0          0        140   d2f.o
       812         16          0          0          0        392   daddsub_clz.o
        94          4          0          0          0        140   dfix.o
       340         12          0          0          0        152   dmul.o
       156          4          0          0          0        140   dnaninf.o
        12          0          0          0          0        116   dretinf.o
        86          4          0          0          0        132   f2d.o
       140          4          0          0          0        132   fnaninf.o
        26          0          0          0          0        116   fpinit.o
        10          0          0          0          0        116   fretinf.o
         4          0          0          0          0        116   printf1.o
         4          0          0          0          0        116   printf2.o
         0          0          0          0          0          0   usenofp.o
        48          0          0          0          0        124   fpclassify.o

    ----------------------------------------------------------------------
      8936        312        552          0         96       5960   Library Totals
        20          0          1          0          0          0   (incl. Padding)

    ----------------------------------------------------------------------

      Code (inc. data)   RO Data    RW Data    ZI Data      Debug   Library Name

      7086        264        551          0         96       4028   c_w.l
      1782         48          0          0          0       1808   fz_wm.l
        48          0          0          0          0        124   m_wm.l

    ----------------------------------------------------------------------
      8936        312        552          0         96       5960   Library Totals

    ----------------------------------------------------------------------

==============================================================================


      Code (inc. data)   RO Data    RW Data    ZI Data      Debug   

     55752        460       1136         12       5516     351252   Grand Totals
     55752        460       1136         12       5516     351252   ELF Image Totals
     55752        460       1136         12          0          0   ROM Totals

==============================================================================

    Total RO  Size (Code + RO Data)                56888 (  55.55kB)
    Total RW  Size (RW Data + ZI Data)              5528 (   5.40kB)
    Total ROM Size (Code + RO Data + RW Data)      56900 (  55.57kB)

==============================================================================

